Archive member included to satisfy reference by file (symbol)

app/libapp.a(main.c.obj)      (--whole-archive)
zephyr/libzephyr.a(heap.c.obj)
                              (--whole-archive)
zephyr/libzephyr.a(cbprintf_packaged.c.obj)
                              (--whole-archive)
zephyr/libzephyr.a(clock.c.obj)
                              (--whole-archive)
zephyr/libzephyr.a(printk.c.obj)
                              (--whole-archive)
zephyr/libzephyr.a(sem.c.obj)
                              (--whole-archive)
zephyr/libzephyr.a(thread_entry.c.obj)
                              (--whole-archive)
zephyr/libzephyr.a(cbprintf_complete.c.obj)
                              (--whole-archive)
zephyr/libzephyr.a(assert.c.obj)
                              (--whole-archive)
zephyr/libzephyr.a(mpsc_pbuf.c.obj)
                              (--whole-archive)
zephyr/libzephyr.a(dec.c.obj)
                              (--whole-archive)
zephyr/libzephyr.a(hex.c.obj)
                              (--whole-archive)
zephyr/libzephyr.a(rb.c.obj)  (--whole-archive)
zephyr/libzephyr.a(timeutil.c.obj)
                              (--whole-archive)
zephyr/libzephyr.a(bitarray.c.obj)
                              (--whole-archive)
zephyr/libzephyr.a(ring_buffer.c.obj)
                              (--whole-archive)
zephyr/libzephyr.a(last_section_id.c.obj)
                              (--whole-archive)
zephyr/libzephyr.a(configs.c.obj)
                              (--whole-archive)
zephyr/libzephyr.a(stm32cube_hal.c.obj)
                              (--whole-archive)
zephyr/libzephyr.a(soc_config.c.obj)
                              (--whole-archive)
zephyr/libzephyr.a(stm32_backup_domain.c.obj)
                              (--whole-archive)
zephyr/libzephyr.a(soc.c.obj)
                              (--whole-archive)
zephyr/libzephyr.a(log_core.c.obj)
                              (--whole-archive)
zephyr/libzephyr.a(log_mgmt.c.obj)
                              (--whole-archive)
zephyr/libzephyr.a(log_cache.c.obj)
                              (--whole-archive)
zephyr/libzephyr.a(log_msg.c.obj)
                              (--whole-archive)
zephyr/libzephyr.a(log_output.c.obj)
                              (--whole-archive)
zephyr/libzephyr.a(log_backend_uart.c.obj)
                              (--whole-archive)
zephyr/libzephyr.a(mem_attr.c.obj)
                              (--whole-archive)
zephyr/libzephyr.a(tracing_none.c.obj)
                              (--whole-archive)
zephyr/arch/common/libarch__common.a(sw_isr_common.c.obj)
                              (--whole-archive)
zephyr/arch/arch/arm/core/libarch__arm__core.a(fatal.c.obj)
                              (--whole-archive)
zephyr/arch/arch/arm/core/libarch__arm__core.a(nmi.c.obj)
                              (--whole-archive)
zephyr/arch/arch/arm/core/libarch__arm__core.a(nmi_on_reset.S.obj)
                              (--whole-archive)
zephyr/arch/arch/arm/core/libarch__arm__core.a(tls.c.obj)
                              (--whole-archive)
zephyr/arch/arch/arm/core/cortex_m/libarch__arm__core__cortex_m.a(exc_exit.c.obj)
                              (--whole-archive)
zephyr/arch/arch/arm/core/cortex_m/libarch__arm__core__cortex_m.a(fault.c.obj)
                              (--whole-archive)
zephyr/arch/arch/arm/core/cortex_m/libarch__arm__core__cortex_m.a(fault_s.S.obj)
                              (--whole-archive)
zephyr/arch/arch/arm/core/cortex_m/libarch__arm__core__cortex_m.a(fpu.c.obj)
                              (--whole-archive)
zephyr/arch/arch/arm/core/cortex_m/libarch__arm__core__cortex_m.a(reset.S.obj)
                              (--whole-archive)
zephyr/arch/arch/arm/core/cortex_m/libarch__arm__core__cortex_m.a(scb.c.obj)
                              (--whole-archive)
zephyr/arch/arch/arm/core/cortex_m/libarch__arm__core__cortex_m.a(thread_abort.c.obj)
                              (--whole-archive)
zephyr/arch/arch/arm/core/cortex_m/libarch__arm__core__cortex_m.a(vector_table.S.obj)
                              (--whole-archive)
zephyr/arch/arch/arm/core/cortex_m/libarch__arm__core__cortex_m.a(swap_helper.S.obj)
                              (--whole-archive)
zephyr/arch/arch/arm/core/cortex_m/libarch__arm__core__cortex_m.a(irq_manage.c.obj)
                              (--whole-archive)
zephyr/arch/arch/arm/core/cortex_m/libarch__arm__core__cortex_m.a(prep_c.c.obj)
                              (--whole-archive)
zephyr/arch/arch/arm/core/cortex_m/libarch__arm__core__cortex_m.a(thread.c.obj)
                              (--whole-archive)
zephyr/arch/arch/arm/core/cortex_m/libarch__arm__core__cortex_m.a(cpu_idle.c.obj)
                              (--whole-archive)
zephyr/arch/arch/arm/core/cortex_m/libarch__arm__core__cortex_m.a(irq_init.c.obj)
                              (--whole-archive)
zephyr/arch/arch/arm/core/cortex_m/libarch__arm__core__cortex_m.a(isr_wrapper.c.obj)
[...]
Memory Configuration

Name             Origin             Length             Attributes
FLASH            0x0000000008000000 0x0000000000200000 xr
RAM              0x0000000020000000 0x0000000000030000 xw
CCM              0x0000000010000000 0x0000000000010000 rw
SDRAM2           0x00000000d0000000 0x0000000000800000 rw
IDT_LIST         0x00000000ffff7fff 0x0000000000008000 xw
*default*        0x0000000000000000 0xffffffffffffffff

Linker script and memory map

                0x0000000008004180                vfprintf = __l_vfprintf
                0x0000000000000000                vfscanf = __l_vfscanf
LOAD zephyr/CMakeFiles/zephyr_pre0.dir/misc/empty_file.c.obj
LOAD zephyr/CMakeFiles/offsets.dir/./arch/arm/core/offsets/offsets.c.obj
LOAD app/libapp.a
LOAD zephyr/libzephyr.a
LOAD zephyr/arch/common/libarch__common.a
LOAD zephyr/arch/arch/arm/core/libarch__arm__core.a
LOAD zephyr/arch/arch/arm/core/cortex_m/libarch__arm__core__cortex_m.a
LOAD zephyr/arch/arch/arm/core/mpu/libarch__arm__core__mpu.a
LOAD zephyr/lib/libc/picolibc/liblib__libc__picolibc.a
LOAD zephyr/lib/libc/common/liblib__libc__common.a
LOAD zephyr/drivers/interrupt_controller/libdrivers__interrupt_controller.a
LOAD zephyr/drivers/clock_control/libdrivers__clock_control.a
LOAD zephyr/drivers/console/libdrivers__console.a
LOAD zephyr/drivers/gpio/libdrivers__gpio.a
LOAD zephyr/drivers/pinctrl/libdrivers__pinctrl.a
LOAD zephyr/drivers/reset/libdrivers__reset.a
LOAD zephyr/drivers/serial/libdrivers__serial.a
LOAD zephyr/drivers/timer/libdrivers__timer.a
LOAD modules/hal_stm32/stm32cube/lib..__modules__hal__stm32__stm32cube.a
LOAD zephyr/kernel/libkernel.a
LOAD zephyr/arch/common/libisr_tables.a
LOAD c:\zephyr-sdk-0.17.2\arm-zephyr-eabi\bin\../lib/gcc/../../picolibc/arm-zephyr-eabi/lib/thumb/v7e-m/nofp\libc.a
LOAD c:/zephyr-sdk-0.17.2/arm-zephyr-eabi/bin/../lib/gcc/arm-zephyr-eabi/12.2.0/thumb/v7e-m/nofp\libgcc.a
                0x0000000000000020                _region_min_align = 0x20

.rel.plt        0x0000000008000000        0x0
 *(SORT_BY_ALIGNMENT(.rel.plt))
                [!provide]                        PROVIDE (__rel_iplt_start = .)
 *(SORT_BY_ALIGNMENT(.rel.iplt))
 .rel.iplt      0x0000000008000000        0x0 app/libapp.a(main.c.obj)
                [!provide]                        PROVIDE (__rel_iplt_end = .)

.rela.plt       0x0000000000000000        0x0
 *(SORT_BY_ALIGNMENT(.rela.plt))
                [!provide]                        PROVIDE (__rela_iplt_start = .)
 *(SORT_BY_ALIGNMENT(.rela.iplt))
                [!provide]                        PROVIDE (__rela_iplt_end = .)

.rel.dyn
 *(SORT_BY_ALIGNMENT(.rel.*))

.rela.dyn
 *(SORT_BY_ALIGNMENT(.rela.*))

/DISCARD/
 *(SORT_BY_ALIGNMENT(.plt))

/DISCARD/
 *(SORT_BY_ALIGNMENT(.iplt))
                0x0000000008000000                __rom_region_start = 0x8000000

rom_start       0x0000000008000000      0x1ac
                0x0000000008000000                __rom_start_address = .
 FILL mask 0x00
                0x0000000008000000                . = (. + (0x0 - (. - __rom_start_address)))
                0x0000000008000000                . = ALIGN (0x4)
                0x0000000008000000                . = ALIGN (0x80)
                0x0000000008000000                . = ALIGN (0x200)
                0x0000000008000000                _vector_start = .
 *(SORT_BY_ALIGNMENT(.exc_vector_table))
 *(SORT_BY_ALIGNMENT(.exc_vector_table.*))
 .exc_vector_table._vector_table_section
                0x0000000008000000       0x40 zephyr/arch/arch/arm/core/cortex_m/libarch__arm__core__cortex_m.a(vector_table.S.obj)
                0x0000000008000000                _vector_table
 *(SORT_BY_ALIGNMENT(.vectors))
                0x00000000080001ac                _vector_end = .
                0x0000000008000040                . = ALIGN (0x4)
 *(SORT_BY_ALIGNMENT(.gnu.linkonce.irq_vector_table*))
 .gnu.linkonce.irq_vector_table
                0x0000000008000040      0x16c zephyr/arch/common/libisr_tables.a(isr_tables.c.obj)
                0x0000000008000040                _irq_vector_table
                0x00000000080001ac                _vector_end = .

text            0x00000000080001ac     0x58c4
                0x00000000080001ac                __text_region_start = .
 *(SORT_BY_ALIGNMENT(.text))
 .text          0x00000000080001ac       0x30 c:/zephyr-sdk-0.17.2/arm-zephyr-eabi/bin/../lib/gcc/arm-zephyr-eabi/12.2.0/thumb/v7e-m/nofp\libgcc.a(_aeabi_uldivmod.o)
                0x00000000080001ac                __aeabi_uldivmod
 .text          0x00000000080001dc        0x4 c:/zephyr-sdk-0.17.2/arm-zephyr-eabi/bin/../lib/gcc/arm-zephyr-eabi/12.2.0/thumb/v7e-m/nofp\libgcc.a(_dvmd_tls.o)
                0x00000000080001dc                __aeabi_idiv0
                0x00000000080001dc                __aeabi_ldiv0
 .text          0x00000000080001e0       0x10 c:\zephyr-sdk-0.17.2\arm-zephyr-eabi\bin\../lib/gcc/../../picolibc/arm-zephyr-eabi/lib/thumb/v7e-m/nofp\libc.a(strlen.S.o)
                0x00000000080001e0                strlen
 .text          0x00000000080001f0      0x2a0 c:/zephyr-sdk-0.17.2/arm-zephyr-eabi/bin/../lib/gcc/arm-zephyr-eabi/12.2.0/thumb/v7e-m/nofp\libgcc.a(_udivmoddi4.o)
                0x00000000080001f0                __udivmoddi4
 *(SORT_BY_ALIGNMENT(.text.*))
 .text.led_task
                0x0000000008000490       0x44 app/libapp.a(main.c.obj)
                0x0000000008000490                led_task
 .text.main     0x00000000080004d4       0xc4 app/libapp.a(main.c.obj)
                0x00000000080004d4                main
 .text.cbvprintf_package
                0x0000000008000598      0x3a4 zephyr/libzephyr.a(cbprintf_packaged.c.obj)
                0x0000000008000598                cbvprintf_package
 .text.cbprintf_package_convert
                0x000000000800093c      0x3cc zephyr/libzephyr.a(cbprintf_packaged.c.obj)
                0x000000000800093c                cbprintf_package_convert
 .text.__printk_hook_install
                0x0000000008000d08        0xc zephyr/libzephyr.a(printk.c.obj)
                0x0000000008000d08                __printk_hook_install
 .text.z_thread_entry
                0x0000000008000d14       0x34 zephyr/libzephyr.a(thread_entry.c.obj)
                0x0000000008000d14                z_thread_entry
 .text.st_stm32_common_config
                0x0000000008000d48       0x14 zephyr/libzephyr.a(soc_config.c.obj)
 .text.soc_early_init_hook
                0x0000000008000d5c       0x30 zephyr/libzephyr.a(soc.c.obj)
                0x0000000008000d5c                soc_early_init_hook
 .text.activate_foreach_backend
                0x0000000008000d8c       0x64 zephyr/libzephyr.a(log_core.c.obj)
 .text.enable_logger
                0x0000000008000df0       0x5c zephyr/libzephyr.a(log_core.c.obj)
 .text.log_process_thread_timer_expiry_fn
                0x0000000008000e4c        0xc zephyr/libzephyr.a(log_core.c.obj)
 .text.z_log_init
                0x0000000008000e58       0x94 zephyr/libzephyr.a(log_core.c.obj)
 .text.log_format_func_t_get
                0x0000000008000eec        0xc zephyr/libzephyr.a(log_core.c.obj)
                0x0000000008000eec                log_format_func_t_get
 .text.log_set_timestamp_func
                0x0000000008000ef8       0x20 zephyr/libzephyr.a(log_core.c.obj)
                0x0000000008000ef8                log_set_timestamp_func
 .text.z_log_notify_backend_enabled
                0x0000000008000f18       0x1c zephyr/libzephyr.a(log_core.c.obj)
                0x0000000008000f18                z_log_notify_backend_enabled
 .text.z_log_dropped
                0x0000000008000f34       0x44 zephyr/libzephyr.a(log_core.c.obj)
                0x0000000008000f34                z_log_dropped
 .text.z_log_dropped_read_and_clear
                0x0000000008000f78       0x20 zephyr/libzephyr.a(log_core.c.obj)
                0x0000000008000f78                z_log_dropped_read_and_clear
 .text.dropped_notify
                0x0000000008000f98       0x30 zephyr/libzephyr.a(log_core.c.obj)
                0x0000000008000f98                dropped_notify
 .text.z_log_msg_init
                0x0000000008000fc8       0x20 zephyr/libzephyr.a(log_core.c.obj)
                0x0000000008000fc8                z_log_msg_init
 .text.log_core_init
                0x0000000008000fe8       0x50 zephyr/libzephyr.a(log_core.c.obj)
                0x0000000008000fe8                log_core_init
 .text.z_log_msg_alloc
                0x0000000008001038       0x10 zephyr/libzephyr.a(log_core.c.obj)
                0x0000000008001038                z_log_msg_alloc
 .text.z_log_msg_local_claim
                0x0000000008001048        0xc zephyr/libzephyr.a(log_core.c.obj)
                0x0000000008001048                z_log_msg_local_claim
 .text.z_log_msg_free
                0x0000000008001054       0x10 zephyr/libzephyr.a(log_core.c.obj)
                0x0000000008001054                z_log_msg_free
 .text.z_log_msg_pending
                0x0000000008001064        0xc zephyr/libzephyr.a(log_core.c.obj)
                0x0000000008001064                z_log_msg_pending
 .text.z_impl_log_process
                0x0000000008001070       0xb4 zephyr/libzephyr.a(log_core.c.obj)
                0x0000000008001070                z_impl_log_process
 .text.z_impl_log_panic
                0x0000000008001124       0x44 zephyr/libzephyr.a(log_core.c.obj)
                0x0000000008001124                z_impl_log_panic
 .text.log_process_thread_func
                0x0000000008001168       0xa4 zephyr/libzephyr.a(log_core.c.obj)
 .text.z_log_msg_post_finalize
                0x000000000800120c       0x78 zephyr/libzephyr.a(log_core.c.obj)
 .text.z_log_msg_commit
                0x0000000008001284       0x24 zephyr/libzephyr.a(log_core.c.obj)
                0x0000000008001284                z_log_msg_commit
 .text.log_source_name_get
                0x00000000080012a8       0x1c zephyr/libzephyr.a(log_mgmt.c.obj)
                0x00000000080012a8                log_source_name_get
 .text.z_impl_z_log_msg_static_create
                0x00000000080012c4      0x108 zephyr/libzephyr.a(log_msg.c.obj)
                0x00000000080012c4                z_impl_z_log_msg_static_create
 .text.z_log_msg_runtime_vcreate
                0x00000000080013cc       0xa0 zephyr/libzephyr.a(log_msg.c.obj)
                0x00000000080013cc                z_log_msg_runtime_vcreate
 .text.log_msg_get_source_id
                0x000000000800146c       0x18 zephyr/libzephyr.a(log_msg.c.obj)
                0x000000000800146c                log_msg_get_source_id
 .text.print_formatted
                0x0000000008001484       0x24 zephyr/libzephyr.a(log_output.c.obj)
 .text.newline_print
                0x00000000080014a8       0x1c zephyr/libzephyr.a(log_output.c.obj)
 .text.log_output_process
                0x00000000080014c4      0x2d4 zephyr/libzephyr.a(log_output.c.obj)
                0x00000000080014c4                log_output_process
 .text.log_output_dropped_process
                0x0000000008001798       0x58 zephyr/libzephyr.a(log_output.c.obj)
                0x0000000008001798                log_output_dropped_process
 .text.log_output_timestamp_freq_set
                0x00000000080017f0       0x2c zephyr/libzephyr.a(log_output.c.obj)
                0x00000000080017f0                log_output_timestamp_freq_set
 .text.char_out
                0x000000000800181c       0x24 zephyr/libzephyr.a(log_backend_uart.c.obj)
 .text.mem_attr_get_regions
                0x0000000008001840        0xc zephyr/libzephyr.a(mem_attr.c.obj)
                0x0000000008001840                mem_attr_get_regions
 .text.z_arm_fatal_error
                0x000000000800184c       0xb8 zephyr/arch/arch/arm/core/libarch__arm__core.a(fatal.c.obj)
                0x000000000800184c                z_arm_fatal_error
 .text.z_SysNmiOnReset
                0x0000000008001904        0x8 zephyr/arch/arch/arm/core/libarch__arm__core.a(nmi_on_reset.S.obj)
                0x0000000008001904                z_SysNmiOnReset
 .text.arch_tls_stack_setup
                0x000000000800190c       0x40 zephyr/arch/arch/arm/core/libarch__arm__core.a(tls.c.obj)
                0x000000000800190c                arch_tls_stack_setup
 .text._HandlerModeExit
                0x000000000800194c       0x20 zephyr/arch/arch/arm/core/cortex_m/libarch__arm__core__cortex_m.a(exc_exit.c.obj)
                0x000000000800194c                z_arm_int_exit
                0x000000000800194c                z_arm_exc_exit
 .text.bus_fault.constprop.0
                0x000000000800196c       0xd0 zephyr/arch/arch/arm/core/cortex_m/libarch__arm__core__cortex_m.a(fault.c.obj)
 .text.usage_fault.constprop.0
                0x0000000008001a3c       0xa8 zephyr/arch/arch/arm/core/cortex_m/libarch__arm__core__cortex_m.a(fault.c.obj)
 .text.mem_manage_fault
                0x0000000008001ae4      0x104 zephyr/arch/arch/arm/core/cortex_m/libarch__arm__core__cortex_m.a(fault.c.obj)
 .text.z_arm_fault
                0x0000000008001be8      0x1d4 zephyr/arch/arch/arm/core/cortex_m/libarch__arm__core__cortex_m.a(fault.c.obj)
                0x0000000008001be8                z_arm_fault
 .text.z_arm_fault_init
                0x0000000008001dbc       0x18 zephyr/arch/arch/arm/core/cortex_m/libarch__arm__core__cortex_m.a(fault.c.obj)
                0x0000000008001dbc                z_arm_fault_init
 .text.__fault  0x0000000008001dd4       0x14 zephyr/arch/arch/arm/core/cortex_m/libarch__arm__core__cortex_m.a(fault_s.S.obj)
                0x0000000008001dd4                z_arm_usage_fault
                0x0000000008001dd4                z_arm_mpu_fault
                0x0000000008001dd4                z_arm_exc_spurious
                0x0000000008001dd4                z_arm_debug_monitor
                0x0000000008001dd4                z_arm_hard_fault
                0x0000000008001dd4                z_arm_bus_fault
 .text._reset_section
                0x0000000008001de8       0x34 zephyr/arch/arch/arm/core/cortex_m/libarch__arm__core__cortex_m.a(reset.S.obj)
                0x0000000008001de8                __start
                0x0000000008001de8                z_arm_reset
 .text.z_impl_k_thread_abort
                0x0000000008001e1c       0x2c zephyr/arch/arch/arm/core/cortex_m/libarch__arm__core__cortex_m.a(thread_abort.c.obj)
                0x0000000008001e1c                z_impl_k_thread_abort
 .text.z_arm_pendsv
                0x0000000008001e48       0x60 zephyr/arch/arch/arm/core/cortex_m/libarch__arm__core__cortex_m.a(swap_helper.S.obj)
                0x0000000008001e48                z_arm_pendsv
 .text.z_arm_svc
                0x0000000008001ea8       0x24 zephyr/arch/arch/arm/core/cortex_m/libarch__arm__core__cortex_m.a(swap_helper.S.obj)
                0x0000000008001ea8                z_arm_svc
 .text.arm_irq_enable
                0x0000000008001ecc       0x1c zephyr/arch/arch/arm/core/cortex_m/libarch__arm__core__cortex_m.a(irq_manage.c.obj)
                0x0000000008001ecc                arm_irq_enable
 .text.arm_irq_priority_set
                0x0000000008001ee8       0x30 zephyr/arch/arch/arm/core/cortex_m/libarch__arm__core__cortex_m.a(irq_manage.c.obj)
                0x0000000008001ee8                arm_irq_priority_set
 .text.relocate_vector_table
                0x0000000008001f18       0x1c zephyr/arch/arch/arm/core/cortex_m/libarch__arm__core__cortex_m.a(prep_c.c.obj)
                0x0000000008001f18                relocate_vector_table
 .text.z_prep_c
                0x0000000008001f34       0x38 zephyr/arch/arch/arm/core/cortex_m/libarch__arm__core__cortex_m.a(prep_c.c.obj)
                0x0000000008001f34                z_prep_c
 .text.arch_new_thread
                0x0000000008001f6c       0x38 zephyr/arch/arch/arm/core/cortex_m/libarch__arm__core__cortex_m.a(thread.c.obj)
                0x0000000008001f6c                arch_new_thread
 .text.z_check_thread_stack_fail
                0x0000000008001fa4       0x2c zephyr/arch/arch/arm/core/cortex_m/libarch__arm__core__cortex_m.a(thread.c.obj)
                0x0000000008001fa4                z_check_thread_stack_fail
 .text.arch_switch_to_main_thread
                0x0000000008001fd0       0x3c zephyr/arch/arch/arm/core/cortex_m/libarch__arm__core__cortex_m.a(thread.c.obj)
                0x0000000008001fd0                arch_switch_to_main_thread
 .text.z_arm_cpu_idle_init
                0x000000000800200c        0xc zephyr/arch/arch/arm/core/cortex_m/libarch__arm__core__cortex_m.a(cpu_idle.c.obj)
                0x000000000800200c                z_arm_cpu_idle_init
 .text.z_arm_interrupt_init
                0x0000000008002018       0x18 zephyr/arch/arch/arm/core/cortex_m/libarch__arm__core__cortex_m.a(irq_init.c.obj)
                0x0000000008002018                z_arm_interrupt_init
 .text._isr_wrapper
                0x0000000008002030       0x24 zephyr/arch/arch/arm/core/cortex_m/libarch__arm__core__cortex_m.a(isr_wrapper.c.obj)
                0x0000000008002030                _isr_wrapper
 .text.z_arm_configure_static_mpu_regions
                0x0000000008002054       0x18 zephyr/arch/arch/arm/core/mpu/libarch__arm__core__mpu.a(arm_core_mpu.c.obj)
                0x0000000008002054                z_arm_configure_static_mpu_regions
 .text.z_arm_configure_dynamic_mpu_regions
                0x000000000800206c       0x20 zephyr/arch/arch/arm/core/mpu/libarch__arm__core__mpu.a(arm_core_mpu.c.obj)
                0x000000000800206c                z_arm_configure_dynamic_mpu_regions
 .text.region_allocate_and_init
                0x000000000800208c       0x54 zephyr/arch/arch/arm/core/mpu/libarch__arm__core__mpu.a(arm_mpu.c.obj)
 .text.mpu_configure_regions
                0x00000000080020e0       0x68 zephyr/arch/arch/arm/core/mpu/libarch__arm__core__mpu.a(arm_mpu.c.obj)
 .text.arm_core_mpu_enable
                0x0000000008002148       0x18 zephyr/arch/arch/arm/core/mpu/libarch__arm__core__mpu.a(arm_mpu.c.obj)
                0x0000000008002148                arm_core_mpu_enable
 .text.arm_core_mpu_disable
                0x0000000008002160       0x14 zephyr/arch/arch/arm/core/mpu/libarch__arm__core__mpu.a(arm_mpu.c.obj)
                0x0000000008002160                arm_core_mpu_disable
 .text.arm_core_mpu_configure_static_mpu_regions
                0x0000000008002174       0x14 zephyr/arch/arch/arm/core/mpu/libarch__arm__core__mpu.a(arm_mpu.c.obj)
                0x0000000008002174                arm_core_mpu_configure_static_mpu_regions
 .text.arm_core_mpu_configure_dynamic_mpu_regions
                0x0000000008002188       0x38 zephyr/arch/arch/arm/core/mpu/libarch__arm__core__mpu.a(arm_mpu.c.obj)
                0x0000000008002188                arm_core_mpu_configure_dynamic_mpu_regions
 .text.z_arm_mpu_init
                0x00000000080021c0      0x17c zephyr/arch/arch/arm/core/mpu/libarch__arm__core__mpu.a(arm_mpu.c.obj)
                0x00000000080021c0                z_arm_mpu_init
 .text.cbvprintf
                0x000000000800233c       0x38 zephyr/lib/libc/picolibc/liblib__libc__picolibc.a(cbprintf.c.obj)
                0x000000000800233c                cbvprintf
 .text.z_impl_zephyr_fputc
                0x0000000008002374       0x10 zephyr/lib/libc/picolibc/liblib__libc__picolibc.a(stdio.c.obj)
                0x0000000008002374                z_impl_zephyr_fputc
 .text.__stdout_hook_install
                0x0000000008002384       0x18 zephyr/lib/libc/picolibc/liblib__libc__picolibc.a(stdio.c.obj)
                0x0000000008002384                __stdout_hook_install
 .text.malloc_prepare
                0x000000000800239c       0x24 zephyr/lib/libc/common/liblib__libc__common.a(malloc.c.obj)
 .text.stm32_exti_isr
                0x00000000080023c0       0x50 zephyr/drivers/interrupt_controller/libdrivers__interrupt_controller.a(intc_exti_stm32.c.obj)
 .text.stm32_fill_irq_table
                0x0000000008002410       0x18 zephyr/drivers/interrupt_controller/libdrivers__interrupt_controller.a(intc_exti_stm32.c.obj)
 .text.stm32_exti_init
                0x0000000008002428       0xb4 zephyr/drivers/interrupt_controller/libdrivers__interrupt_controller.a(intc_exti_stm32.c.obj)
 .text.stm32_gpio_intc_enable_line
                0x00000000080024dc       0x2c zephyr/drivers/interrupt_controller/libdrivers__interrupt_controller.a(intc_exti_stm32.c.obj)
                0x00000000080024dc                stm32_gpio_intc_enable_line
 .text.stm32_gpio_intc_disable_line
                0x0000000008002508       0x10 zephyr/drivers/interrupt_controller/libdrivers__interrupt_controller.a(intc_exti_stm32.c.obj)
                0x0000000008002508                stm32_gpio_intc_disable_line
 .text.stm32_gpio_intc_select_line_trigger
                0x0000000008002518       0x50 zephyr/drivers/interrupt_controller/libdrivers__interrupt_controller.a(intc_exti_stm32.c.obj)
                0x0000000008002518                stm32_gpio_intc_select_line_trigger
 .text.stm32_gpio_intc_set_irq_callback
                0x0000000008002568       0x40 zephyr/drivers/interrupt_controller/libdrivers__interrupt_controller.a(intc_exti_stm32.c.obj)
                0x0000000008002568                stm32_gpio_intc_set_irq_callback
 .text.stm32_gpio_intc_remove_irq_callback
                0x00000000080025a8       0x24 zephyr/drivers/interrupt_controller/libdrivers__interrupt_controller.a(intc_exti_stm32.c.obj)
                0x00000000080025a8                stm32_gpio_intc_remove_irq_callback
 .text.stm32_exti_get_line_src_port
                0x00000000080025cc       0x30 zephyr/drivers/interrupt_controller/libdrivers__interrupt_controller.a(intc_exti_stm32.c.obj)
                0x00000000080025cc                stm32_exti_get_line_src_port
 .text.stm32_clock_control_get_subsys_rate
                0x00000000080025fc       0xa0 zephyr/drivers/clock_control/libdrivers__clock_control.a(clock_stm32_ll_common.c.obj)
 .text.stm32_clock_control_init
                0x000000000800269c      0x124 zephyr/drivers/clock_control/libdrivers__clock_control.a(clock_stm32_ll_common.c.obj)
                0x000000000800269c                stm32_clock_control_init
 .text.get_pllsrc_frequency
                0x00000000080027c0        0x8 zephyr/drivers/clock_control/libdrivers__clock_control.a(clock_stm32f2_f4_f7.c.obj)
                0x00000000080027c0                get_pllsrc_frequency
 .text.config_pll_sysclock
                0x00000000080027c8       0x38 zephyr/drivers/clock_control/libdrivers__clock_control.a(clock_stm32f2_f4_f7.c.obj)
                0x00000000080027c8                config_pll_sysclock
 .text.config_enable_default_clocks
                0x0000000008002800       0x20 zephyr/drivers/clock_control/libdrivers__clock_control.a(clock_stm32f2_f4_f7.c.obj)
                0x0000000008002800                config_enable_default_clocks
 .text.uart_console_init
                0x0000000008002820       0x28 zephyr/drivers/console/libdrivers__console.a(uart_console.c.obj)
 .text.console_out
                0x0000000008002848       0x28 zephyr/drivers/console/libdrivers__console.a(uart_console.c.obj)
 .text.gpio_stm32_pin_interrupt_configure
                0x0000000008002870       0xb0 zephyr/drivers/gpio/libdrivers__gpio.a(gpio_stm32.c.obj)
 .text.gpio_stm32_init
                0x0000000008002920       0x38 zephyr/drivers/gpio/libdrivers__gpio.a(gpio_stm32.c.obj)
 .text.pinctrl_configure_pins
                0x0000000008002958       0x84 zephyr/drivers/pinctrl/libdrivers__pinctrl.a(pinctrl_stm32.c.obj)
                0x0000000008002958                pinctrl_configure_pins
 .text.uart_stm32_set_baudrate.part.0
                0x00000000080029dc       0x14 zephyr/drivers/serial/libdrivers__serial.a(uart_stm32.c.obj)
 .text.uart_stm32_parameters_set
                0x00000000080029f0       0xf8 zephyr/drivers/serial/libdrivers__serial.a(uart_stm32.c.obj)
 .text.uart_stm32_init
                0x0000000008002ae8       0xe8 zephyr/drivers/serial/libdrivers__serial.a(uart_stm32.c.obj)
 .text.uart_stm32_configure
                0x0000000008002bd0      0x144 zephyr/drivers/serial/libdrivers__serial.a(uart_stm32.c.obj)
 .text.elapsed  0x0000000008002d14       0x4c zephyr/drivers/timer/libdrivers__timer.a(cortex_m_systick.c.obj)
 .text.sys_clock_driver_init
                0x0000000008002d60       0x38 zephyr/drivers/timer/libdrivers__timer.a(cortex_m_systick.c.obj)
 .text.sys_clock_isr
                0x0000000008002d98       0x60 zephyr/drivers/timer/libdrivers__timer.a(cortex_m_systick.c.obj)
                0x0000000008002d98                sys_clock_isr
 .text.sys_clock_set_timeout
                0x0000000008002df8       0xf8 zephyr/drivers/timer/libdrivers__timer.a(cortex_m_systick.c.obj)
                0x0000000008002df8                sys_clock_set_timeout
 .text.sys_clock_elapsed
                0x0000000008002ef0       0x3c zephyr/drivers/timer/libdrivers__timer.a(cortex_m_systick.c.obj)
                0x0000000008002ef0                sys_clock_elapsed
 .text.HAL_RCC_GetSysClockFreq
                0x0000000008002f2c       0x5c modules/hal_stm32/stm32cube/lib..__modules__hal__stm32__stm32cube.a(stm32f4xx_hal_rcc.c.obj)
                0x0000000008002f2c                HAL_RCC_GetSysClockFreq
 .text.LL_SetFlashLatency
                0x0000000008002f88      0x1bc modules/hal_stm32/stm32cube/lib..__modules__hal__stm32__stm32cube.a(stm32f4xx_ll_utils.c.obj)
                0x0000000008002f88                LL_SetFlashLatency
 .text.k_sys_fatal_error_handler
                0x0000000008003144       0x20 zephyr/kernel/libkernel.a(fatal.c.obj)
                0x0000000008003144                k_sys_fatal_error_handler
 .text.z_fatal_error
                0x0000000008003164       0xe8 zephyr/kernel/libkernel.a(fatal.c.obj)
                0x0000000008003164                z_fatal_error
 .text.z_sys_init_run_level
                0x000000000800324c       0x30 zephyr/kernel/libkernel.a(init.c.obj)
 .text.bg_thread_main
                0x000000000800327c       0xc0 zephyr/kernel/libkernel.a(init.c.obj)
 .text.z_bss_zero
                0x000000000800333c       0x2c zephyr/kernel/libkernel.a(init.c.obj)
                0x000000000800333c                z_bss_zero
 .text.z_init_cpu
                0x0000000008003368       0x70 zephyr/kernel/libkernel.a(init.c.obj)
                0x0000000008003368                z_init_cpu
 .text.z_cstart
                0x00000000080033d8       0xd4 zephyr/kernel/libkernel.a(init.c.obj)
                0x00000000080033d8                z_cstart
 .text.z_impl_k_sem_give
                0x00000000080034ac       0x68 zephyr/kernel/libkernel.a(sem.c.obj)
                0x00000000080034ac                z_impl_k_sem_give
 .text.z_impl_k_sem_take
                0x0000000008003514       0x4c zephyr/kernel/libkernel.a(sem.c.obj)
                0x0000000008003514                z_impl_k_sem_take
 .text.z_setup_new_thread
                0x0000000008003560       0x98 zephyr/kernel/libkernel.a(thread.c.obj)
                0x0000000008003560                z_setup_new_thread
 .text.z_impl_k_thread_create
                0x00000000080035f8       0x58 zephyr/kernel/libkernel.a(thread.c.obj)
                0x00000000080035f8                z_impl_k_thread_create
 .text.z_dummy_thread_init
                0x0000000008003650       0x18 zephyr/kernel/libkernel.a(thread.c.obj)
                0x0000000008003650                z_dummy_thread_init
 .text.z_swap_irqlock
                0x0000000008003668       0x30 zephyr/kernel/libkernel.a(sched.c.obj)
 .text.ready_thread
                0x0000000008003698       0x84 zephyr/kernel/libkernel.a(sched.c.obj)
 .text.unready_thread
                0x000000000800371c       0x54 zephyr/kernel/libkernel.a(sched.c.obj)
 .text.add_thread_timeout
                0x0000000008003770       0x1c zephyr/kernel/libkernel.a(sched.c.obj)
 .text.move_thread_to_end_of_prio_q
                0x000000000800378c       0x90 zephyr/kernel/libkernel.a(sched.c.obj)
                0x000000000800378c                move_thread_to_end_of_prio_q
 .text.z_pend_curr
                0x000000000800381c       0x44 zephyr/kernel/libkernel.a(sched.c.obj)
                0x000000000800381c                z_pend_curr
 .text.z_reschedule
                0x0000000008003860       0x24 zephyr/kernel/libkernel.a(sched.c.obj)
                0x0000000008003860                z_reschedule
 .text.z_reschedule_irqlock
                0x0000000008003884       0x28 zephyr/kernel/libkernel.a(sched.c.obj)
                0x0000000008003884                z_reschedule_irqlock
 .text.k_sched_lock
                0x00000000080038ac       0x28 zephyr/kernel/libkernel.a(sched.c.obj)
                0x00000000080038ac                k_sched_lock
 .text.k_sched_unlock
                0x00000000080038d4       0x68 zephyr/kernel/libkernel.a(sched.c.obj)
                0x00000000080038d4                k_sched_unlock
 .text.z_sched_init
                0x000000000800393c       0x10 zephyr/kernel/libkernel.a(sched.c.obj)
                0x000000000800393c                z_sched_init
 .text.z_impl_k_yield
                0x000000000800394c       0x88 zephyr/kernel/libkernel.a(sched.c.obj)
                0x000000000800394c                z_impl_k_yield
 .text.z_tick_sleep
                0x00000000080039d4       0x78 zephyr/kernel/libkernel.a(sched.c.obj)
 .text.z_impl_k_wakeup
                0x0000000008003a4c       0x48 zephyr/kernel/libkernel.a(sched.c.obj)
                0x0000000008003a4c                z_impl_k_wakeup
 .text.z_impl_k_sched_current_thread_query
                0x0000000008003a94        0xc zephyr/kernel/libkernel.a(sched.c.obj)
                0x0000000008003a94                z_impl_k_sched_current_thread_query
 .text.z_thread_abort
                0x0000000008003aa0      0x138 zephyr/kernel/libkernel.a(sched.c.obj)
                0x0000000008003aa0                z_thread_abort
 .text.slice_timeout
                0x0000000008003bd8       0x20 zephyr/kernel/libkernel.a(timeslicing.c.obj)
 .text.thread_is_sliceable
                0x0000000008003bf8       0x3c zephyr/kernel/libkernel.a(timeslicing.c.obj)
                0x0000000008003bf8                thread_is_sliceable
 .text.z_reset_time_slice
                0x0000000008003c34       0x50 zephyr/kernel/libkernel.a(timeslicing.c.obj)
                0x0000000008003c34                z_reset_time_slice
 .text.z_time_slice
                0x0000000008003c84       0x60 zephyr/kernel/libkernel.a(timeslicing.c.obj)
                0x0000000008003c84                z_time_slice
 .text.z_data_copy
                0x0000000008003ce4       0x50 zephyr/kernel/libkernel.a(xip.c.obj)
                0x0000000008003ce4                z_data_copy
 .text.first    0x0000000008003d34       0x10 zephyr/kernel/libkernel.a(timeout.c.obj)
 .text.elapsed  0x0000000008003d44       0x14 zephyr/kernel/libkernel.a(timeout.c.obj)
 .text.remove_timeout
                0x0000000008003d58       0x38 zephyr/kernel/libkernel.a(timeout.c.obj)
 .text.z_add_timeout
                0x0000000008003d90      0x120 zephyr/kernel/libkernel.a(timeout.c.obj)
                0x0000000008003d90                z_add_timeout
 .text.sys_clock_announce
                0x0000000008003eb0       0xc0 zephyr/kernel/libkernel.a(timeout.c.obj)
                0x0000000008003eb0                sys_clock_announce
 .text.sys_clock_tick_get
                0x0000000008003f70       0x30 zephyr/kernel/libkernel.a(timeout.c.obj)
                0x0000000008003f70                sys_clock_tick_get
 .text.z_timer_expiration_handler
                0x0000000008003fa0      0x110 zephyr/kernel/libkernel.a(timer.c.obj)
                0x0000000008003fa0                z_timer_expiration_handler
 .text.z_impl_k_timer_start
                0x00000000080040b0       0x70 zephyr/kernel/libkernel.a(timer.c.obj)
                0x00000000080040b0                z_impl_k_timer_start
 .text.boot_banner
                0x0000000008004120        0xc zephyr/kernel/libkernel.a(banner.c.obj)
                0x0000000008004120                boot_banner
 .text.snprintf
                0x000000000800412c       0x54 c:\zephyr-sdk-0.17.2\arm-zephyr-eabi\bin\../lib/gcc/../../picolibc/arm-zephyr-eabi/lib/thumb/v7e-m/nofp\libc.a(libc_tinystdio_snprintf.c.o)
                0x000000000800412c                snprintf
 .text.__l_vfprintf
                0x0000000008004180      0x4b8 c:\zephyr-sdk-0.17.2\arm-zephyr-eabi\bin\../lib/gcc/../../picolibc/arm-zephyr-eabi/lib/thumb/v7e-m/nofp\libc.a(libc_tinystdio_vflprintf.c.o)
                0x0000000008004180                __l_vfprintf
 .text._OffsetAbsSyms
                0x0000000008004638        0x2 zephyr/CMakeFiles/offsets.dir/./arch/arm/core/offsets/offsets.c.obj
                0x0000000008004638                _OffsetAbsSyms
 .text.chunk_size
                0x000000000800463a        0xa zephyr/libzephyr.a(heap.c.obj)
 .text.free_list_add
                0x0000000008004644       0x4e zephyr/libzephyr.a(heap.c.obj)
 .text.sys_heap_init
                0x0000000008004692       0x7a zephyr/libzephyr.a(heap.c.obj)
                0x0000000008004692                sys_heap_init
 .text.cbpprintf_external
                0x000000000800470c       0x62 zephyr/libzephyr.a(cbprintf_packaged.c.obj)
                0x000000000800470c                cbpprintf_external
 .text.is_ptr   0x000000000800476e       0x4a zephyr/libzephyr.a(cbprintf_packaged.c.obj)
                0x000000000800476e                is_ptr
 .text.arch_printk_char_out
                0x00000000080047b8        0x4 zephyr/libzephyr.a(printk.c.obj)
                0x00000000080047b8                arch_printk_char_out
 .text.printk   0x00000000080047bc       0x1a zephyr/libzephyr.a(printk.c.obj)
                0x00000000080047bc                printk
 .text.free_space
                0x00000000080047d6       0x26 zephyr/libzephyr.a(mpsc_pbuf.c.obj)
 .text.get_usage
                0x00000000080047fc       0x22 zephyr/libzephyr.a(mpsc_pbuf.c.obj)
 .text.idx_inc  0x000000000800481e       0x1c zephyr/libzephyr.a(mpsc_pbuf.c.obj)
 .text.rd_idx_inc
                0x000000000800483a       0x18 zephyr/libzephyr.a(mpsc_pbuf.c.obj)
 .text.add_skip_item
                0x0000000008004852       0x3a zephyr/libzephyr.a(mpsc_pbuf.c.obj)
 .text.drop_item_locked
                0x000000000800488c      0x100 zephyr/libzephyr.a(mpsc_pbuf.c.obj)
 .text.post_drop_action
                0x000000000800498c       0x36 zephyr/libzephyr.a(mpsc_pbuf.c.obj)
 .text.max_utilization_update
                0x00000000080049c2       0x1a zephyr/libzephyr.a(mpsc_pbuf.c.obj)
 .text.mpsc_pbuf_init
                0x00000000080049dc       0x42 zephyr/libzephyr.a(mpsc_pbuf.c.obj)
                0x00000000080049dc                mpsc_pbuf_init
 .text.mpsc_pbuf_alloc
                0x0000000008004a1e       0xfe zephyr/libzephyr.a(mpsc_pbuf.c.obj)
                0x0000000008004a1e                mpsc_pbuf_alloc
 .text.mpsc_pbuf_commit
                0x0000000008004b1c       0x3e zephyr/libzephyr.a(mpsc_pbuf.c.obj)
                0x0000000008004b1c                mpsc_pbuf_commit
 .text.mpsc_pbuf_claim
                0x0000000008004b5a       0xa8 zephyr/libzephyr.a(mpsc_pbuf.c.obj)
                0x0000000008004b5a                mpsc_pbuf_claim
 .text.mpsc_pbuf_free
                0x0000000008004c02       0x76 zephyr/libzephyr.a(mpsc_pbuf.c.obj)
                0x0000000008004c02                mpsc_pbuf_free
 .text.mpsc_pbuf_is_pending
                0x0000000008004c78       0x32 zephyr/libzephyr.a(mpsc_pbuf.c.obj)
                0x0000000008004c78                mpsc_pbuf_is_pending
 .text._ConfigAbsSyms
                0x0000000008004caa        0x2 zephyr/libzephyr.a(configs.c.obj)
                0x0000000008004caa                _ConfigAbsSyms
 .text.log_msg_generic_get_wlen
                0x0000000008004cac       0x20 zephyr/libzephyr.a(log_core.c.obj)
 .text.dummy_timestamp
                0x0000000008004ccc        0x4 zephyr/libzephyr.a(log_core.c.obj)
 .text.atomic_inc
                0x0000000008004cd0       0x1a zephyr/libzephyr.a(log_core.c.obj)
 .text.default_lf_get_timestamp
                0x0000000008004cea       0x10 zephyr/libzephyr.a(log_core.c.obj)
 .text.z_log_vprintk
                0x0000000008004cfa       0x1c zephyr/libzephyr.a(log_core.c.obj)
                0x0000000008004cfa                z_log_vprintk
 .text.z_log_notify_drop
                0x0000000008004d16        0x6 zephyr/libzephyr.a(log_core.c.obj)
 .text.z_log_get_tag
                0x0000000008004d1c        0x4 zephyr/libzephyr.a(log_core.c.obj)
                0x0000000008004d1c                z_log_get_tag
 .text.log_backend_enable
                0x0000000008004d20       0x12 zephyr/libzephyr.a(log_mgmt.c.obj)
                0x0000000008004d20                log_backend_enable
 .text.z_cbprintf_cpy
                0x0000000008004d32       0x2e zephyr/libzephyr.a(log_msg.c.obj)
 .text.z_log_msg_finalize
                0x0000000008004d60       0x32 zephyr/libzephyr.a(log_msg.c.obj)
                0x0000000008004d60                z_log_msg_finalize
 .text.z_log_msg_simple_create
                0x0000000008004d92       0x6e zephyr/libzephyr.a(log_msg.c.obj)
 .text.z_impl_z_log_msg_simple_create_0
                0x0000000008004e00       0x12 zephyr/libzephyr.a(log_msg.c.obj)
                0x0000000008004e00                z_impl_z_log_msg_simple_create_0
 .text.z_impl_z_log_msg_simple_create_1
                0x0000000008004e12       0x14 zephyr/libzephyr.a(log_msg.c.obj)
                0x0000000008004e12                z_impl_z_log_msg_simple_create_1
 .text.log_output_write
                0x0000000008004e26       0x1c zephyr/libzephyr.a(log_output.c.obj)
 .text.log_output_flush
                0x0000000008004e42       0x1a zephyr/libzephyr.a(log_output.c.obj)
 .text.out_func
                0x0000000008004e5c       0x36 zephyr/libzephyr.a(log_output.c.obj)
 .text.cr_out_func
                0x0000000008004e92       0x1c zephyr/libzephyr.a(log_output.c.obj)
 .text.log_output_msg_process
                0x0000000008004eae       0x6a zephyr/libzephyr.a(log_output.c.obj)
                0x0000000008004eae                log_output_msg_process
 .text.format_set
                0x0000000008004f18        0xc zephyr/libzephyr.a(log_backend_uart.c.obj)
 .text.log_backend_uart_init
                0x0000000008004f24        0xc zephyr/libzephyr.a(log_backend_uart.c.obj)
 .text.panic    0x0000000008004f30       0x32 zephyr/libzephyr.a(log_backend_uart.c.obj)
 .text.dropped  0x0000000008004f62        0xa zephyr/libzephyr.a(log_backend_uart.c.obj)
 .text.process  0x0000000008004f6c       0x1e zephyr/libzephyr.a(log_backend_uart.c.obj)
 .text.z_do_kernel_oops
                0x0000000008004f8a        0x8 zephyr/arch/arch/arm/core/libarch__arm__core.a(fatal.c.obj)
                0x0000000008004f8a                z_do_kernel_oops
 .text.z_arm_nmi
                0x0000000008004f92        0xe zephyr/arch/arch/arm/core/libarch__arm__core.a(nmi.c.obj)
                0x0000000008004f92                z_arm_nmi
 .text.z_log_msg_simple_create_0.constprop.0
                0x0000000008004fa0        0x8 zephyr/arch/arch/arm/core/cortex_m/libarch__arm__core__cortex_m.a(fault.c.obj)
 .text.z_irq_spurious
                0x0000000008004fa8        0x8 zephyr/arch/arch/arm/core/cortex_m/libarch__arm__core__cortex_m.a(irq_manage.c.obj)
                0x0000000008004fa8                z_irq_spurious
 .text.arch_irq_unlock_outlined
                0x0000000008004fb0        0xe zephyr/arch/arch/arm/core/cortex_m/libarch__arm__core__cortex_m.a(thread.c.obj)
                0x0000000008004fb0                arch_irq_unlock_outlined
 .text.arch_cpu_idle
                0x0000000008004fbe       0x1a zephyr/arch/arch/arm/core/cortex_m/libarch__arm__core__cortex_m.a(cpu_idle.c.obj)
                0x0000000008004fbe                arch_cpu_idle
 .text.size_to_mpu_rasr_size
                0x0000000008004fd8       0x20 zephyr/arch/arch/arm/core/mpu/libarch__arm__core__mpu.a(arm_mpu.c.obj)
 .text.cbputc   0x0000000008004ff8        0xc zephyr/lib/libc/picolibc/liblib__libc__picolibc.a(cbprintf.c.obj)
 .text.picolibc_put
                0x0000000008005004        0xa zephyr/lib/libc/picolibc/liblib__libc__picolibc.a(stdio.c.obj)
 .text.stm32_gpio_intc_get_pin_irq_line
                0x000000000800500e        0x6 zephyr/drivers/interrupt_controller/libdrivers__interrupt_controller.a(intc_exti_stm32.c.obj)
                0x000000000800500e                stm32_gpio_intc_get_pin_irq_line
 .text.stm32_exti_set_line_src_port
                0x0000000008005014       0x36 zephyr/drivers/interrupt_controller/libdrivers__interrupt_controller.a(intc_exti_stm32.c.obj)
                0x0000000008005014                stm32_exti_set_line_src_port
 .text.stm32_clock_control_on
                0x000000000800504a       0x44 zephyr/drivers/clock_control/libdrivers__clock_control.a(clock_stm32_ll_common.c.obj)
 .text.stm32_clock_control_off
                0x000000000800508e       0x2c zephyr/drivers/clock_control/libdrivers__clock_control.a(clock_stm32_ll_common.c.obj)
 .text.enabled_clock
                0x00000000080050ba       0x1c zephyr/drivers/clock_control/libdrivers__clock_control.a(clock_stm32_ll_common.c.obj)
                0x00000000080050ba                enabled_clock
 .text.stm32_clock_control_configure
                0x00000000080050d6       0x52 zephyr/drivers/clock_control/libdrivers__clock_control.a(clock_stm32_ll_common.c.obj)
 .text.stm32_clock_control_get_status
                0x0000000008005128       0x38 zephyr/drivers/clock_control/libdrivers__clock_control.a(clock_stm32_ll_common.c.obj)
 .text.config_regulator_voltage
                0x0000000008005160        0x2 zephyr/drivers/clock_control/libdrivers__clock_control.a(clock_stm32_ll_common.c.obj)
                0x0000000008005160                config_regulator_voltage
 .text.gpio_stm32_port_get_raw
                0x0000000008005162        0xc zephyr/drivers/gpio/libdrivers__gpio.a(gpio_stm32.c.obj)
 .text.gpio_stm32_port_set_masked_raw
                0x000000000800516e       0x12 zephyr/drivers/gpio/libdrivers__gpio.a(gpio_stm32.c.obj)
 .text.gpio_stm32_port_set_bits_raw
                0x0000000008005180        0xa zephyr/drivers/gpio/libdrivers__gpio.a(gpio_stm32.c.obj)
 .text.gpio_stm32_port_clear_bits_raw
                0x000000000800518a        0xc zephyr/drivers/gpio/libdrivers__gpio.a(gpio_stm32.c.obj)
 .text.gpio_stm32_port_toggle_bits
                0x0000000008005196        0xe zephyr/drivers/gpio/libdrivers__gpio.a(gpio_stm32.c.obj)
 .text.gpio_stm32_manage_callback
                0x00000000080051a4       0x52 zephyr/drivers/gpio/libdrivers__gpio.a(gpio_stm32.c.obj)
 .text.gpio_stm32_configure_raw.isra.0
                0x00000000080051f6      0x106 zephyr/drivers/gpio/libdrivers__gpio.a(gpio_stm32.c.obj)
 .text.gpio_stm32_config
                0x00000000080052fc       0xd8 zephyr/drivers/gpio/libdrivers__gpio.a(gpio_stm32.c.obj)
 .text.gpio_stm32_isr
                0x00000000080053d4       0x2c zephyr/drivers/gpio/libdrivers__gpio.a(gpio_stm32.c.obj)
 .text.gpio_stm32_configure
                0x0000000008005400       0x30 zephyr/drivers/gpio/libdrivers__gpio.a(gpio_stm32.c.obj)
                0x0000000008005400                gpio_stm32_configure
 .text.pinctrl_lookup_state
                0x0000000008005430       0x26 zephyr/drivers/pinctrl/libdrivers__pinctrl.a(common.c.obj)
                0x0000000008005430                pinctrl_lookup_state
 .text.reset_stm32_status
                0x0000000008005456       0x20 zephyr/drivers/reset/libdrivers__reset.a(reset_stm32.c.obj)
 .text.reset_stm32_line_assert
                0x0000000008005476       0x1c zephyr/drivers/reset/libdrivers__reset.a(reset_stm32.c.obj)
 .text.reset_stm32_line_deassert
                0x0000000008005492       0x1e zephyr/drivers/reset/libdrivers__reset.a(reset_stm32.c.obj)
 .text.reset_stm32_line_toggle
                0x00000000080054b0       0x16 zephyr/drivers/reset/libdrivers__reset.a(reset_stm32.c.obj)
 .text.LL_USART_ClearFlag_PE
                0x00000000080054c6       0x12 zephyr/drivers/serial/libdrivers__serial.a(uart_stm32.c.obj)
 .text.uart_stm32_err_check
                0x00000000080054d8       0x5e zephyr/drivers/serial/libdrivers__serial.a(uart_stm32.c.obj)
 .text.uart_stm32_poll_out
                0x0000000008005536       0x36 zephyr/drivers/serial/libdrivers__serial.a(uart_stm32.c.obj)
 .text.uart_stm32_poll_in
                0x000000000800556c       0x22 zephyr/drivers/serial/libdrivers__serial.a(uart_stm32.c.obj)
 .text.uart_stm32_config_get
                0x000000000800558e       0x8e zephyr/drivers/serial/libdrivers__serial.a(uart_stm32.c.obj)
 .text.uart_stm32_set_baudrate
                0x000000000800561c       0x58 zephyr/drivers/serial/libdrivers__serial.a(uart_stm32.c.obj)
 .text.z_device_state_init
                0x0000000008005674        0x2 zephyr/kernel/libkernel.a(device.c.obj)
                0x0000000008005674                z_device_state_init
 .text.z_impl_device_is_ready
                0x0000000008005676       0x16 zephyr/kernel/libkernel.a(device.c.obj)
                0x0000000008005676                z_impl_device_is_ready
 .text.arch_system_halt
                0x000000000800568c       0x10 zephyr/kernel/libkernel.a(fatal.c.obj)
                0x000000000800568c                arch_system_halt
 .text.do_device_init
                0x000000000800569c       0x2e zephyr/kernel/libkernel.a(init.c.obj)
 .text.z_early_memset
                0x00000000080056ca        0x4 zephyr/kernel/libkernel.a(init.c.obj)
                0x00000000080056ca                z_early_memset
 .text.z_early_memcpy
                0x00000000080056ce        0x4 zephyr/kernel/libkernel.a(init.c.obj)
                0x00000000080056ce                z_early_memcpy
 .text.idle     0x00000000080056d2       0x16 zephyr/kernel/libkernel.a(idle.c.obj)
                0x00000000080056d2                idle
 .text.z_impl_k_sem_init
                0x00000000080056e8       0x18 zephyr/kernel/libkernel.a(sem.c.obj)
                0x00000000080056e8                z_impl_k_sem_init
 .text.k_is_in_isr
                0x0000000008005700        0xc zephyr/kernel/libkernel.a(thread.c.obj)
                0x0000000008005700                k_is_in_isr
 .text.z_impl_k_thread_name_set
                0x000000000800570c        0x6 zephyr/kernel/libkernel.a(thread.c.obj)
                0x000000000800570c                z_impl_k_thread_name_set
 .text.k_thread_name_get
                0x0000000008005712        0x4 zephyr/kernel/libkernel.a(thread.c.obj)
                0x0000000008005712                k_thread_name_get
 .text.sys_dlist_remove
                0x0000000008005716       0x10 zephyr/kernel/libkernel.a(sched.c.obj)
 .text.unpend_thread_no_timeout
                0x0000000008005726       0x14 zephyr/kernel/libkernel.a(sched.c.obj)
 .text.add_to_waitq_locked
                0x000000000800573a       0x50 zephyr/kernel/libkernel.a(sched.c.obj)
 .text.z_ready_thread
                0x000000000800578a       0x1e zephyr/kernel/libkernel.a(sched.c.obj)
                0x000000000800578a                z_ready_thread
 .text.z_unpend_thread_no_timeout
                0x00000000080057a8       0x22 zephyr/kernel/libkernel.a(sched.c.obj)
                0x00000000080057a8                z_unpend_thread_no_timeout
 .text.z_sched_wake_thread
                0x00000000080057ca       0x3a zephyr/kernel/libkernel.a(sched.c.obj)
                0x00000000080057ca                z_sched_wake_thread
 .text.z_thread_timeout
                0x0000000008005804        0x8 zephyr/kernel/libkernel.a(sched.c.obj)
                0x0000000008005804                z_thread_timeout
 .text.z_unpend1_no_timeout
                0x000000000800580c       0x2c zephyr/kernel/libkernel.a(sched.c.obj)
                0x000000000800580c                z_unpend1_no_timeout
 .text.z_impl_k_sleep
                0x0000000008005838       0x50 zephyr/kernel/libkernel.a(sched.c.obj)
                0x0000000008005838                z_impl_k_sleep
 .text.next_timeout
                0x0000000008005888       0x2e zephyr/kernel/libkernel.a(timeout.c.obj)
 .text.z_abort_timeout
                0x00000000080058b6       0x50 zephyr/kernel/libkernel.a(timeout.c.obj)
                0x00000000080058b6                z_abort_timeout
 .text.sys_clock_tick_get_32
                0x0000000008005906        0x8 zephyr/kernel/libkernel.a(timeout.c.obj)
                0x0000000008005906                sys_clock_tick_get_32
 .text.z_impl_k_uptime_ticks
                0x000000000800590e        0x4 zephyr/kernel/libkernel.a(timeout.c.obj)
                0x000000000800590e                z_impl_k_uptime_ticks
 .text.k_timer_init
                0x0000000008005912       0x18 zephyr/kernel/libkernel.a(timer.c.obj)
                0x0000000008005912                k_timer_init
 .text.z_impl_k_timer_stop
                0x000000000800592a       0x38 zephyr/kernel/libkernel.a(timer.c.obj)
                0x000000000800592a                z_impl_k_timer_stop
 .text.memcpy   0x0000000008005962       0x1c c:\zephyr-sdk-0.17.2\arm-zephyr-eabi\bin\../lib/gcc/../../picolibc/arm-zephyr-eabi/lib/thumb/v7e-m/nofp\libc.a(memcpy.c.o)
                0x0000000008005962                __aeabi_memcpy
                0x0000000008005962                __aeabi_memcpy4
                0x0000000008005962                __aeabi_memcpy8
                0x0000000008005962                memcpy
 .text.memset   0x000000000800597e       0x10 c:\zephyr-sdk-0.17.2\arm-zephyr-eabi\bin\../lib/gcc/../../picolibc/arm-zephyr-eabi/lib/thumb/v7e-m/nofp\libc.a(memset.c.o)
                0x000000000800597e                memset
 .text.strnlen  0x000000000800598e       0x18 c:\zephyr-sdk-0.17.2\arm-zephyr-eabi\bin\../lib/gcc/../../picolibc/arm-zephyr-eabi/lib/thumb/v7e-m/nofp\libc.a(libc_string_strnlen.c.o)
                0x000000000800598e                strnlen
 .text.__ultoa_invert
                0x00000000080059a6       0xae c:\zephyr-sdk-0.17.2\arm-zephyr-eabi\bin\../lib/gcc/../../picolibc/arm-zephyr-eabi/lib/thumb/v7e-m/nofp\libc.a(libc_tinystdio_vflprintf.c.o)
 .text.__file_str_put
                0x0000000008005a54       0x10 c:\zephyr-sdk-0.17.2\arm-zephyr-eabi\bin\../lib/gcc/../../picolibc/arm-zephyr-eabi/lib/thumb/v7e-m/nofp\libc.a(libc_tinystdio_filestrput.c.o)
                0x0000000008005a54                __file_str_put
 *(SORT_BY_ALIGNMENT(.TEXT.*))
 .TEXT.__aeabi_read_tp
                0x0000000008005a64        0xc zephyr/arch/arch/arm/core/cortex_m/libarch__arm__core__cortex_m.a(__aeabi_read_tp.S.obj)
                0x0000000008005a64                __aeabi_read_tp
 *(SORT_BY_ALIGNMENT(.gnu.linkonce.t.*))
 *(SORT_BY_ALIGNMENT(.glue_7t))
 .glue_7t       0x0000000008005a70        0x0 linker stubs
 *(SORT_BY_ALIGNMENT(.glue_7))
 .glue_7        0x0000000008005a70        0x0 linker stubs
 *(SORT_BY_ALIGNMENT(.vfp11_veneer))
 .vfp11_veneer  0x0000000008005a70        0x0 linker stubs
 *(SORT_BY_ALIGNMENT(.v4_bx))
 .v4_bx         0x0000000008005a70        0x0 linker stubs
                0x0000000008005a70                . = ALIGN (0x4)
                0x0000000008005a70                __text_region_end = .

.ARM.exidx      0x0000000008005a70        0x8
                0x0000000008005a70                __exidx_start = .
 *(SORT_BY_ALIGNMENT(.ARM.exidx*) SORT_BY_ALIGNMENT(gnu.linkonce.armexidx.*))
 .ARM.exidx     0x0000000008005a70        0x8 c:\zephyr-sdk-0.17.2\arm-zephyr-eabi\bin\../lib/gcc/../../picolibc/arm-zephyr-eabi/lib/thumb/v7e-m/nofp\libc.a(strlen.S.o)
 .ARM.exidx     0x0000000008005a78        0x0 c:/zephyr-sdk-0.17.2/arm-zephyr-eabi/bin/../lib/gcc/arm-zephyr-eabi/12.2.0/thumb/v7e-m/nofp\libgcc.a(_udivmoddi4.o)
                                          0x8 (size before relaxing)
                0x0000000008005a78                __exidx_end = .
                0x0000000008005a78                __rodata_region_start = .

initlevel       0x0000000008005a78       0xa0
                0x0000000008005a78                __init_start = .
                0x0000000008005a78                __init_EARLY_start = .
 *(SORT_BY_NAME(SORT_BY_ALIGNMENT(.z_init_EARLY_P_?_*)))
 *(SORT_BY_NAME(SORT_BY_ALIGNMENT(.z_init_EARLY_P_??_*)))
 *(SORT_BY_NAME(SORT_BY_ALIGNMENT(.z_init_EARLY_P_???_*)))
                0x0000000008005a78                __init_PRE_KERNEL_1_start = .
 *(SORT_BY_NAME(SORT_BY_ALIGNMENT(.z_init_PRE_KERNEL_1_P_?_*)))
 .z_init_PRE_KERNEL_1_P_1_SUB_00008_
                0x0000000008005a78        0x8 zephyr/drivers/clock_control/libdrivers__clock_control.a(clock_stm32_ll_common.c.obj)
 .z_init_PRE_KERNEL_1_P_1_SUB_0_
                0x0000000008005a80        0x8 zephyr/libzephyr.a(soc_config.c.obj)
 *(SORT_BY_NAME(SORT_BY_ALIGNMENT(.z_init_PRE_KERNEL_1_P_??_*)))
 .z_init_PRE_KERNEL_1_P_35_SUB_00063_
                0x0000000008005a88        0x8 zephyr/drivers/reset/libdrivers__reset.a(reset_stm32.c.obj)
 .z_init_PRE_KERNEL_1_P_40_SUB_00015_
                0x0000000008005a90        0x8 zephyr/drivers/gpio/libdrivers__gpio.a(gpio_stm32.c.obj)
 .z_init_PRE_KERNEL_1_P_40_SUB_00041_
                0x0000000008005a98        0x8 zephyr/drivers/gpio/libdrivers__gpio.a(gpio_stm32.c.obj)
 .z_init_PRE_KERNEL_1_P_40_SUB_00060_
                0x0000000008005aa0        0x8 zephyr/drivers/interrupt_controller/libdrivers__interrupt_controller.a(intc_exti_stm32.c.obj)
 .z_init_PRE_KERNEL_1_P_40_SUB_00091_
                0x0000000008005aa8        0x8 zephyr/drivers/gpio/libdrivers__gpio.a(gpio_stm32.c.obj)
 .z_init_PRE_KERNEL_1_P_40_SUB_00097_
                0x0000000008005ab0        0x8 zephyr/drivers/gpio/libdrivers__gpio.a(gpio_stm32.c.obj)
 .z_init_PRE_KERNEL_1_P_40_SUB_00172_
                0x0000000008005ab8        0x8 zephyr/drivers/gpio/libdrivers__gpio.a(gpio_stm32.c.obj)
 .z_init_PRE_KERNEL_1_P_40_SUB_00173_
                0x0000000008005ac0        0x8 zephyr/drivers/gpio/libdrivers__gpio.a(gpio_stm32.c.obj)
 .z_init_PRE_KERNEL_1_P_40_SUB_00174_
                0x0000000008005ac8        0x8 zephyr/drivers/gpio/libdrivers__gpio.a(gpio_stm32.c.obj)
 .z_init_PRE_KERNEL_1_P_40_SUB_00175_
                0x0000000008005ad0        0x8 zephyr/drivers/gpio/libdrivers__gpio.a(gpio_stm32.c.obj)
 .z_init_PRE_KERNEL_1_P_40_SUB_00176_
                0x0000000008005ad8        0x8 zephyr/drivers/gpio/libdrivers__gpio.a(gpio_stm32.c.obj)
 .z_init_PRE_KERNEL_1_P_40_SUB_00177_
                0x0000000008005ae0        0x8 zephyr/drivers/gpio/libdrivers__gpio.a(gpio_stm32.c.obj)
 .z_init_PRE_KERNEL_1_P_40_SUB_00178_
                0x0000000008005ae8        0x8 zephyr/drivers/gpio/libdrivers__gpio.a(gpio_stm32.c.obj)
 .z_init_PRE_KERNEL_1_P_50_SUB_00073_
                0x0000000008005af0        0x8 zephyr/drivers/serial/libdrivers__serial.a(uart_stm32.c.obj)
 .z_init_PRE_KERNEL_1_P_60_SUB_0_
                0x0000000008005af8        0x8 zephyr/drivers/console/libdrivers__console.a(uart_console.c.obj)
 *(SORT_BY_NAME(SORT_BY_ALIGNMENT(.z_init_PRE_KERNEL_1_P_???_*)))
                0x0000000008005b00                __init_PRE_KERNEL_2_start = .
 *(SORT_BY_NAME(SORT_BY_ALIGNMENT(.z_init_PRE_KERNEL_2_P_?_*)))
 .z_init_PRE_KERNEL_2_P_0_SUB_0_
                0x0000000008005b00        0x8 zephyr/drivers/timer/libdrivers__timer.a(cortex_m_systick.c.obj)
 *(SORT_BY_NAME(SORT_BY_ALIGNMENT(.z_init_PRE_KERNEL_2_P_??_*)))
 *(SORT_BY_NAME(SORT_BY_ALIGNMENT(.z_init_PRE_KERNEL_2_P_???_*)))
                0x0000000008005b08                __init_POST_KERNEL_start = .
 *(SORT_BY_NAME(SORT_BY_ALIGNMENT(.z_init_POST_KERNEL_P_?_*)))
 .z_init_POST_KERNEL_P_0_SUB_0_
                0x0000000008005b08        0x8 zephyr/libzephyr.a(log_core.c.obj)
 *(SORT_BY_NAME(SORT_BY_ALIGNMENT(.z_init_POST_KERNEL_P_??_*)))
 .z_init_POST_KERNEL_P_35_SUB_0_
                0x0000000008005b10        0x8 zephyr/lib/libc/common/liblib__libc__common.a(malloc.c.obj)
 *(SORT_BY_NAME(SORT_BY_ALIGNMENT(.z_init_POST_KERNEL_P_???_*)))
                0x0000000008005b18                __init_APPLICATION_start = .
 *(SORT_BY_NAME(SORT_BY_ALIGNMENT(.z_init_APPLICATION_P_?_*)))
 *(SORT_BY_NAME(SORT_BY_ALIGNMENT(.z_init_APPLICATION_P_??_*)))
 *(SORT_BY_NAME(SORT_BY_ALIGNMENT(.z_init_APPLICATION_P_???_*)))
                0x0000000008005b18                __init_SMP_start = .
 *(SORT_BY_NAME(SORT_BY_ALIGNMENT(.z_init_SMP_P_?_*)))
 *(SORT_BY_NAME(SORT_BY_ALIGNMENT(.z_init_SMP_P_??_*)))
 *(SORT_BY_NAME(SORT_BY_ALIGNMENT(.z_init_SMP_P_???_*)))
                0x0000000008005b18                __init_end = .

device_area     0x0000000008005b18      0x1e0
                0x0000000008005b18                _device_list_start = .
 *(SORT_BY_NAME(SORT_BY_ALIGNMENT(._device.static.*_?_*)))
 ._device.static.1_1_
                0x0000000008005b18       0x20 zephyr/drivers/clock_control/libdrivers__clock_control.a(clock_stm32_ll_common.c.obj)
                0x0000000008005b18                __device_dts_ord_8
 *(SORT_BY_NAME(SORT_BY_ALIGNMENT(._device.static.*_??_*)))
 ._device.static.1_35_
                0x0000000008005b38       0x20 zephyr/drivers/reset/libdrivers__reset.a(reset_stm32.c.obj)
                0x0000000008005b38                __device_dts_ord_63
 ._device.static.1_40_
                0x0000000008005b58       0x20 zephyr/drivers/interrupt_controller/libdrivers__interrupt_controller.a(intc_exti_stm32.c.obj)
                0x0000000008005b58                __device_dts_ord_60
 ._device.static.1_40_
                0x0000000008005b78      0x160 zephyr/drivers/gpio/libdrivers__gpio.a(gpio_stm32.c.obj)
                0x0000000008005b78                __device_dts_ord_178
                0x0000000008005b98                __device_dts_ord_177
                0x0000000008005bb8                __device_dts_ord_176
                0x0000000008005bd8                __device_dts_ord_175
                0x0000000008005bf8                __device_dts_ord_41
                0x0000000008005c18                __device_dts_ord_174
                0x0000000008005c38                __device_dts_ord_173
                0x0000000008005c58                __device_dts_ord_97
                0x0000000008005c78                __device_dts_ord_91
                0x0000000008005c98                __device_dts_ord_172
                0x0000000008005cb8                __device_dts_ord_15
 ._device.static.1_50_
                0x0000000008005cd8       0x20 zephyr/drivers/serial/libdrivers__serial.a(uart_stm32.c.obj)
                0x0000000008005cd8                __device_dts_ord_73
 *(SORT_BY_NAME(SORT_BY_ALIGNMENT(._device.static.*_???_*)))
 *(SORT_BY_NAME(SORT_BY_ALIGNMENT(._device.static.*_????_*)))
 *(SORT_BY_NAME(SORT_BY_ALIGNMENT(._device.static.*_?????_*)))
                0x0000000008005cf8                _device_list_end = .

sw_isr_table    0x0000000008005cf8      0x2d8
                0x0000000008005cf8                . = ALIGN (0x4)
 *(SORT_BY_ALIGNMENT(.gnu.linkonce.sw_isr_table*))
 .gnu.linkonce.sw_isr_table
                0x0000000008005cf8      0x2d8 zephyr/arch/common/libisr_tables.a(isr_tables.c.obj)
                0x0000000008005cf8                _sw_isr_table

initlevel_error
                0x0000000008005a78        0x0
 *(SORT_BY_NAME(SORT_BY_ALIGNMENT(.z_init_*)))
                0x0000000000000001                ASSERT ((SIZEOF (initlevel_error) == 0x0), Undefined initialization levels used.)

app_shmem_regions
                0x0000000008005fd0        0x0
                0x0000000008005fd0                __app_shmem_regions_start = .
 *(SORT_BY_NAME(SORT_BY_ALIGNMENT(.app_regions.*)))
                0x0000000008005fd0                __app_shmem_regions_end = .

k_p4wq_initparam_area
                0x0000000008005fd0        0x0
                0x0000000008005fd0                _k_p4wq_initparam_list_start = .
 *(SORT_BY_NAME(SORT_BY_ALIGNMENT(._k_p4wq_initparam.static.*)))
                0x0000000008005fd0                _k_p4wq_initparam_list_end = .

_static_thread_data_area
                0x0000000008005fd0        0x0
                0x0000000008005fd0                __static_thread_data_list_start = .
 *(SORT_BY_NAME(SORT_BY_ALIGNMENT(.__static_thread_data.static.*)))
                0x0000000008005fd0                __static_thread_data_list_end = .

device_deps     0x0000000008005fd0        0x0
                0x0000000008005fd0                __device_deps_start = .
 *(SORT_BY_NAME(SORT_BY_ALIGNMENT(.__device_deps_pass2*)))
                0x0000000008005fd0                __device_deps_end = .

gpio_driver_api_area
                0x0000000008005fd0       0x24
                0x0000000008005fd0                _gpio_driver_api_list_start = .
 *(SORT_BY_NAME(SORT_BY_ALIGNMENT(._gpio_driver_api.static.*)))
 ._gpio_driver_api.static.gpio_stm32_driver_
                0x0000000008005fd0       0x24 zephyr/drivers/gpio/libdrivers__gpio.a(gpio_stm32.c.obj)
                0x0000000008005ff4                _gpio_driver_api_list_end = .

reset_driver_api_area
                0x0000000008005ff4       0x10
                0x0000000008005ff4                _reset_driver_api_list_start = .
 *(SORT_BY_NAME(SORT_BY_ALIGNMENT(._reset_driver_api.static.*)))
 ._reset_driver_api.static.reset_stm32_driver_api_
                0x0000000008005ff4       0x10 zephyr/drivers/reset/libdrivers__reset.a(reset_stm32.c.obj)
                0x0000000008006004                _reset_driver_api_list_end = .

shared_irq_driver_api_area
                0x0000000008006004        0x0
                0x0000000008006004                _shared_irq_driver_api_list_start = .
 *(SORT_BY_NAME(SORT_BY_ALIGNMENT(._shared_irq_driver_api.static.*)))
                0x0000000008006004                _shared_irq_driver_api_list_end = .

crypto_driver_api_area
                0x0000000008006004        0x0
                0x0000000008006004                _crypto_driver_api_list_start = .
 *(SORT_BY_NAME(SORT_BY_ALIGNMENT(._crypto_driver_api.static.*)))
                0x0000000008006004                _crypto_driver_api_list_end = .

adc_driver_api_area
                0x0000000008006004        0x0
                0x0000000008006004                _adc_driver_api_list_start = .
 *(SORT_BY_NAME(SORT_BY_ALIGNMENT(._adc_driver_api.static.*)))
                0x0000000008006004                _adc_driver_api_list_end = .

auxdisplay_driver_api_area
                0x0000000008006004        0x0
                0x0000000008006004                _auxdisplay_driver_api_list_start = .
 *(SORT_BY_NAME(SORT_BY_ALIGNMENT(._auxdisplay_driver_api.static.*)))
                0x0000000008006004                _auxdisplay_driver_api_list_end = .

bbram_driver_api_area
                0x0000000008006004        0x0
                0x0000000008006004                _bbram_driver_api_list_start = .
 *(SORT_BY_NAME(SORT_BY_ALIGNMENT(._bbram_driver_api.static.*)))
                0x0000000008006004                _bbram_driver_api_list_end = .

bt_hci_driver_api_area
                0x0000000008006004        0x0
                0x0000000008006004                _bt_hci_driver_api_list_start = .
 *(SORT_BY_NAME(SORT_BY_ALIGNMENT(._bt_hci_driver_api.static.*)))
                0x0000000008006004                _bt_hci_driver_api_list_end = .

can_driver_api_area
                0x0000000008006004        0x0
                0x0000000008006004                _can_driver_api_list_start = .
 *(SORT_BY_NAME(SORT_BY_ALIGNMENT(._can_driver_api.static.*)))
                0x0000000008006004                _can_driver_api_list_end = .

cellular_driver_api_area
                0x0000000008006004        0x0
                0x0000000008006004                _cellular_driver_api_list_start = .
 *(SORT_BY_NAME(SORT_BY_ALIGNMENT(._cellular_driver_api.static.*)))
                0x0000000008006004                _cellular_driver_api_list_end = .

charger_driver_api_area
                0x0000000008006004        0x0
                0x0000000008006004                _charger_driver_api_list_start = .
 *(SORT_BY_NAME(SORT_BY_ALIGNMENT(._charger_driver_api.static.*)))
                0x0000000008006004                _charger_driver_api_list_end = .

clock_control_driver_api_area
                0x0000000008006004       0x1c
                0x0000000008006004                _clock_control_driver_api_list_start = .
 *(SORT_BY_NAME(SORT_BY_ALIGNMENT(._clock_control_driver_api.static.*)))
 ._clock_control_driver_api.static.stm32_clock_control_api_
                0x0000000008006004       0x1c zephyr/drivers/clock_control/libdrivers__clock_control.a(clock_stm32_ll_common.c.obj)
                0x0000000008006020                _clock_control_driver_api_list_end = .

comparator_driver_api_area
                0x0000000008006020        0x0
                0x0000000008006020                _comparator_driver_api_list_start = .
 *(SORT_BY_NAME(SORT_BY_ALIGNMENT(._comparator_driver_api.static.*)))
                0x0000000008006020                _comparator_driver_api_list_end = .

coredump_driver_api_area
                0x0000000008006020        0x0
                0x0000000008006020                _coredump_driver_api_list_start = .
 *(SORT_BY_NAME(SORT_BY_ALIGNMENT(._coredump_driver_api.static.*)))
                0x0000000008006020                _coredump_driver_api_list_end = .

counter_driver_api_area
                0x0000000008006020        0x0
                0x0000000008006020                _counter_driver_api_list_start = .
 *(SORT_BY_NAME(SORT_BY_ALIGNMENT(._counter_driver_api.static.*)))
                0x0000000008006020                _counter_driver_api_list_end = .

dac_driver_api_area
                0x0000000008006020        0x0
                0x0000000008006020                _dac_driver_api_list_start = .
 *(SORT_BY_NAME(SORT_BY_ALIGNMENT(._dac_driver_api.static.*)))
                0x0000000008006020                _dac_driver_api_list_end = .

dai_driver_api_area
                0x0000000008006020        0x0
                0x0000000008006020                _dai_driver_api_list_start = .
 *(SORT_BY_NAME(SORT_BY_ALIGNMENT(._dai_driver_api.static.*)))
                0x0000000008006020                _dai_driver_api_list_end = .

display_driver_api_area
                0x0000000008006020        0x0
                0x0000000008006020                _display_driver_api_list_start = .
 *(SORT_BY_NAME(SORT_BY_ALIGNMENT(._display_driver_api.static.*)))
                0x0000000008006020                _display_driver_api_list_end = .

dma_driver_api_area
                0x0000000008006020        0x0
                0x0000000008006020                _dma_driver_api_list_start = .
 *(SORT_BY_NAME(SORT_BY_ALIGNMENT(._dma_driver_api.static.*)))
                0x0000000008006020                _dma_driver_api_list_end = .

edac_driver_api_area
                0x0000000008006020        0x0
                0x0000000008006020                _edac_driver_api_list_start = .
 *(SORT_BY_NAME(SORT_BY_ALIGNMENT(._edac_driver_api.static.*)))
                0x0000000008006020                _edac_driver_api_list_end = .

eeprom_driver_api_area
                0x0000000008006020        0x0
                0x0000000008006020                _eeprom_driver_api_list_start = .
 *(SORT_BY_NAME(SORT_BY_ALIGNMENT(._eeprom_driver_api.static.*)))
                0x0000000008006020                _eeprom_driver_api_list_end = .

emul_bbram_driver_api_area
                0x0000000008006020        0x0
                0x0000000008006020                _emul_bbram_driver_api_list_start = .
 *(SORT_BY_NAME(SORT_BY_ALIGNMENT(._emul_bbram_driver_api.static.*)))
                0x0000000008006020                _emul_bbram_driver_api_list_end = .

fuel_gauge_emul_driver_api_area
                0x0000000008006020        0x0
                0x0000000008006020                _fuel_gauge_emul_driver_api_list_start = .
 *(SORT_BY_NAME(SORT_BY_ALIGNMENT(._fuel_gauge_emul_driver_api.static.*)))
                0x0000000008006020                _fuel_gauge_emul_driver_api_list_end = .

emul_sensor_driver_api_area
                0x0000000008006020        0x0
                0x0000000008006020                _emul_sensor_driver_api_list_start = .
 *(SORT_BY_NAME(SORT_BY_ALIGNMENT(._emul_sensor_driver_api.static.*)))
                0x0000000008006020                _emul_sensor_driver_api_list_end = .

entropy_driver_api_area
                0x0000000008006020        0x0
                0x0000000008006020                _entropy_driver_api_list_start = .
 *(SORT_BY_NAME(SORT_BY_ALIGNMENT(._entropy_driver_api.static.*)))
                0x0000000008006020                _entropy_driver_api_list_end = .

espi_driver_api_area
                0x0000000008006020        0x0
                0x0000000008006020                _espi_driver_api_list_start = .
 *(SORT_BY_NAME(SORT_BY_ALIGNMENT(._espi_driver_api.static.*)))
                0x0000000008006020                _espi_driver_api_list_end = .

espi_saf_driver_api_area
                0x0000000008006020        0x0
                0x0000000008006020                _espi_saf_driver_api_list_start = .
 *(SORT_BY_NAME(SORT_BY_ALIGNMENT(._espi_saf_driver_api.static.*)))
                0x0000000008006020                _espi_saf_driver_api_list_end = .

flash_driver_api_area
                0x0000000008006020        0x0
                0x0000000008006020                _flash_driver_api_list_start = .
 *(SORT_BY_NAME(SORT_BY_ALIGNMENT(._flash_driver_api.static.*)))
                0x0000000008006020                _flash_driver_api_list_end = .

fpga_driver_api_area
                0x0000000008006020        0x0
                0x0000000008006020                _fpga_driver_api_list_start = .
 *(SORT_BY_NAME(SORT_BY_ALIGNMENT(._fpga_driver_api.static.*)))
                0x0000000008006020                _fpga_driver_api_list_end = .

fuel_gauge_driver_api_area
                0x0000000008006020        0x0
                0x0000000008006020                _fuel_gauge_driver_api_list_start = .
 *(SORT_BY_NAME(SORT_BY_ALIGNMENT(._fuel_gauge_driver_api.static.*)))
                0x0000000008006020                _fuel_gauge_driver_api_list_end = .

gnss_driver_api_area
                0x0000000008006020        0x0
                0x0000000008006020                _gnss_driver_api_list_start = .
 *(SORT_BY_NAME(SORT_BY_ALIGNMENT(._gnss_driver_api.static.*)))
                0x0000000008006020                _gnss_driver_api_list_end = .

haptics_driver_api_area
                0x0000000008006020        0x0
                0x0000000008006020                _haptics_driver_api_list_start = .
 *(SORT_BY_NAME(SORT_BY_ALIGNMENT(._haptics_driver_api.static.*)))
                0x0000000008006020                _haptics_driver_api_list_end = .

hwspinlock_driver_api_area
                0x0000000008006020        0x0
                0x0000000008006020                _hwspinlock_driver_api_list_start = .
 *(SORT_BY_NAME(SORT_BY_ALIGNMENT(._hwspinlock_driver_api.static.*)))
                0x0000000008006020                _hwspinlock_driver_api_list_end = .

i2c_driver_api_area
                0x0000000008006020        0x0
                0x0000000008006020                _i2c_driver_api_list_start = .
 *(SORT_BY_NAME(SORT_BY_ALIGNMENT(._i2c_driver_api.static.*)))
                0x0000000008006020                _i2c_driver_api_list_end = .

i2c_target_driver_api_area
                0x0000000008006020        0x0
                0x0000000008006020                _i2c_target_driver_api_list_start = .
 *(SORT_BY_NAME(SORT_BY_ALIGNMENT(._i2c_target_driver_api.static.*)))
                0x0000000008006020                _i2c_target_driver_api_list_end = .

i2s_driver_api_area
                0x0000000008006020        0x0
                0x0000000008006020                _i2s_driver_api_list_start = .
 *(SORT_BY_NAME(SORT_BY_ALIGNMENT(._i2s_driver_api.static.*)))
                0x0000000008006020                _i2s_driver_api_list_end = .

i3c_driver_api_area
                0x0000000008006020        0x0
                0x0000000008006020                _i3c_driver_api_list_start = .
 *(SORT_BY_NAME(SORT_BY_ALIGNMENT(._i3c_driver_api.static.*)))
                0x0000000008006020                _i3c_driver_api_list_end = .

ipm_driver_api_area
                0x0000000008006020        0x0
                0x0000000008006020                _ipm_driver_api_list_start = .
 *(SORT_BY_NAME(SORT_BY_ALIGNMENT(._ipm_driver_api.static.*)))
                0x0000000008006020                _ipm_driver_api_list_end = .

led_driver_api_area
                0x0000000008006020        0x0
                0x0000000008006020                _led_driver_api_list_start = .
 *(SORT_BY_NAME(SORT_BY_ALIGNMENT(._led_driver_api.static.*)))
                0x0000000008006020                _led_driver_api_list_end = .

led_strip_driver_api_area
                0x0000000008006020        0x0
                0x0000000008006020                _led_strip_driver_api_list_start = .
 *(SORT_BY_NAME(SORT_BY_ALIGNMENT(._led_strip_driver_api.static.*)))
                0x0000000008006020                _led_strip_driver_api_list_end = .

lora_driver_api_area
                0x0000000008006020        0x0
                0x0000000008006020                _lora_driver_api_list_start = .
 *(SORT_BY_NAME(SORT_BY_ALIGNMENT(._lora_driver_api.static.*)))
                0x0000000008006020                _lora_driver_api_list_end = .

mbox_driver_api_area
                0x0000000008006020        0x0
                0x0000000008006020                _mbox_driver_api_list_start = .
 *(SORT_BY_NAME(SORT_BY_ALIGNMENT(._mbox_driver_api.static.*)))
                0x0000000008006020                _mbox_driver_api_list_end = .

mdio_driver_api_area
                0x0000000008006020        0x0
                0x0000000008006020                _mdio_driver_api_list_start = .
 *(SORT_BY_NAME(SORT_BY_ALIGNMENT(._mdio_driver_api.static.*)))
                0x0000000008006020                _mdio_driver_api_list_end = .

mipi_dbi_driver_api_area
                0x0000000008006020        0x0
                0x0000000008006020                _mipi_dbi_driver_api_list_start = .
 *(SORT_BY_NAME(SORT_BY_ALIGNMENT(._mipi_dbi_driver_api.static.*)))
                0x0000000008006020                _mipi_dbi_driver_api_list_end = .

mipi_dsi_driver_api_area
                0x0000000008006020        0x0
                0x0000000008006020                _mipi_dsi_driver_api_list_start = .
 *(SORT_BY_NAME(SORT_BY_ALIGNMENT(._mipi_dsi_driver_api.static.*)))
                0x0000000008006020                _mipi_dsi_driver_api_list_end = .

mspi_driver_api_area
                0x0000000008006020        0x0
                0x0000000008006020                _mspi_driver_api_list_start = .
 *(SORT_BY_NAME(SORT_BY_ALIGNMENT(._mspi_driver_api.static.*)))
                0x0000000008006020                _mspi_driver_api_list_end = .

peci_driver_api_area
                0x0000000008006020        0x0
                0x0000000008006020                _peci_driver_api_list_start = .
 *(SORT_BY_NAME(SORT_BY_ALIGNMENT(._peci_driver_api.static.*)))
                0x0000000008006020                _peci_driver_api_list_end = .

ps2_driver_api_area
                0x0000000008006020        0x0
                0x0000000008006020                _ps2_driver_api_list_start = .
 *(SORT_BY_NAME(SORT_BY_ALIGNMENT(._ps2_driver_api.static.*)))
                0x0000000008006020                _ps2_driver_api_list_end = .

ptp_clock_driver_api_area
                0x0000000008006020        0x0
                0x0000000008006020                _ptp_clock_driver_api_list_start = .
 *(SORT_BY_NAME(SORT_BY_ALIGNMENT(._ptp_clock_driver_api.static.*)))
                0x0000000008006020                _ptp_clock_driver_api_list_end = .

pwm_driver_api_area
                0x0000000008006020        0x0
                0x0000000008006020                _pwm_driver_api_list_start = .
 *(SORT_BY_NAME(SORT_BY_ALIGNMENT(._pwm_driver_api.static.*)))
                0x0000000008006020                _pwm_driver_api_list_end = .

regulator_parent_driver_api_area
                0x0000000008006020        0x0
                0x0000000008006020                _regulator_parent_driver_api_list_start = .
 *(SORT_BY_NAME(SORT_BY_ALIGNMENT(._regulator_parent_driver_api.static.*)))
                0x0000000008006020                _regulator_parent_driver_api_list_end = .

regulator_driver_api_area
                0x0000000008006020        0x0
                0x0000000008006020                _regulator_driver_api_list_start = .
 *(SORT_BY_NAME(SORT_BY_ALIGNMENT(._regulator_driver_api.static.*)))
                0x0000000008006020                _regulator_driver_api_list_end = .

retained_mem_driver_api_area
                0x0000000008006020        0x0
                0x0000000008006020                _retained_mem_driver_api_list_start = .
 *(SORT_BY_NAME(SORT_BY_ALIGNMENT(._retained_mem_driver_api.static.*)))
                0x0000000008006020                _retained_mem_driver_api_list_end = .

rtc_driver_api_area
                0x0000000008006020        0x0
                0x0000000008006020                _rtc_driver_api_list_start = .
 *(SORT_BY_NAME(SORT_BY_ALIGNMENT(._rtc_driver_api.static.*)))
                0x0000000008006020                _rtc_driver_api_list_end = .

sdhc_driver_api_area
                0x0000000008006020        0x0
                0x0000000008006020                _sdhc_driver_api_list_start = .
 *(SORT_BY_NAME(SORT_BY_ALIGNMENT(._sdhc_driver_api.static.*)))
                0x0000000008006020                _sdhc_driver_api_list_end = .

sensor_driver_api_area
                0x0000000008006020        0x0
                0x0000000008006020                _sensor_driver_api_list_start = .
 *(SORT_BY_NAME(SORT_BY_ALIGNMENT(._sensor_driver_api.static.*)))
                0x0000000008006020                _sensor_driver_api_list_end = .

smbus_driver_api_area
                0x0000000008006020        0x0
                0x0000000008006020                _smbus_driver_api_list_start = .
 *(SORT_BY_NAME(SORT_BY_ALIGNMENT(._smbus_driver_api.static.*)))
                0x0000000008006020                _smbus_driver_api_list_end = .

spi_driver_api_area
                0x0000000008006020        0x0
                0x0000000008006020                _spi_driver_api_list_start = .
 *(SORT_BY_NAME(SORT_BY_ALIGNMENT(._spi_driver_api.static.*)))
                0x0000000008006020                _spi_driver_api_list_end = .

stepper_driver_api_area
                0x0000000008006020        0x0
                0x0000000008006020                _stepper_driver_api_list_start = .
 *(SORT_BY_NAME(SORT_BY_ALIGNMENT(._stepper_driver_api.static.*)))
                0x0000000008006020                _stepper_driver_api_list_end = .

syscon_driver_api_area
                0x0000000008006020        0x0
                0x0000000008006020                _syscon_driver_api_list_start = .
 *(SORT_BY_NAME(SORT_BY_ALIGNMENT(._syscon_driver_api.static.*)))
                0x0000000008006020                _syscon_driver_api_list_end = .

tee_driver_api_area
                0x0000000008006020        0x0
                0x0000000008006020                _tee_driver_api_list_start = .
 *(SORT_BY_NAME(SORT_BY_ALIGNMENT(._tee_driver_api.static.*)))
                0x0000000008006020                _tee_driver_api_list_end = .

video_driver_api_area
                0x0000000008006020        0x0
                0x0000000008006020                _video_driver_api_list_start = .
 *(SORT_BY_NAME(SORT_BY_ALIGNMENT(._video_driver_api.static.*)))
                0x0000000008006020                _video_driver_api_list_end = .

w1_driver_api_area
                0x0000000008006020        0x0
                0x0000000008006020                _w1_driver_api_list_start = .
 *(SORT_BY_NAME(SORT_BY_ALIGNMENT(._w1_driver_api.static.*)))
                0x0000000008006020                _w1_driver_api_list_end = .

wdt_driver_api_area
                0x0000000008006020        0x0
                0x0000000008006020                _wdt_driver_api_list_start = .
 *(SORT_BY_NAME(SORT_BY_ALIGNMENT(._wdt_driver_api.static.*)))
                0x0000000008006020                _wdt_driver_api_list_end = .

can_transceiver_driver_api_area
                0x0000000008006020        0x0
                0x0000000008006020                _can_transceiver_driver_api_list_start = .
 *(SORT_BY_NAME(SORT_BY_ALIGNMENT(._can_transceiver_driver_api.static.*)))
                0x0000000008006020                _can_transceiver_driver_api_list_end = .

nrf_clock_control_driver_api_area
                0x0000000008006020        0x0
                0x0000000008006020                _nrf_clock_control_driver_api_list_start = .
 *(SORT_BY_NAME(SORT_BY_ALIGNMENT(._nrf_clock_control_driver_api.static.*)))
                0x0000000008006020                _nrf_clock_control_driver_api_list_end = .

i3c_target_driver_api_area
                0x0000000008006020        0x0
                0x0000000008006020                _i3c_target_driver_api_list_start = .
 *(SORT_BY_NAME(SORT_BY_ALIGNMENT(._i3c_target_driver_api.static.*)))
                0x0000000008006020                _i3c_target_driver_api_list_end = .

its_driver_api_area
                0x0000000008006020        0x0
                0x0000000008006020                _its_driver_api_list_start = .
 *(SORT_BY_NAME(SORT_BY_ALIGNMENT(._its_driver_api.static.*)))
                0x0000000008006020                _its_driver_api_list_end = .

vtd_driver_api_area
                0x0000000008006020        0x0
                0x0000000008006020                _vtd_driver_api_list_start = .
 *(SORT_BY_NAME(SORT_BY_ALIGNMENT(._vtd_driver_api.static.*)))
                0x0000000008006020                _vtd_driver_api_list_end = .

renesas_elc_driver_api_area
                0x0000000008006020        0x0
                0x0000000008006020                _renesas_elc_driver_api_list_start = .
 *(SORT_BY_NAME(SORT_BY_ALIGNMENT(._renesas_elc_driver_api.static.*)))
                0x0000000008006020                _renesas_elc_driver_api_list_end = .

tgpio_driver_api_area
                0x0000000008006020        0x0
                0x0000000008006020                _tgpio_driver_api_list_start = .
 *(SORT_BY_NAME(SORT_BY_ALIGNMENT(._tgpio_driver_api.static.*)))
                0x0000000008006020                _tgpio_driver_api_list_end = .

pcie_ctrl_driver_api_area
                0x0000000008006020        0x0
                0x0000000008006020                _pcie_ctrl_driver_api_list_start = .
 *(SORT_BY_NAME(SORT_BY_ALIGNMENT(._pcie_ctrl_driver_api.static.*)))
                0x0000000008006020                _pcie_ctrl_driver_api_list_end = .

pcie_ep_driver_api_area
                0x0000000008006020        0x0
                0x0000000008006020                _pcie_ep_driver_api_list_start = .
 *(SORT_BY_NAME(SORT_BY_ALIGNMENT(._pcie_ep_driver_api.static.*)))
                0x0000000008006020                _pcie_ep_driver_api_list_end = .

svc_driver_api_area
                0x0000000008006020        0x0
                0x0000000008006020                _svc_driver_api_list_start = .
 *(SORT_BY_NAME(SORT_BY_ALIGNMENT(._svc_driver_api.static.*)))
                0x0000000008006020                _svc_driver_api_list_end = .

uart_driver_api_area
                0x0000000008006020       0x14
                0x0000000008006020                _uart_driver_api_list_start = .
 *(SORT_BY_NAME(SORT_BY_ALIGNMENT(._uart_driver_api.static.*)))
 ._uart_driver_api.static.uart_stm32_driver_api_
                0x0000000008006020       0x14 zephyr/drivers/serial/libdrivers__serial.a(uart_stm32.c.obj)
                0x0000000008006034                _uart_driver_api_list_end = .

bc12_emul_driver_api_area
                0x0000000008006034        0x0
                0x0000000008006034                _bc12_emul_driver_api_list_start = .
 *(SORT_BY_NAME(SORT_BY_ALIGNMENT(._bc12_emul_driver_api.static.*)))
                0x0000000008006034                _bc12_emul_driver_api_list_end = .

bc12_driver_api_area
                0x0000000008006034        0x0
                0x0000000008006034                _bc12_driver_api_list_start = .
 *(SORT_BY_NAME(SORT_BY_ALIGNMENT(._bc12_driver_api.static.*)))
                0x0000000008006034                _bc12_driver_api_list_end = .

usbc_ppc_driver_api_area
                0x0000000008006034        0x0
                0x0000000008006034                _usbc_ppc_driver_api_list_start = .
 *(SORT_BY_NAME(SORT_BY_ALIGNMENT(._usbc_ppc_driver_api.static.*)))
                0x0000000008006034                _usbc_ppc_driver_api_list_end = .

tcpc_driver_api_area
                0x0000000008006034        0x0
                0x0000000008006034                _tcpc_driver_api_list_start = .
 *(SORT_BY_NAME(SORT_BY_ALIGNMENT(._tcpc_driver_api.static.*)))
                0x0000000008006034                _tcpc_driver_api_list_end = .

usbc_vbus_driver_api_area
                0x0000000008006034        0x0
                0x0000000008006034                _usbc_vbus_driver_api_list_start = .
 *(SORT_BY_NAME(SORT_BY_ALIGNMENT(._usbc_vbus_driver_api.static.*)))
                0x0000000008006034                _usbc_vbus_driver_api_list_end = .

ivshmem_driver_api_area
                0x0000000008006034        0x0
                0x0000000008006034                _ivshmem_driver_api_list_start = .
 *(SORT_BY_NAME(SORT_BY_ALIGNMENT(._ivshmem_driver_api.static.*)))
                0x0000000008006034                _ivshmem_driver_api_list_end = .

ethphy_driver_api_area
                0x0000000008006034        0x0
                0x0000000008006034                _ethphy_driver_api_list_start = .
 *(SORT_BY_NAME(SORT_BY_ALIGNMENT(._ethphy_driver_api.static.*)))
                0x0000000008006034                _ethphy_driver_api_list_end = .

virtio_driver_api_area
                0x0000000008006034        0x0
                0x0000000008006034                _virtio_driver_api_list_start = .
 *(SORT_BY_NAME(SORT_BY_ALIGNMENT(._virtio_driver_api.static.*)))
                0x0000000008006034                _virtio_driver_api_list_end = .

ztest           0x0000000008006034        0x0
                0x0000000008006034                _ztest_expected_result_entry_list_start = .
 *(SORT_BY_NAME(SORT_BY_ALIGNMENT(._ztest_expected_result_entry.static.*)))
                0x0000000008006034                _ztest_expected_result_entry_list_end = .
                0x0000000008006034                _ztest_suite_node_list_start = .
 *(SORT_BY_NAME(SORT_BY_ALIGNMENT(._ztest_suite_node.static.*)))
                0x0000000008006034                _ztest_suite_node_list_end = .
                0x0000000008006034                _ztest_unit_test_list_start = .
 *(SORT_BY_NAME(SORT_BY_ALIGNMENT(._ztest_unit_test.static.*)))
                0x0000000008006034                _ztest_unit_test_list_end = .
                0x0000000008006034                _ztest_test_rule_list_start = .
 *(SORT_BY_NAME(SORT_BY_ALIGNMENT(._ztest_test_rule.static.*)))
                0x0000000008006034                _ztest_test_rule_list_end = .

init_array      0x0000000008006034        0x0
                0x0000000008006034                __zephyr_init_array_start = .
 *(SORT_BY_INIT_PRIORITY(.init_array.*) SORT_BY_INIT_PRIORITY(.ctors.*))
 *(SORT_BY_ALIGNMENT(.init_array) SORT_BY_ALIGNMENT(.ctors))
                0x0000000008006034                __zephyr_init_array_end = .
                0x0000000000000001                ASSERT ((__zephyr_init_array_start == __zephyr_init_array_end), GNU-style constructors required but STATIC_INIT_GNU not enabled)

bt_l2cap_fixed_chan_area
                0x0000000008006034        0x0
                0x0000000008006034                _bt_l2cap_fixed_chan_list_start = .
 *(SORT_BY_NAME(SORT_BY_ALIGNMENT(._bt_l2cap_fixed_chan.static.*)))
                0x0000000008006034                _bt_l2cap_fixed_chan_list_end = .

bt_gatt_service_static_area
                0x0000000008006034        0x0
                0x0000000008006034                _bt_gatt_service_static_list_start = .
 *(SORT_BY_NAME(SORT_BY_ALIGNMENT(._bt_gatt_service_static.static.*)))
                0x0000000008006034                _bt_gatt_service_static_list_end = .

log_strings_area
                0x0000000008006034        0x0
                0x0000000008006034                _log_strings_list_start = .
 *(SORT_BY_NAME(SORT_BY_ALIGNMENT(._log_strings.static.*)))
                0x0000000008006034                _log_strings_list_end = .

log_stmesp_ptr_area
                0x0000000008006034        0x0
                0x0000000008006034                _log_stmesp_ptr_list_start = .
 *(SORT_BY_NAME(SORT_BY_ALIGNMENT(._log_stmesp_ptr.static.*)))
                0x0000000008006034                _log_stmesp_ptr_list_end = .

log_stmesp_str_area
                0x0000000008006034        0x0
                0x0000000008006034                _log_stmesp_str_list_start = .
 *(SORT_BY_NAME(SORT_BY_ALIGNMENT(._log_stmesp_str.static.*)))
                0x0000000008006034                _log_stmesp_str_list_end = .

log_const_area  0x0000000008006034       0x50
                0x0000000008006034                _log_const_list_start = .
 *(SORT_BY_NAME(SORT_BY_ALIGNMENT(._log_const.static.*)))
 ._log_const.static.log_const_cbprintf_package_
                0x0000000008006034        0x8 zephyr/libzephyr.a(cbprintf_packaged.c.obj)
                0x0000000008006034                log_const_cbprintf_package
 ._log_const.static.log_const_log_
                0x000000000800603c        0x8 zephyr/libzephyr.a(log_core.c.obj)
                0x000000000800603c                log_const_log
 ._log_const.static.log_const_log_mgmt_
                0x0000000008006044        0x8 zephyr/libzephyr.a(log_mgmt.c.obj)
                0x0000000008006044                log_const_log_mgmt
 ._log_const.static.log_const_log_uart_
                0x000000000800604c        0x8 zephyr/libzephyr.a(log_backend_uart.c.obj)
                0x000000000800604c                log_const_log_uart
 ._log_const.static.log_const_main_
                0x0000000008006054        0x8 app/libapp.a(main.c.obj)
                0x0000000008006054                log_const_main
 ._log_const.static.log_const_mpu_
                0x000000000800605c        0x8 zephyr/arch/arch/arm/core/mpu/libarch__arm__core__mpu.a(arm_core_mpu.c.obj)
                0x000000000800605c                log_const_mpu
 ._log_const.static.log_const_os_
                0x0000000008006064        0x8 zephyr/kernel/libkernel.a(init.c.obj)
                0x0000000008006064                log_const_os
 ._log_const.static.log_const_stm32_
                0x000000000800606c        0x8 zephyr/drivers/gpio/libdrivers__gpio.a(gpio_stm32.c.obj)
                0x000000000800606c                log_const_stm32
 ._log_const.static.log_const_stm32_backup_domain_
                0x0000000008006074        0x8 zephyr/libzephyr.a(stm32_backup_domain.c.obj)
                0x0000000008006074                log_const_stm32_backup_domain
 ._log_const.static.log_const_uart_stm32_
                0x000000000800607c        0x8 zephyr/drivers/serial/libdrivers__serial.a(uart_stm32.c.obj)
                0x000000000800607c                log_const_uart_stm32
                0x0000000008006084                _log_const_list_end = .

log_backend_area
                0x0000000008006084       0x10
                0x0000000008006084                _log_backend_list_start = .
 *(SORT_BY_NAME(SORT_BY_ALIGNMENT(._log_backend.static.*)))
 ._log_backend.static.log_backend_uart_
                0x0000000008006084       0x10 zephyr/libzephyr.a(log_backend_uart.c.obj)
                0x0000000008006094                _log_backend_list_end = .

log_link_area   0x0000000008006094        0x0
                0x0000000008006094                _log_link_list_start = .
 *(SORT_BY_NAME(SORT_BY_ALIGNMENT(._log_link.static.*)))
                0x0000000008006094                _log_link_list_end = .

tracing_backend_area
                0x0000000008006094        0x0
                0x0000000008006094                _tracing_backend_list_start = .
 *(SORT_BY_NAME(SORT_BY_ALIGNMENT(._tracing_backend.static.*)))
                0x0000000008006094                _tracing_backend_list_end = .

zephyr_dbg_info
 *(SORT_BY_ALIGNMENT(.dbg_thread_info))

intc_table_area
                0x0000000008006094        0x0
                0x0000000008006094                _intc_table_list_start = .
 *(SORT_BY_NAME(SORT_BY_ALIGNMENT(._intc_table.static.*)))
                0x0000000008006094                _intc_table_list_end = .

symbol_to_keep  0x0000000008006094        0x0
                0x0000000008006094                __symbol_to_keep_start = .
 *(SORT_BY_NAME(SORT_BY_ALIGNMENT(.symbol_to_keep*)))
                0x0000000008006094                __symbol_to_keep_end = .

shell_area      0x0000000008006094        0x0
                0x0000000008006094                _shell_list_start = .
 *(SORT_BY_NAME(SORT_BY_ALIGNMENT(._shell.static.*)))
                0x0000000008006094                _shell_list_end = .

shell_root_cmds_area
                0x0000000008006094        0x0
                0x0000000008006094                _shell_root_cmds_list_start = .
 *(SORT_BY_NAME(SORT_BY_ALIGNMENT(._shell_root_cmds.static.*)))
                0x0000000008006094                _shell_root_cmds_list_end = .

shell_subcmds_area
                0x0000000008006094        0x0
                0x0000000008006094                _shell_subcmds_list_start = .
 *(SORT_BY_NAME(SORT_BY_ALIGNMENT(._shell_subcmds.static.*)))
                0x0000000008006094                _shell_subcmds_list_end = .

shell_dynamic_subcmds_area
                0x0000000008006094        0x0
                0x0000000008006094                _shell_dynamic_subcmds_list_start = .
 *(SORT_BY_NAME(SORT_BY_ALIGNMENT(._shell_dynamic_subcmds.static.*)))
                0x0000000008006094                _shell_dynamic_subcmds_list_end = .

cfb_font_area   0x0000000008006094        0x0
                0x0000000008006094                _cfb_font_list_start = .
 *(SORT_BY_NAME(SORT_BY_ALIGNMENT(._cfb_font.static.*)))