Archive member included to satisfy reference by file (symbol)

app/libapp.a(main.c.obj)      (--whole-archive)
zephyr/libzephyr.a(heap.c.obj)
                              (--whole-archive)
zephyr/libzephyr.a(cbprintf_packaged.c.obj)
                              (--whole-archive)
zephyr/libzephyr.a(clock.c.obj)
                              (--whole-archive)
zephyr/libzephyr.a(printk.c.obj)
                              (--whole-archive)
zephyr/libzephyr.a(sem.c.obj)
                              (--whole-archive)
zephyr/libzephyr.a(thread_entry.c.obj)
                              (--whole-archive)
zephyr/libzephyr.a(cbprintf_complete.c.obj)
                              (--whole-archive)
zephyr/libzephyr.a(assert.c.obj)
                              (--whole-archive)
zephyr/libzephyr.a(mpsc_pbuf.c.obj)
                              (--whole-archive)
zephyr/libzephyr.a(dec.c.obj)
                              (--whole-archive)
zephyr/libzephyr.a(hex.c.obj)
                              (--whole-archive)
zephyr/libzephyr.a(rb.c.obj)  (--whole-archive)
zephyr/libzephyr.a(timeutil.c.obj)
                              (--whole-archive)
zephyr/libzephyr.a(bitarray.c.obj)
                              (--whole-archive)
zephyr/libzephyr.a(ring_buffer.c.obj)
                              (--whole-archive)
zephyr/libzephyr.a(last_section_id.c.obj)
                              (--whole-archive)
zephyr/libzephyr.a(configs.c.obj)
                              (--whole-archive)
zephyr/libzephyr.a(stm32cube_hal.c.obj)
                              (--whole-archive)
zephyr/libzephyr.a(soc_config.c.obj)
                              (--whole-archive)
zephyr/libzephyr.a(stm32_backup_domain.c.obj)
                              (--whole-archive)
zephyr/libzephyr.a(soc.c.obj)
                              (--whole-archive)
zephyr/libzephyr.a(thread_analyzer.c.obj)
                              (--whole-archive)
zephyr/libzephyr.a(log_core.c.obj)
                              (--whole-archive)
zephyr/libzephyr.a(log_mgmt.c.obj)
                              (--whole-archive)
zephyr/libzephyr.a(log_cache.c.obj)
                              (--whole-archive)
zephyr/libzephyr.a(log_msg.c.obj)
                              (--whole-archive)
zephyr/libzephyr.a(log_output.c.obj)
                              (--whole-archive)
zephyr/libzephyr.a(mem_attr.c.obj)
                              (--whole-archive)
zephyr/libzephyr.a(tracing_none.c.obj)
                              (--whole-archive)
zephyr/libzephyr.a(usb_device.c.obj)
                              (--whole-archive)
zephyr/libzephyr.a(usb_descriptor.c.obj)
                              (--whole-archive)
zephyr/libzephyr.a(usb_transfer.c.obj)
                              (--whole-archive)
zephyr/libzephyr.a(cdc_acm.c.obj)
                              (--whole-archive)
zephyr/libzephyr.a(usb_work_q.c.obj)
                              (--whole-archive)
zephyr/libzephyr.a(kernel_shell.c.obj)
                              (--whole-archive)
zephyr/libzephyr.a(cycles.c.obj)
                              (--whole-archive)
zephyr/libzephyr.a(sleep.c.obj)
                              (--whole-archive)
zephyr/libzephyr.a(uptime.c.obj)
                              (--whole-archive)
zephyr/libzephyr.a(version.c.obj)
                              (--whole-archive)
zephyr/libzephyr.a(log-level.c.obj)
                              (--whole-archive)
zephyr/libzephyr.a(thread.c.obj)
                              (--whole-archive)
zephyr/libzephyr.a(list.c.obj)
                              (--whole-archive)
zephyr/libzephyr.a(stacks.c.obj)
                              (--whole-archive)
zephyr/libzephyr.a(suspend.c.obj)
                              (--whole-archive)
zephyr/libzephyr.a(resume.c.obj)
                              (--whole-archive)
zephyr/libzephyr.a(kill.c.obj)
                              (--whole-archive)
zephyr/libzephyr.a(device_service.c.obj)
                              (--whole-archive)
zephyr/libzephyr.a(devmem_service.c.obj)
                              (--whole-archive)
zephyr/libzephyr.a(shell_uart.c.obj)
                              (--whole-archive)
zephyr/libzephyr.a(shell.c.obj)
                              (--whole-archive)
zephyr/libzephyr.a(shell_fprintf.c.obj)
                              (--whole-archive)
zephyr/libzephyr.a(shell_utils.c.obj)
                              (--whole-archive)
zephyr/libzephyr.a(shell_ops.c.obj)
                              (--whole-archive)
zephyr/libzephyr.a(shell_log_backend.c.obj)
                              (--whole-archive)
zephyr/libzephyr.a(shell_help.c.obj)
                              (--whole-archive)
zephyr/libzephyr.a(shell_cmds.c.obj)
                              (--whole-archive)
zephyr/libzephyr.a(shell_history.c.obj)
                              (--whole-archive)
zephyr/libzephyr.a(shell_wildcard.c.obj)
                              (--whole-archive)
[...]
Memory Configuration

Name             Origin             Length             Attributes
FLASH            0x0000000008000000 0x0000000000200000 xr
RAM              0x0000000020000000 0x0000000000030000 xw
CCM              0x0000000010000000 0x0000000000010000 rw
SDRAM2           0x00000000d0000000 0x0000000000800000 rw
IDT_LIST         0x00000000ffff7fff 0x0000000000008000 xw
*default*        0x0000000000000000 0xffffffffffffffff

Linker script and memory map

                0x000000000800bf58                vfprintf = __d_vfprintf
                0x0000000000000000                vfscanf = __d_vfscanf
LOAD zephyr/CMakeFiles/zephyr_pre0.dir/misc/empty_file.c.obj
LOAD zephyr/CMakeFiles/offsets.dir/./arch/arm/core/offsets/offsets.c.obj
LOAD app/libapp.a
LOAD zephyr/libzephyr.a
LOAD zephyr/arch/common/libarch__common.a
LOAD zephyr/arch/arch/arm/core/libarch__arm__core.a
LOAD zephyr/arch/arch/arm/core/cortex_m/libarch__arm__core__cortex_m.a
LOAD zephyr/arch/arch/arm/core/mpu/libarch__arm__core__mpu.a
LOAD zephyr/lib/libc/picolibc/liblib__libc__picolibc.a
LOAD zephyr/lib/libc/common/liblib__libc__common.a
LOAD zephyr/lib/posix/options/liblib__posix__options.a
LOAD zephyr/drivers/interrupt_controller/libdrivers__interrupt_controller.a
LOAD zephyr/drivers/usb/device/libdrivers__usb__device.a
LOAD zephyr/drivers/adc/libdrivers__adc.a
LOAD zephyr/drivers/clock_control/libdrivers__clock_control.a
LOAD zephyr/drivers/console/libdrivers__console.a
LOAD zephyr/drivers/counter/libdrivers__counter.a
LOAD zephyr/drivers/dac/libdrivers__dac.a
LOAD zephyr/drivers/gpio/libdrivers__gpio.a
LOAD zephyr/drivers/hwinfo/libdrivers__hwinfo.a
LOAD zephyr/drivers/pinctrl/libdrivers__pinctrl.a
LOAD zephyr/drivers/reset/libdrivers__reset.a
LOAD zephyr/drivers/serial/libdrivers__serial.a
LOAD zephyr/drivers/timer/libdrivers__timer.a
LOAD modules/hal_stm32/stm32cube/lib..__modules__hal__stm32__stm32cube.a
LOAD zephyr/kernel/libkernel.a
LOAD zephyr/arch/common/libisr_tables.a
LOAD c:\zephyr-sdk-0.17.2\arm-zephyr-eabi\bin\../lib/gcc/../../picolibc/arm-zephyr-eabi/lib/thumb/v7e-m+fp/hard\libc.a
LOAD c:/zephyr-sdk-0.17.2/arm-zephyr-eabi/bin/../lib/gcc/arm-zephyr-eabi/12.2.0/thumb/v7e-m+fp/hard\libgcc.a
                0x0000000000000080                _region_min_align = 0x80

.rel.plt        0x0000000008000000        0x0
 *(SORT_BY_ALIGNMENT(.rel.plt))
                [!provide]                        PROVIDE (__rel_iplt_start = .)
 *(SORT_BY_ALIGNMENT(.rel.iplt))
 .rel.iplt      0x0000000008000000        0x0 app/libapp.a(main.c.obj)
                [!provide]                        PROVIDE (__rel_iplt_end = .)

.rela.plt       0x0000000000000000        0x0
 *(SORT_BY_ALIGNMENT(.rela.plt))
                [!provide]                        PROVIDE (__rela_iplt_start = .)
 *(SORT_BY_ALIGNMENT(.rela.iplt))
                [!provide]                        PROVIDE (__rela_iplt_end = .)

.rel.dyn
 *(SORT_BY_ALIGNMENT(.rel.*))

.rela.dyn
 *(SORT_BY_ALIGNMENT(.rela.*))

/DISCARD/
 *(SORT_BY_ALIGNMENT(.plt))

/DISCARD/
 *(SORT_BY_ALIGNMENT(.iplt))
                0x0000000008000000                __rom_region_start = 0x8000000

rom_start       0x0000000008000000      0x1ac
                0x0000000008000000                __rom_start_address = .
 FILL mask 0x00
                0x0000000008000000                . = (. + (0x0 - (. - __rom_start_address)))
                0x0000000008000000                . = ALIGN (0x4)
                0x0000000008000000                . = ALIGN (0x80)
                0x0000000008000000                . = ALIGN (0x200)
                0x0000000008000000                _vector_start = .
 *(SORT_BY_ALIGNMENT(.exc_vector_table))
 *(SORT_BY_ALIGNMENT(.exc_vector_table.*))
 .exc_vector_table._vector_table_section
                0x0000000008000000       0x40 zephyr/arch/arch/arm/core/cortex_m/libarch__arm__core__cortex_m.a(vector_table.S.obj)
                0x0000000008000000                _vector_table
 *(SORT_BY_ALIGNMENT(.vectors))
                0x00000000080001ac                _vector_end = .
                0x0000000008000040                . = ALIGN (0x4)
 *(SORT_BY_ALIGNMENT(.gnu.linkonce.irq_vector_table*))
 .gnu.linkonce.irq_vector_table
                0x0000000008000040      0x16c zephyr/arch/common/libisr_tables.a(isr_tables.c.obj)
                0x0000000008000040                _irq_vector_table
                0x00000000080001ac                _vector_end = .

text            0x00000000080001b0    0x11490
                0x00000000080001b0                __text_region_start = .
 *(SORT_BY_ALIGNMENT(.text))
 .text          0x00000000080001b0       0xa0 c:/zephyr-sdk-0.17.2/arm-zephyr-eabi/bin/../lib/gcc/arm-zephyr-eabi/12.2.0/thumb/v7e-m+fp/hard\libgcc.a(_aeabi_ldivmod.o)
                0x00000000080001b0                __aeabi_ldivmod
 .text          0x0000000008000250       0x30 c:/zephyr-sdk-0.17.2/arm-zephyr-eabi/bin/../lib/gcc/arm-zephyr-eabi/12.2.0/thumb/v7e-m+fp/hard\libgcc.a(_aeabi_uldivmod.o)
                0x0000000008000250                __aeabi_uldivmod
 .text          0x0000000008000280        0x4 c:/zephyr-sdk-0.17.2/arm-zephyr-eabi/bin/../lib/gcc/arm-zephyr-eabi/12.2.0/thumb/v7e-m+fp/hard\libgcc.a(_dvmd_tls.o)
                0x0000000008000280                __aeabi_idiv0
                0x0000000008000280                __aeabi_ldiv0
 .text          0x0000000008000284       0x14 c:\zephyr-sdk-0.17.2\arm-zephyr-eabi\bin\../lib/gcc/../../picolibc/arm-zephyr-eabi/lib/thumb/v7e-m+fp/hard\libc.a(strcmp.S.o)
                0x0000000008000284                strcmp
 .text          0x0000000008000298       0x10 c:\zephyr-sdk-0.17.2\arm-zephyr-eabi\bin\../lib/gcc/../../picolibc/arm-zephyr-eabi/lib/thumb/v7e-m+fp/hard\libc.a(strcpy.S.o)
                0x0000000008000298                strcpy
 .text          0x00000000080002a8       0x10 c:\zephyr-sdk-0.17.2\arm-zephyr-eabi\bin\../lib/gcc/../../picolibc/arm-zephyr-eabi/lib/thumb/v7e-m+fp/hard\libc.a(strlen.S.o)
                0x00000000080002a8                strlen
 .text          0x00000000080002b8       0x26 c:/zephyr-sdk-0.17.2/arm-zephyr-eabi/bin/../lib/gcc/arm-zephyr-eabi/12.2.0/thumb/v7e-m+fp/hard\libgcc.a(_popcountsi2.o)
                0x00000000080002b8                __popcountsi2
 .text          0x00000000080002de      0x2a0 c:/zephyr-sdk-0.17.2/arm-zephyr-eabi/bin/../lib/gcc/arm-zephyr-eabi/12.2.0/thumb/v7e-m+fp/hard\libgcc.a(_udivmoddi4.o)
                0x00000000080002de                __udivmoddi4
 *(SORT_BY_ALIGNMENT(.text.*))
 *fill*         0x000000000800057e        0x2 
 .text.cmd_kernel_uptime
                0x0000000008000580       0xe0 zephyr/libzephyr.a(uptime.c.obj)
 .text.cmd_help
                0x0000000008000660       0xb8 app/libapp.a(main.c.obj)
 .text.cmd_task_info
                0x0000000008000718       0x88 app/libapp.a(main.c.obj)
 .text.cmd_system_info
                0x00000000080007a0       0x90 app/libapp.a(main.c.obj)
 .text.cmd_adc_dac_control
                0x0000000008000830       0x68 app/libapp.a(main.c.obj)
 .text.specific_task_info_callback
                0x0000000008000898      0x138 app/libapp.a(main.c.obj)
 .text.thread_list_callback
                0x00000000080009d0       0x34 app/libapp.a(main.c.obj)
 .text.button_pressed
                0x0000000008000a04       0x60 app/libapp.a(main.c.obj)
                0x0000000008000a04                button_pressed
 .text.led_task
                0x0000000008000a64       0x7c app/libapp.a(main.c.obj)
                0x0000000008000a64                led_task
 .text.filter_task
                0x0000000008000ae0      0x1d8 app/libapp.a(main.c.obj)
                0x0000000008000ae0                filter_task
 .text.cmd_led_control
                0x0000000008000cb8       0x60 app/libapp.a(main.c.obj)
 .text.show_startup_help
                0x0000000008000d18       0x30 app/libapp.a(main.c.obj)
                0x0000000008000d18                show_startup_help
 .text.main     0x0000000008000d48      0x298 app/libapp.a(main.c.obj)
                0x0000000008000d48                main
 .text.cbvprintf_package
                0x0000000008000fe0      0x3a4 zephyr/libzephyr.a(cbprintf_packaged.c.obj)
                0x0000000008000fe0                cbvprintf_package
 .text.cbprintf_package_convert
                0x0000000008001384      0x3d4 zephyr/libzephyr.a(cbprintf_packaged.c.obj)
                0x0000000008001384                cbprintf_package_convert
 .text.__printk_hook_install
                0x0000000008001758        0xc zephyr/libzephyr.a(printk.c.obj)
                0x0000000008001758                __printk_hook_install
 .text.z_thread_entry
                0x0000000008001764       0x34 zephyr/libzephyr.a(thread_entry.c.obj)
                0x0000000008001764                z_thread_entry
 .text.timeutil_timegm64
                0x0000000008001798       0xf0 zephyr/libzephyr.a(timeutil.c.obj)
                0x0000000008001798                timeutil_timegm64
 .text.timeutil_timegm
                0x0000000008001888       0x20 zephyr/libzephyr.a(timeutil.c.obj)
                0x0000000008001888                timeutil_timegm
 .text.st_stm32_common_config
                0x00000000080018a8       0x14 zephyr/libzephyr.a(soc_config.c.obj)
 .text.stm32_backup_domain_enable_access
                0x00000000080018bc       0x3c zephyr/libzephyr.a(stm32_backup_domain.c.obj)
                0x00000000080018bc                stm32_backup_domain_enable_access
 .text.stm32_backup_domain_disable_access
                0x00000000080018f8       0x68 zephyr/libzephyr.a(stm32_backup_domain.c.obj)
                0x00000000080018f8                stm32_backup_domain_disable_access
 .text.soc_early_init_hook
                0x0000000008001960       0x30 zephyr/libzephyr.a(soc.c.obj)
                0x0000000008001960                soc_early_init_hook
 .text.thread_print_cb
                0x0000000008001990       0x64 zephyr/libzephyr.a(thread_analyzer.c.obj)
 .text.thread_analyze_cb
                0x00000000080019f4       0x8c zephyr/libzephyr.a(thread_analyzer.c.obj)
 .text.thread_analyzer_run
                0x0000000008001a80       0x54 zephyr/libzephyr.a(thread_analyzer.c.obj)
                0x0000000008001a80                thread_analyzer_run
 .text.thread_analyzer_print
                0x0000000008001ad4       0x20 zephyr/libzephyr.a(thread_analyzer.c.obj)
                0x0000000008001ad4                thread_analyzer_print
 .text.thread_analyzer_auto
                0x0000000008001af4       0x1c zephyr/libzephyr.a(thread_analyzer.c.obj)
                0x0000000008001af4                thread_analyzer_auto
 .text.activate_foreach_backend
                0x0000000008001b10       0x64 zephyr/libzephyr.a(log_core.c.obj)
 .text.enable_logger
                0x0000000008001b74       0x5c zephyr/libzephyr.a(log_core.c.obj)
 .text.log_process_thread_timer_expiry_fn
                0x0000000008001bd0        0xc zephyr/libzephyr.a(log_core.c.obj)
 .text.z_log_init
                0x0000000008001bdc       0x94 zephyr/libzephyr.a(log_core.c.obj)
 .text.log_set_timestamp_func
                0x0000000008001c70       0x20 zephyr/libzephyr.a(log_core.c.obj)
                0x0000000008001c70                log_set_timestamp_func
 .text.z_log_notify_backend_enabled
                0x0000000008001c90       0x1c zephyr/libzephyr.a(log_core.c.obj)
                0x0000000008001c90                z_log_notify_backend_enabled
 .text.z_log_dropped
                0x0000000008001cac       0x44 zephyr/libzephyr.a(log_core.c.obj)
                0x0000000008001cac                z_log_dropped
 .text.z_log_dropped_read_and_clear
                0x0000000008001cf0       0x20 zephyr/libzephyr.a(log_core.c.obj)
                0x0000000008001cf0                z_log_dropped_read_and_clear
 .text.dropped_notify
                0x0000000008001d10       0x30 zephyr/libzephyr.a(log_core.c.obj)
                0x0000000008001d10                dropped_notify
 .text.z_log_msg_init
                0x0000000008001d40       0x20 zephyr/libzephyr.a(log_core.c.obj)
                0x0000000008001d40                z_log_msg_init
 .text.log_core_init
                0x0000000008001d60       0x54 zephyr/libzephyr.a(log_core.c.obj)
                0x0000000008001d60                log_core_init
 .text.z_log_msg_alloc
                0x0000000008001db4       0x10 zephyr/libzephyr.a(log_core.c.obj)
                0x0000000008001db4                z_log_msg_alloc
 .text.z_log_msg_local_claim
                0x0000000008001dc4        0xc zephyr/libzephyr.a(log_core.c.obj)
                0x0000000008001dc4                z_log_msg_local_claim
 .text.z_log_msg_free
                0x0000000008001dd0       0x10 zephyr/libzephyr.a(log_core.c.obj)
                0x0000000008001dd0                z_log_msg_free
 .text.z_log_msg_pending
                0x0000000008001de0        0xc zephyr/libzephyr.a(log_core.c.obj)
                0x0000000008001de0                z_log_msg_pending
 .text.z_impl_log_process
                0x0000000008001dec       0xe8 zephyr/libzephyr.a(log_core.c.obj)
                0x0000000008001dec                z_impl_log_process
 .text.z_impl_log_panic
                0x0000000008001ed4       0x44 zephyr/libzephyr.a(log_core.c.obj)
                0x0000000008001ed4                z_impl_log_panic
 .text.log_process_thread_func
                0x0000000008001f18       0xa4 zephyr/libzephyr.a(log_core.c.obj)
 .text.z_log_msg_post_finalize
                0x0000000008001fbc       0x78 zephyr/libzephyr.a(log_core.c.obj)
 .text.z_log_msg_commit
                0x0000000008002034       0x24 zephyr/libzephyr.a(log_core.c.obj)
                0x0000000008002034                z_log_msg_commit
 .text.log_source_name_get
                0x0000000008002058       0x1c zephyr/libzephyr.a(log_mgmt.c.obj)
                0x0000000008002058                log_source_name_get
 .text.z_log_runtime_filters_init
                0x0000000008002074       0x3c zephyr/libzephyr.a(log_mgmt.c.obj)
                0x0000000008002074                z_log_runtime_filters_init
 .text.log_source_id_get
                0x00000000080020b0       0x38 zephyr/libzephyr.a(log_mgmt.c.obj)
                0x00000000080020b0                log_source_id_get
 .text.filter_set
                0x00000000080020e8       0xbc zephyr/libzephyr.a(log_mgmt.c.obj)
                0x00000000080020e8                filter_set
 .text.backend_filter_set
                0x00000000080021a4       0x30 zephyr/libzephyr.a(log_mgmt.c.obj)
 .text.log_filter_get
                0x00000000080021d4       0x4c zephyr/libzephyr.a(log_mgmt.c.obj)
                0x00000000080021d4                log_filter_get
 .text.z_impl_z_log_msg_static_create
                0x0000000008002220      0x110 zephyr/libzephyr.a(log_msg.c.obj)
                0x0000000008002220                z_impl_z_log_msg_static_create
 .text.z_log_msg_runtime_vcreate
                0x0000000008002330       0xb0 zephyr/libzephyr.a(log_msg.c.obj)
                0x0000000008002330                z_log_msg_runtime_vcreate
 .text.log_msg_get_source_id
                0x00000000080023e0       0x18 zephyr/libzephyr.a(log_msg.c.obj)
                0x00000000080023e0                log_msg_get_source_id
 .text.print_formatted
                0x00000000080023f8       0x24 zephyr/libzephyr.a(log_output.c.obj)
 .text.newline_print
                0x000000000800241c       0x1c zephyr/libzephyr.a(log_output.c.obj)
 .text.log_output_process
                0x0000000008002438      0x2d8 zephyr/libzephyr.a(log_output.c.obj)
                0x0000000008002438                log_output_process
 .text.log_output_dropped_process
                0x0000000008002710       0x58 zephyr/libzephyr.a(log_output.c.obj)
                0x0000000008002710                log_output_dropped_process
 .text.log_output_timestamp_freq_set
                0x0000000008002768       0x2c zephyr/libzephyr.a(log_output.c.obj)
                0x0000000008002768                log_output_timestamp_freq_set
 .text.mem_attr_get_regions
                0x0000000008002794        0xc zephyr/libzephyr.a(mem_attr.c.obj)
                0x0000000008002794                mem_attr_get_regions
 .text.class_handler
                0x00000000080027a0       0x44 zephyr/libzephyr.a(usb_device.c.obj)
 .text.custom_handler
                0x00000000080027e4       0x64 zephyr/libzephyr.a(usb_device.c.obj)
 .text.vendor_handler
                0x0000000008002848       0x3c zephyr/libzephyr.a(usb_device.c.obj)
 .text.usb_reset_alt_setting
                0x0000000008002884       0x10 zephyr/libzephyr.a(usb_device.c.obj)
 .text.is_ep_valid.part.0
                0x0000000008002894       0x38 zephyr/libzephyr.a(usb_device.c.obj)
 .text.usb_halt_endpoint_req
                0x00000000080028cc       0x88 zephyr/libzephyr.a(usb_device.c.obj)
 .text.get_ep_bm_from_addr.part.0
                0x0000000008002954       0x20 zephyr/libzephyr.a(usb_device.c.obj)
 .text.disable_endpoint
                0x0000000008002974       0x68 zephyr/libzephyr.a(usb_device.c.obj)
 .text.usb_handle_request.constprop.0
                0x00000000080029dc       0x2c zephyr/libzephyr.a(usb_device.c.obj)
 .text.forward_status_cb
                0x0000000008002a08       0xb0 zephyr/libzephyr.a(usb_device.c.obj)
 .text.set_endpoint
                0x0000000008002ab8       0xec zephyr/libzephyr.a(usb_device.c.obj)
 .text.usb_handle_standard_request
                0x0000000008002ba4      0x2f4 zephyr/libzephyr.a(usb_device.c.obj)
 .text.usb_write
                0x0000000008002e98       0x58 zephyr/libzephyr.a(usb_device.c.obj)
                0x0000000008002e98                usb_write
 .text.usb_data_to_host
                0x0000000008002ef0       0x60 zephyr/libzephyr.a(usb_device.c.obj)
 .text.usb_handle_control_transfer
                0x0000000008002f50       0xf4 zephyr/libzephyr.a(usb_device.c.obj)
 .text.usb_set_config
                0x0000000008003044       0x2c zephyr/libzephyr.a(usb_device.c.obj)
                0x0000000008003044                usb_set_config
 .text.usb_enable
                0x0000000008003070      0x174 zephyr/libzephyr.a(usb_device.c.obj)
                0x0000000008003070                usb_enable
 .text.usb_update_sn_string_descriptor
                0x00000000080031e4       0x88 zephyr/libzephyr.a(usb_descriptor.c.obj)
                0x00000000080031e4                usb_update_sn_string_descriptor
 .text.usb_get_device_descriptor
                0x000000000800326c      0x28c zephyr/libzephyr.a(usb_descriptor.c.obj)
                0x000000000800326c                usb_get_device_descriptor
 .text.usb_ep_get_transfer
                0x00000000080034f8       0x2c zephyr/libzephyr.a(usb_transfer.c.obj)
 .text.usb_transfer_work
                0x0000000008003524      0x11c zephyr/libzephyr.a(usb_transfer.c.obj)
 .text.usb_transfer_ep_callback
                0x0000000008003640       0x74 zephyr/libzephyr.a(usb_transfer.c.obj)
                0x0000000008003640                usb_transfer_ep_callback
 .text.usb_transfer
                0x00000000080036b4      0x120 zephyr/libzephyr.a(usb_transfer.c.obj)
                0x00000000080036b4                usb_transfer
 .text.usb_cancel_transfer
                0x00000000080037d4       0x3c zephyr/libzephyr.a(usb_transfer.c.obj)
                0x00000000080037d4                usb_cancel_transfer
 .text.usb_cancel_transfers
                0x0000000008003810       0x44 zephyr/libzephyr.a(usb_transfer.c.obj)
                0x0000000008003810                usb_cancel_transfers
 .text.usb_transfer_init
                0x0000000008003854       0x34 zephyr/libzephyr.a(usb_transfer.c.obj)
                0x0000000008003854                usb_transfer_init
 .text.cdc_acm_irq_rx_enable
                0x0000000008003888       0x20 zephyr/libzephyr.a(cdc_acm.c.obj)
 .text.cdc_acm_irq_tx_enable
                0x00000000080038a8       0x20 zephyr/libzephyr.a(cdc_acm.c.obj)
 .text.cdc_acm_fifo_fill
                0x00000000080038c8       0x3c zephyr/libzephyr.a(cdc_acm.c.obj)
 .text.cdc_acm_write_cb
                0x0000000008003904       0x54 zephyr/libzephyr.a(cdc_acm.c.obj)
 .text.cdc_acm_class_handle_req
                0x0000000008003958       0x64 zephyr/libzephyr.a(cdc_acm.c.obj)
                0x0000000008003958                cdc_acm_class_handle_req
 .text.cdc_acm_int_in
                0x00000000080039bc       0x18 zephyr/libzephyr.a(cdc_acm.c.obj)
 .text.cdc_acm_reset_port
                0x00000000080039d4       0x3c zephyr/libzephyr.a(cdc_acm.c.obj)
 .text.cdc_acm_init
                0x0000000008003a10       0x48 zephyr/libzephyr.a(cdc_acm.c.obj)
 .text.cdc_acm_send_notification.isra.0
                0x0000000008003a58       0x44 zephyr/libzephyr.a(cdc_acm.c.obj)
 .text.cdc_acm_poll_out
                0x0000000008003a9c       0x70 zephyr/libzephyr.a(cdc_acm.c.obj)
 .text.tx_work_handler
                0x0000000008003b0c       0x78 zephyr/libzephyr.a(cdc_acm.c.obj)
 .text.cdc_acm_read_cb
                0x0000000008003b84       0x74 zephyr/libzephyr.a(cdc_acm.c.obj)
 .text.cdc_acm_dev_status_cb
                0x0000000008003bf8       0x84 zephyr/libzephyr.a(cdc_acm.c.obj)
 .text.z_usb_work_q_init
                0x0000000008003c7c       0x34 zephyr/libzephyr.a(usb_work_q.c.obj)
 .text.cmd_kernel_cycles
                0x0000000008003cb0       0x1c zephyr/libzephyr.a(cycles.c.obj)
 .text.cmd_kernel_sleep
                0x0000000008003ccc       0x40 zephyr/libzephyr.a(sleep.c.obj)
 .text.cmd_kernel_version
                0x0000000008003d0c       0x18 zephyr/libzephyr.a(version.c.obj)
 .text.cmd_kernel_log_level_set
                0x0000000008003d24       0x84 zephyr/libzephyr.a(log-level.c.obj)
 .text.z_thread_is_valid
                0x0000000008003da8       0x20 zephyr/libzephyr.a(thread.c.obj)
                0x0000000008003da8                z_thread_is_valid
 .text.cmd_kernel_thread_list
                0x0000000008003dc8       0x34 zephyr/libzephyr.a(list.c.obj)
 .text.shell_tdata_dump
                0x0000000008003dfc      0x160 zephyr/libzephyr.a(list.c.obj)
 .text.cmd_kernel_thread_stacks
                0x0000000008003f5c       0x70 zephyr/libzephyr.a(stacks.c.obj)
 .text.shell_stack_dump
                0x0000000008003fcc       0x60 zephyr/libzephyr.a(stacks.c.obj)
 .text.cmd_kernel_thread_suspend
                0x000000000800402c       0x64 zephyr/libzephyr.a(suspend.c.obj)
 .text.cmd_kernel_thread_resume
                0x0000000008004090       0x64 zephyr/libzephyr.a(resume.c.obj)
 .text.cmd_kernel_thread_kill
                0x00000000080040f4       0x64 zephyr/libzephyr.a(kill.c.obj)
 .text.cmd_device_list
                0x0000000008004158       0xd8 zephyr/libzephyr.a(device_service.c.obj)
 .text.cmd_devmem
                0x0000000008004230       0xc4 zephyr/libzephyr.a(devmem_service.c.obj)
 .text.cmd_dump
                0x00000000080042f4      0x178 zephyr/libzephyr.a(devmem_service.c.obj)
 .text.set_bypass.isra.0
                0x000000000800446c       0x4c zephyr/libzephyr.a(devmem_service.c.obj)
 .text.bypass_cb
                0x00000000080044b8      0x114 zephyr/libzephyr.a(devmem_service.c.obj)
 .text.cmd_load
                0x00000000080045cc       0xd8 zephyr/libzephyr.a(devmem_service.c.obj)
 .text.enable_shell_uart
                0x00000000080046a4       0x38 zephyr/libzephyr.a(shell_uart.c.obj)
 .text.init     0x00000000080046dc       0x54 zephyr/libzephyr.a(shell_uart.c.obj)
 .text.uart_callback
                0x0000000008004730      0x134 zephyr/libzephyr.a(shell_uart.c.obj)
 .text.shell_internal_help_print
                0x0000000008004864       0x20 zephyr/libzephyr.a(shell.c.obj)
 .text.kill_handler
                0x0000000008004884       0x54 zephyr/libzephyr.a(shell.c.obj)
 .text.z_cursor_next_line_move.isra.0
                0x00000000080048d8        0xc zephyr/libzephyr.a(shell.c.obj)
 .text.history_handle
                0x00000000080048e4       0xac zephyr/libzephyr.a(shell.c.obj)
 .text.execute  0x0000000008004990      0x2c8 zephyr/libzephyr.a(shell.c.obj)
 .text.state_set.constprop.0
                0x0000000008004c58       0x4c zephyr/libzephyr.a(shell.c.obj)
 .text.shell_process
                0x0000000008004ca4      0x69c zephyr/libzephyr.a(shell.c.obj)
                0x0000000008004ca4                shell_process
 .text.shell_thread
                0x0000000008005340       0xe4 zephyr/libzephyr.a(shell.c.obj)
                0x0000000008005340                shell_thread
 .text.cmd_help
                0x0000000008005424       0x44 zephyr/libzephyr.a(shell.c.obj)
 .text.shell_hexdump_line
                0x0000000008005468       0xcc zephyr/libzephyr.a(shell.c.obj)
                0x0000000008005468                shell_hexdump_line
 .text.shell_init
                0x0000000008005534       0xe8 zephyr/libzephyr.a(shell.c.obj)
                0x0000000008005534                shell_init
 .text.z_shell_fprintf_fmt
                0x000000000800561c       0x28 zephyr/libzephyr.a(shell_fprintf.c.obj)
                0x000000000800561c                z_shell_fprintf_fmt
 .text.z_shell_cmd_get
                0x0000000008005644       0x74 zephyr/libzephyr.a(shell_utils.c.obj)
                0x0000000008005644                z_shell_cmd_get
 .text.shell_strtoul
                0x00000000080056b8       0x50 zephyr/libzephyr.a(shell_utils.c.obj)
                0x00000000080056b8                shell_strtoul
 .text.z_clear_eos
                0x0000000008005708       0x18 zephyr/libzephyr.a(shell_ops.c.obj)
 .text.z_cursor_next_line_move.isra.0
                0x0000000008005720        0xc zephyr/libzephyr.a(shell_ops.c.obj)
 .text.z_shell_op_cursor_vert_move
                0x000000000800572c       0x2c zephyr/libzephyr.a(shell_ops.c.obj)
                0x000000000800572c                z_shell_op_cursor_vert_move
 .text.z_shell_op_cursor_horiz_move
                0x0000000008005758       0x2c zephyr/libzephyr.a(shell_ops.c.obj)
                0x0000000008005758                z_shell_op_cursor_horiz_move
 .text.z_shell_print_cmd
                0x0000000008005784       0x78 zephyr/libzephyr.a(shell_ops.c.obj)
                0x0000000008005784                z_shell_print_cmd
 .text.z_shell_vt100_color_set
                0x00000000080057fc       0x40 zephyr/libzephyr.a(shell_ops.c.obj)
                0x00000000080057fc                z_shell_vt100_color_set
 .text.z_shell_vt100_colors_restore
                0x000000000800583c       0x3c zephyr/libzephyr.a(shell_ops.c.obj)
                0x000000000800583c                z_shell_vt100_colors_restore
 .text.z_shell_op_word_remove
                0x0000000008005878       0xc8 zephyr/libzephyr.a(shell_ops.c.obj)
                0x0000000008005878                z_shell_op_word_remove
 .text.reprint_from_cursor
                0x0000000008005940       0xe0 zephyr/libzephyr.a(shell_ops.c.obj)
 .text.z_shell_op_char_insert
                0x0000000008005a20       0x70 zephyr/libzephyr.a(shell_ops.c.obj)
                0x0000000008005a20                z_shell_op_char_insert
 .text.z_shell_print_prompt_and_cmd
                0x0000000008005a90       0x30 zephyr/libzephyr.a(shell_ops.c.obj)
                0x0000000008005a90                z_shell_print_prompt_and_cmd
 .text.z_cursor_next_line_move.isra.0
                0x0000000008005ac0        0xc zephyr/libzephyr.a(shell_help.c.obj)
 .text.formatted_structured_help_print
                0x0000000008005acc       0x40 zephyr/libzephyr.a(shell_help.c.obj)
 .text.z_shell_help_subcmd_print
                0x0000000008005b0c       0xd0 zephyr/libzephyr.a(shell_help.c.obj)
                0x0000000008005b0c                z_shell_help_subcmd_print
 .text.z_shell_help_cmd_print
                0x0000000008005bdc       0x64 zephyr/libzephyr.a(shell_help.c.obj)
                0x0000000008005bdc                z_shell_help_cmd_print
 .text.z_shell_help_request
                0x0000000008005c40       0x28 zephyr/libzephyr.a(shell_help.c.obj)
                0x0000000008005c40                z_shell_help_request
 .text.cmd_resize_default
                0x0000000008005c68       0x2c zephyr/libzephyr.a(shell_cmds.c.obj)
 .text.cmd_shell_stats_show
                0x0000000008005c94       0x14 zephyr/libzephyr.a(shell_cmds.c.obj)
 .text.cmd_backends
                0x0000000008005ca8       0x4c zephyr/libzephyr.a(shell_cmds.c.obj)
 .text.cmd_prompt_off
                0x0000000008005cf4       0x10 zephyr/libzephyr.a(shell_cmds.c.obj)
 .text.cmd_history
                0x0000000008005d04       0x40 zephyr/libzephyr.a(shell_cmds.c.obj)
 .text.cmd_get_retval
                0x0000000008005d44       0x1c zephyr/libzephyr.a(shell_cmds.c.obj)
 .text.cmd_echo
                0x0000000008005d60       0x50 zephyr/libzephyr.a(shell_cmds.c.obj)
 .text.cmd_clear
                0x0000000008005db0       0x34 zephyr/libzephyr.a(shell_cmds.c.obj)
 .text.cmd_resize
                0x0000000008005de4      0x1a0 zephyr/libzephyr.a(shell_cmds.c.obj)
 .text.z_shell_wildcard_process
                0x0000000008005f84       0xe4 zephyr/libzephyr.a(shell_wildcard.c.obj)
                0x0000000008005f84                z_shell_wildcard_process
 .text.z_arm_fatal_error
                0x0000000008006068      0x154 zephyr/arch/arch/arm/core/libarch__arm__core.a(fatal.c.obj)
                0x0000000008006068                z_arm_fatal_error
 .text.z_SysNmiOnReset
                0x00000000080061bc        0x8 zephyr/arch/arch/arm/core/libarch__arm__core.a(nmi_on_reset.S.obj)
                0x00000000080061bc                z_SysNmiOnReset
 .text.arch_tls_stack_setup
                0x00000000080061c4       0x40 zephyr/arch/arch/arm/core/libarch__arm__core.a(tls.c.obj)
                0x00000000080061c4                arch_tls_stack_setup
 .text._HandlerModeExit
                0x0000000008006204       0x20 zephyr/arch/arch/arm/core/cortex_m/libarch__arm__core__cortex_m.a(exc_exit.c.obj)
                0x0000000008006204                z_arm_int_exit
                0x0000000008006204                z_arm_exc_exit
 .text.bus_fault.constprop.0
                0x0000000008006224      0x108 zephyr/arch/arch/arm/core/cortex_m/libarch__arm__core__cortex_m.a(fault.c.obj)
 .text.usage_fault.constprop.0
                0x000000000800632c       0xdc zephyr/arch/arch/arm/core/cortex_m/libarch__arm__core__cortex_m.a(fault.c.obj)
 .text.mem_manage_fault
                0x0000000008006408      0x140 zephyr/arch/arch/arm/core/cortex_m/libarch__arm__core__cortex_m.a(fault.c.obj)
 .text.z_arm_fault
                0x0000000008006548      0x1fc zephyr/arch/arch/arm/core/cortex_m/libarch__arm__core__cortex_m.a(fault.c.obj)
                0x0000000008006548                z_arm_fault
 .text.z_arm_fault_init
                0x0000000008006744       0x18 zephyr/arch/arch/arm/core/cortex_m/libarch__arm__core__cortex_m.a(fault.c.obj)
                0x0000000008006744                z_arm_fault_init
 .text.__fault  0x000000000800675c       0x14 zephyr/arch/arch/arm/core/cortex_m/libarch__arm__core__cortex_m.a(fault_s.S.obj)
                0x000000000800675c                z_arm_usage_fault
                0x000000000800675c                z_arm_mpu_fault
                0x000000000800675c                z_arm_exc_spurious
                0x000000000800675c                z_arm_debug_monitor
                0x000000000800675c                z_arm_hard_fault
                0x000000000800675c                z_arm_bus_fault
 .text._reset_section
                0x0000000008006770       0x44 zephyr/arch/arch/arm/core/cortex_m/libarch__arm__core__cortex_m.a(reset.S.obj)
                0x0000000008006770                __start
                0x0000000008006770                z_arm_reset
 .text.z_impl_k_thread_abort
                0x00000000080067b4       0x2c zephyr/arch/arch/arm/core/cortex_m/libarch__arm__core__cortex_m.a(thread_abort.c.obj)
                0x00000000080067b4                z_impl_k_thread_abort
 .text.z_arm_pendsv
                0x00000000080067e0       0xb4 zephyr/arch/arch/arm/core/cortex_m/libarch__arm__core__cortex_m.a(swap_helper.S.obj)
                0x00000000080067e0                z_arm_pendsv
 .text.z_arm_svc
                0x0000000008006894       0x24 zephyr/arch/arch/arm/core/cortex_m/libarch__arm__core__cortex_m.a(swap_helper.S.obj)
                0x0000000008006894                z_arm_svc
 .text.arm_irq_enable
                0x00000000080068b8       0x1c zephyr/arch/arch/arm/core/cortex_m/libarch__arm__core__cortex_m.a(irq_manage.c.obj)
                0x00000000080068b8                arm_irq_enable
 .text.arm_irq_disable
                0x00000000080068d4       0x28 zephyr/arch/arch/arm/core/cortex_m/libarch__arm__core__cortex_m.a(irq_manage.c.obj)
                0x00000000080068d4                arm_irq_disable
 .text.arm_irq_priority_set
                0x00000000080068fc       0x30 zephyr/arch/arch/arm/core/cortex_m/libarch__arm__core__cortex_m.a(irq_manage.c.obj)
                0x00000000080068fc                arm_irq_priority_set
 .text.relocate_vector_table
                0x000000000800692c       0x1c zephyr/arch/arch/arm/core/cortex_m/libarch__arm__core__cortex_m.a(prep_c.c.obj)
                0x000000000800692c                relocate_vector_table
 .text.z_prep_c
                0x0000000008006948       0x4c zephyr/arch/arch/arm/core/cortex_m/libarch__arm__core__cortex_m.a(prep_c.c.obj)
                0x0000000008006948                z_prep_c
 .text.arch_new_thread
                0x0000000008006994       0x40 zephyr/arch/arch/arm/core/cortex_m/libarch__arm__core__cortex_m.a(thread.c.obj)
                0x0000000008006994                arch_new_thread
 .text.z_arm_mpu_stack_guard_and_fpu_adjust
                0x00000000080069d4       0x54 zephyr/arch/arch/arm/core/cortex_m/libarch__arm__core__cortex_m.a(thread.c.obj)
                0x00000000080069d4                z_arm_mpu_stack_guard_and_fpu_adjust
 .text.z_check_thread_stack_fail
                0x0000000008006a28       0x30 zephyr/arch/arch/arm/core/cortex_m/libarch__arm__core__cortex_m.a(thread.c.obj)
                0x0000000008006a28                z_check_thread_stack_fail
 .text.arch_float_disable
                0x0000000008006a58       0x48 zephyr/arch/arch/arm/core/cortex_m/libarch__arm__core__cortex_m.a(thread.c.obj)
                0x0000000008006a58                arch_float_disable
 .text.arch_switch_to_main_thread
                0x0000000008006aa0       0x60 zephyr/arch/arch/arm/core/cortex_m/libarch__arm__core__cortex_m.a(thread.c.obj)
                0x0000000008006aa0                arch_switch_to_main_thread
 .text.z_arm_cpu_idle_init
                0x0000000008006b00        0xc zephyr/arch/arch/arm/core/cortex_m/libarch__arm__core__cortex_m.a(cpu_idle.c.obj)
                0x0000000008006b00                z_arm_cpu_idle_init
 .text.z_arm_interrupt_init
                0x0000000008006b0c       0x18 zephyr/arch/arch/arm/core/cortex_m/libarch__arm__core__cortex_m.a(irq_init.c.obj)
                0x0000000008006b0c                z_arm_interrupt_init
 .text._isr_wrapper
                0x0000000008006b24       0x24 zephyr/arch/arch/arm/core/cortex_m/libarch__arm__core__cortex_m.a(isr_wrapper.c.obj)
                0x0000000008006b24                _isr_wrapper
 .text.z_arm_configure_static_mpu_regions
                0x0000000008006b48       0x18 zephyr/arch/arch/arm/core/mpu/libarch__arm__core__mpu.a(arm_core_mpu.c.obj)
                0x0000000008006b48                z_arm_configure_static_mpu_regions
 .text.z_arm_configure_dynamic_mpu_regions
                0x0000000008006b60       0x2c zephyr/arch/arch/arm/core/mpu/libarch__arm__core__mpu.a(arm_core_mpu.c.obj)
                0x0000000008006b60                z_arm_configure_dynamic_mpu_regions
 .text.region_allocate_and_init
                0x0000000008006b8c       0x58 zephyr/arch/arch/arm/core/mpu/libarch__arm__core__mpu.a(arm_mpu.c.obj)
 .text.mpu_configure_regions
                0x0000000008006be4       0x70 zephyr/arch/arch/arm/core/mpu/libarch__arm__core__mpu.a(arm_mpu.c.obj)
 .text.arm_core_mpu_enable
                0x0000000008006c54       0x18 zephyr/arch/arch/arm/core/mpu/libarch__arm__core__mpu.a(arm_mpu.c.obj)
                0x0000000008006c54                arm_core_mpu_enable
 .text.arm_core_mpu_disable
                0x0000000008006c6c       0x14 zephyr/arch/arch/arm/core/mpu/libarch__arm__core__mpu.a(arm_mpu.c.obj)
                0x0000000008006c6c                arm_core_mpu_disable
 .text.arm_core_mpu_configure_static_mpu_regions
                0x0000000008006c80       0x14 zephyr/arch/arch/arm/core/mpu/libarch__arm__core__mpu.a(arm_mpu.c.obj)
                0x0000000008006c80                arm_core_mpu_configure_static_mpu_regions
 .text.arm_core_mpu_configure_dynamic_mpu_regions
                0x0000000008006c94       0x38 zephyr/arch/arch/arm/core/mpu/libarch__arm__core__mpu.a(arm_mpu.c.obj)
                0x0000000008006c94                arm_core_mpu_configure_dynamic_mpu_regions
 .text.z_arm_mpu_init
                0x0000000008006ccc      0x17c zephyr/arch/arch/arm/core/mpu/libarch__arm__core__mpu.a(arm_mpu.c.obj)
                0x0000000008006ccc                z_arm_mpu_init
 .text.cbvprintf
                0x0000000008006e48       0x38 zephyr/lib/libc/picolibc/liblib__libc__picolibc.a(cbprintf.c.obj)
                0x0000000008006e48                cbvprintf
 .text.z_impl_zephyr_fputc
                0x0000000008006e80       0x10 zephyr/lib/libc/picolibc/liblib__libc__picolibc.a(stdio.c.obj)
                0x0000000008006e80                z_impl_zephyr_fputc
 .text.__stdout_hook_install
                0x0000000008006e90       0x18 zephyr/lib/libc/picolibc/liblib__libc__picolibc.a(stdio.c.obj)
                0x0000000008006e90                __stdout_hook_install
 .text.malloc_prepare
                0x0000000008006ea8       0x24 zephyr/lib/libc/common/liblib__libc__common.a(malloc.c.obj)
 .text.getopt_init
                0x0000000008006ecc       0x48 zephyr/lib/posix/options/liblib__posix__options.a(getopt.c.obj)
                0x0000000008006ecc                getopt_init
 .text.getopt   0x0000000008006f14       0xf8 zephyr/lib/posix/options/liblib__posix__options.a(getopt.c.obj)
                0x0000000008006f14                getopt
 .text.z_getopt_global_state_update
                0x000000000800700c       0x34 zephyr/lib/posix/options/liblib__posix__options.a(getopt_common.c.obj)
                0x000000000800700c                z_getopt_global_state_update
 .text.getopt_state_get
                0x0000000008007040        0x8 zephyr/lib/posix/options/liblib__posix__options.a(getopt_common.c.obj)
                0x0000000008007040                getopt_state_get
 .text.stm32_exti_isr
                0x0000000008007048       0x50 zephyr/drivers/interrupt_controller/libdrivers__interrupt_controller.a(intc_exti_stm32.c.obj)
 .text.stm32_fill_irq_table
                0x0000000008007098       0x18 zephyr/drivers/interrupt_controller/libdrivers__interrupt_controller.a(intc_exti_stm32.c.obj)
 .text.stm32_exti_init
                0x00000000080070b0       0xb4 zephyr/drivers/interrupt_controller/libdrivers__interrupt_controller.a(intc_exti_stm32.c.obj)
 .text.stm32_gpio_intc_enable_line
                0x0000000008007164       0x2c zephyr/drivers/interrupt_controller/libdrivers__interrupt_controller.a(intc_exti_stm32.c.obj)
                0x0000000008007164                stm32_gpio_intc_enable_line
 .text.stm32_gpio_intc_disable_line
                0x0000000008007190       0x10 zephyr/drivers/interrupt_controller/libdrivers__interrupt_controller.a(intc_exti_stm32.c.obj)
                0x0000000008007190                stm32_gpio_intc_disable_line
 .text.stm32_gpio_intc_select_line_trigger
                0x00000000080071a0       0x50 zephyr/drivers/interrupt_controller/libdrivers__interrupt_controller.a(intc_exti_stm32.c.obj)
                0x00000000080071a0                stm32_gpio_intc_select_line_trigger
 .text.stm32_gpio_intc_set_irq_callback
                0x00000000080071f0       0x40 zephyr/drivers/interrupt_controller/libdrivers__interrupt_controller.a(intc_exti_stm32.c.obj)
                0x00000000080071f0                stm32_gpio_intc_set_irq_callback
 .text.stm32_gpio_intc_remove_irq_callback
                0x0000000008007230       0x24 zephyr/drivers/interrupt_controller/libdrivers__interrupt_controller.a(intc_exti_stm32.c.obj)
                0x0000000008007230                stm32_gpio_intc_remove_irq_callback
 .text.stm32_exti_get_line_src_port
                0x0000000008007254       0x30 zephyr/drivers/interrupt_controller/libdrivers__interrupt_controller.a(intc_exti_stm32.c.obj)
                0x0000000008007254                stm32_exti_get_line_src_port
 .text.usb_dc_stm32_get_ep_state
                0x0000000008007284       0x28 zephyr/drivers/usb/device/libdrivers__usb__device.a(usb_dc_stm32.c.obj)
 .text.usb_dc_stm32_isr
                0x00000000080072ac        0xc zephyr/drivers/usb/device/libdrivers__usb__device.a(usb_dc_stm32.c.obj)
 .text.usb_dc_ep_read_continue.part.0
                0x00000000080072b8       0x20 zephyr/drivers/usb/device/libdrivers__usb__device.a(usb_dc_stm32.c.obj)
 .text.usb_dc_ep_get_read_count.part.0
                0x00000000080072d8       0x20 zephyr/drivers/usb/device/libdrivers__usb__device.a(usb_dc_stm32.c.obj)
 .text.usb_dc_attach
                0x00000000080072f8      0x1e4 zephyr/drivers/usb/device/libdrivers__usb__device.a(usb_dc_stm32.c.obj)
                0x00000000080072f8                usb_dc_attach
 .text.usb_dc_set_status_callback
                0x00000000080074dc        0xc zephyr/drivers/usb/device/libdrivers__usb__device.a(usb_dc_stm32.c.obj)
                0x00000000080074dc                usb_dc_set_status_callback
 .text.usb_dc_set_address
                0x00000000080074e8       0x38 zephyr/drivers/usb/device/libdrivers__usb__device.a(usb_dc_stm32.c.obj)
                0x00000000080074e8                usb_dc_set_address
 .text.usb_dc_ep_start_read
                0x0000000008007520       0x78 zephyr/drivers/usb/device/libdrivers__usb__device.a(usb_dc_stm32.c.obj)
                0x0000000008007520                usb_dc_ep_start_read
 .text.usb_dc_ep_get_read_count
                0x0000000008007598       0x24 zephyr/drivers/usb/device/libdrivers__usb__device.a(usb_dc_stm32.c.obj)
                0x0000000008007598                usb_dc_ep_get_read_count
 .text.usb_dc_ep_check_cap
                0x00000000080075bc       0x44 zephyr/drivers/usb/device/libdrivers__usb__device.a(usb_dc_stm32.c.obj)
                0x00000000080075bc                usb_dc_ep_check_cap
 .text.usb_dc_ep_set_stall
                0x0000000008007600       0x4c zephyr/drivers/usb/device/libdrivers__usb__device.a(usb_dc_stm32.c.obj)
                0x0000000008007600                usb_dc_ep_set_stall
 .text.usb_dc_ep_clear_stall
                0x000000000800764c       0x54 zephyr/drivers/usb/device/libdrivers__usb__device.a(usb_dc_stm32.c.obj)
                0x000000000800764c                usb_dc_ep_clear_stall
 .text.usb_dc_ep_enable
                0x00000000080076a0       0x68 zephyr/drivers/usb/device/libdrivers__usb__device.a(usb_dc_stm32.c.obj)
                0x00000000080076a0                usb_dc_ep_enable
 .text.usb_dc_ep_disable
                0x0000000008007708       0x44 zephyr/drivers/usb/device/libdrivers__usb__device.a(usb_dc_stm32.c.obj)
                0x0000000008007708                usb_dc_ep_disable
 .text.usb_dc_ep_write
                0x000000000800774c       0xe8 zephyr/drivers/usb/device/libdrivers__usb__device.a(usb_dc_stm32.c.obj)
                0x000000000800774c                usb_dc_ep_write
 .text.usb_dc_ep_read_wait
                0x0000000008007834       0xa4 zephyr/drivers/usb/device/libdrivers__usb__device.a(usb_dc_stm32.c.obj)
                0x0000000008007834                usb_dc_ep_read_wait
 .text.usb_dc_ep_read_continue
                0x00000000080078d8       0x34 zephyr/drivers/usb/device/libdrivers__usb__device.a(usb_dc_stm32.c.obj)
                0x00000000080078d8                usb_dc_ep_read_continue
 .text.HAL_PCD_ResetCallback
                0x000000000800790c       0x48 zephyr/drivers/usb/device/libdrivers__usb__device.a(usb_dc_stm32.c.obj)
                0x000000000800790c                HAL_PCD_ResetCallback
 .text.HAL_PCD_ConnectCallback
                0x0000000008007954       0x14 zephyr/drivers/usb/device/libdrivers__usb__device.a(usb_dc_stm32.c.obj)
                0x0000000008007954                HAL_PCD_ConnectCallback
 .text.HAL_PCD_DisconnectCallback
                0x0000000008007968       0x14 zephyr/drivers/usb/device/libdrivers__usb__device.a(usb_dc_stm32.c.obj)
                0x0000000008007968                HAL_PCD_DisconnectCallback
 .text.HAL_PCD_SuspendCallback
                0x000000000800797c       0x14 zephyr/drivers/usb/device/libdrivers__usb__device.a(usb_dc_stm32.c.obj)
                0x000000000800797c                HAL_PCD_SuspendCallback
 .text.HAL_PCD_ResumeCallback
                0x0000000008007990       0x14 zephyr/drivers/usb/device/libdrivers__usb__device.a(usb_dc_stm32.c.obj)
                0x0000000008007990                HAL_PCD_ResumeCallback
 .text.HAL_PCD_SetupStageCallback
                0x00000000080079a4       0x4c zephyr/drivers/usb/device/libdrivers__usb__device.a(usb_dc_stm32.c.obj)
                0x00000000080079a4                HAL_PCD_SetupStageCallback
 .text.adc_gain_invert
                0x00000000080079f0       0x2c zephyr/drivers/adc/libdrivers__adc.a(adc_common.c.obj)
                0x00000000080079f0                adc_gain_invert
 .text.adc_stm32_channel_setup
                0x0000000008007a1c      0x134 zephyr/drivers/adc/libdrivers__adc.a(adc_stm32.c.obj)
 .text.adc_stm32_read
                0x0000000008007b50      0x2d4 zephyr/drivers/adc/libdrivers__adc.a(adc_stm32.c.obj)
 .text.adc_stm32_isr_18
                0x0000000008007e24       0xf0 zephyr/drivers/adc/libdrivers__adc.a(adc_stm32.c.obj)
 .text.adc_stm32_init
                0x0000000008007f14       0xb4 zephyr/drivers/adc/libdrivers__adc.a(adc_stm32.c.obj)
 .text.stm32_clock_control_get_subsys_rate
                0x0000000008007fc8       0xa0 zephyr/drivers/clock_control/libdrivers__clock_control.a(clock_stm32_ll_common.c.obj)
 .text.stm32_clock_control_init
                0x0000000008008068      0x124 zephyr/drivers/clock_control/libdrivers__clock_control.a(clock_stm32_ll_common.c.obj)
                0x0000000008008068                stm32_clock_control_init
 .text.get_pllsrc_frequency
                0x000000000800818c        0x8 zephyr/drivers/clock_control/libdrivers__clock_control.a(clock_stm32f2_f4_f7.c.obj)
                0x000000000800818c                get_pllsrc_frequency
 .text.config_pll_sysclock
                0x0000000008008194       0x38 zephyr/drivers/clock_control/libdrivers__clock_control.a(clock_stm32f2_f4_f7.c.obj)
                0x0000000008008194                config_pll_sysclock
 .text.config_enable_default_clocks
                0x00000000080081cc       0x20 zephyr/drivers/clock_control/libdrivers__clock_control.a(clock_stm32f2_f4_f7.c.obj)
                0x00000000080081cc                config_enable_default_clocks
 .text.uart_console_init
                0x00000000080081ec       0x28 zephyr/drivers/console/libdrivers__console.a(uart_console.c.obj)
 .text.console_out
                0x0000000008008214       0x28 zephyr/drivers/console/libdrivers__console.a(uart_console.c.obj)
 .text.rtc_stm32_stop
                0x000000000800823c       0x14 zephyr/drivers/counter/libdrivers__counter.a(counter_ll_stm32_rtc.c.obj)
 .text.LL_RTC_DATE_Get.constprop.0
                0x0000000008008250       0x2c zephyr/drivers/counter/libdrivers__counter.a(counter_ll_stm32_rtc.c.obj)
 .text.rtc_stm32_get_pending_int
                0x000000000800827c       0x10 zephyr/drivers/counter/libdrivers__counter.a(counter_ll_stm32_rtc.c.obj)
 .text.rtc_stm32_start
                0x000000000800828c       0x14 zephyr/drivers/counter/libdrivers__counter.a(counter_ll_stm32_rtc.c.obj)
 .text.rtc_stm32_cancel_alarm
                0x00000000080082a0       0x34 zephyr/drivers/counter/libdrivers__counter.a(counter_ll_stm32_rtc.c.obj)
 .text.rtc_stm32_init
                0x00000000080082d4      0x104 zephyr/drivers/counter/libdrivers__counter.a(counter_ll_stm32_rtc.c.obj)
 .text.rtc_stm32_read
                0x00000000080083d8       0xd0 zephyr/drivers/counter/libdrivers__counter.a(counter_ll_stm32_rtc.c.obj)
                0x00000000080083d8                rtc_stm32_read
 .text.rtc_stm32_isr
                0x00000000080084a8       0x5c zephyr/drivers/counter/libdrivers__counter.a(counter_ll_stm32_rtc.c.obj)
                0x00000000080084a8                rtc_stm32_isr
 .text.rtc_stm32_set_alarm
                0x0000000008008504       0xd8 zephyr/drivers/counter/libdrivers__counter.a(counter_ll_stm32_rtc.c.obj)
 .text.dac_stm32_init
                0x00000000080085dc       0x8c zephyr/drivers/dac/libdrivers__dac.a(dac_stm32.c.obj)
 .text.dac_stm32_write_value
                0x0000000008008668       0x9c zephyr/drivers/dac/libdrivers__dac.a(dac_stm32.c.obj)
 .text.dac_stm32_channel_setup
                0x0000000008008704       0xa8 zephyr/drivers/dac/libdrivers__dac.a(dac_stm32.c.obj)
 .text.gpio_stm32_pin_interrupt_configure
                0x00000000080087ac       0xb0 zephyr/drivers/gpio/libdrivers__gpio.a(gpio_stm32.c.obj)
 .text.gpio_stm32_init
                0x000000000800885c       0x38 zephyr/drivers/gpio/libdrivers__gpio.a(gpio_stm32.c.obj)
 .text.z_impl_hwinfo_get_device_id
                0x0000000008008894       0x38 zephyr/drivers/hwinfo/libdrivers__hwinfo.a(hwinfo_stm32.c.obj)
                0x0000000008008894                z_impl_hwinfo_get_device_id
 .text.pinctrl_configure_pins
                0x00000000080088cc       0x84 zephyr/drivers/pinctrl/libdrivers__pinctrl.a(pinctrl_stm32.c.obj)
                0x00000000080088cc                pinctrl_configure_pins
 .text.uart_stm32_irq_err_enable
                0x0000000008008950       0x80 zephyr/drivers/serial/libdrivers__serial.a(uart_stm32.c.obj)
 .text.uart_stm32_irq_err_disable
                0x00000000080089d0       0x80 zephyr/drivers/serial/libdrivers__serial.a(uart_stm32.c.obj)
 .text.uart_stm32_set_baudrate.part.0
                0x0000000008008a50       0x1c zephyr/drivers/serial/libdrivers__serial.a(uart_stm32.c.obj)
 .text.uart_stm32_parameters_set
                0x0000000008008a6c       0xf8 zephyr/drivers/serial/libdrivers__serial.a(uart_stm32.c.obj)
 .text.uart_stm32_init
                0x0000000008008b64      0x110 zephyr/drivers/serial/libdrivers__serial.a(uart_stm32.c.obj)
 .text.uart_stm32_configure
                0x0000000008008c74      0x144 zephyr/drivers/serial/libdrivers__serial.a(uart_stm32.c.obj)
 .text.elapsed  0x0000000008008db8       0x4c zephyr/drivers/timer/libdrivers__timer.a(cortex_m_systick.c.obj)
 .text.sys_clock_driver_init
                0x0000000008008e04       0x38 zephyr/drivers/timer/libdrivers__timer.a(cortex_m_systick.c.obj)
 .text.sys_clock_isr
                0x0000000008008e3c       0x60 zephyr/drivers/timer/libdrivers__timer.a(cortex_m_systick.c.obj)
                0x0000000008008e3c                sys_clock_isr
 .text.sys_clock_set_timeout
                0x0000000008008e9c       0xf8 zephyr/drivers/timer/libdrivers__timer.a(cortex_m_systick.c.obj)
                0x0000000008008e9c                sys_clock_set_timeout
 .text.sys_clock_elapsed
                0x0000000008008f94       0x3c zephyr/drivers/timer/libdrivers__timer.a(cortex_m_systick.c.obj)
                0x0000000008008f94                sys_clock_elapsed
 .text.sys_clock_cycle_get_32
                0x0000000008008fd0       0x28 zephyr/drivers/timer/libdrivers__timer.a(cortex_m_systick.c.obj)
                0x0000000008008fd0                sys_clock_cycle_get_32
 .text.HAL_RCC_GetSysClockFreq
                0x0000000008008ff8       0x5c modules/hal_stm32/stm32cube/lib..__modules__hal__stm32__stm32cube.a(stm32f4xx_hal_rcc.c.obj)
                0x0000000008008ff8                HAL_RCC_GetSysClockFreq
 .text.HAL_RCC_GetHCLKFreq
                0x0000000008009054        0xc modules/hal_stm32/stm32cube/lib..__modules__hal__stm32__stm32cube.a(stm32f4xx_hal_rcc.c.obj)
                0x0000000008009054                HAL_RCC_GetHCLKFreq
 .text.HAL_PCD_IRQHandler
                0x0000000008009060      0x688 modules/hal_stm32/stm32cube/lib..__modules__hal__stm32__stm32cube.a(stm32f4xx_hal_pcd.c.obj)
                0x0000000008009060                HAL_PCD_IRQHandler
 .text.LL_RTC_DeInit
                0x00000000080096e8       0x50 modules/hal_stm32/stm32cube/lib..__modules__hal__stm32__stm32cube.a(stm32f4xx_ll_rtc.c.obj)
                0x00000000080096e8                LL_RTC_DeInit
 .text.USB_SetTurnaroundTime
                0x0000000008009738       0xe0 modules/hal_stm32/stm32cube/lib..__modules__hal__stm32__stm32cube.a(stm32f4xx_ll_usb.c.obj)
                0x0000000008009738                USB_SetTurnaroundTime
 .text.USB_DevInit
                0x0000000008009818      0x188 modules/hal_stm32/stm32cube/lib..__modules__hal__stm32__stm32cube.a(stm32f4xx_ll_usb.c.obj)
                0x0000000008009818                USB_DevInit
 .text.USB_DeactivateEndpoint
                0x00000000080099a0       0xc0 modules/hal_stm32/stm32cube/lib..__modules__hal__stm32__stm32cube.a(stm32f4xx_ll_usb.c.obj)
                0x00000000080099a0                USB_DeactivateEndpoint
 .text.USB_EPStartXfer
                0x0000000008009a60      0x1d0 modules/hal_stm32/stm32cube/lib..__modules__hal__stm32__stm32cube.a(stm32f4xx_ll_usb.c.obj)
                0x0000000008009a60                USB_EPStartXfer
 .text.USB_EP0_OutStart
                0x0000000008009c30       0x4c modules/hal_stm32/stm32cube/lib..__modules__hal__stm32__stm32cube.a(stm32f4xx_ll_usb.c.obj)
                0x0000000008009c30                USB_EP0_OutStart
 .text.LL_SetFlashLatency
                0x0000000008009c7c      0x1bc modules/hal_stm32/stm32cube/lib..__modules__hal__stm32__stm32cube.a(stm32f4xx_ll_utils.c.obj)
                0x0000000008009c7c                LL_SetFlashLatency
 .text.z_device_get_all_static
                0x0000000008009e38       0x18 zephyr/kernel/libkernel.a(device.c.obj)
                0x0000000008009e38                z_device_get_all_static
 .text.k_sys_fatal_error_handler
                0x0000000008009e50       0x28 zephyr/kernel/libkernel.a(fatal.c.obj)
                0x0000000008009e50                k_sys_fatal_error_handler
 .text.z_fatal_error
                0x0000000008009e78      0x110 zephyr/kernel/libkernel.a(fatal.c.obj)
                0x0000000008009e78                z_fatal_error
 .text.z_sys_init_run_level
                0x0000000008009f88       0x30 zephyr/kernel/libkernel.a(init.c.obj)
 .text.bg_thread_main
                0x0000000008009fb8       0xc0 zephyr/kernel/libkernel.a(init.c.obj)
 .text.z_bss_zero
                0x000000000800a078       0x2c zephyr/kernel/libkernel.a(init.c.obj)
                0x000000000800a078                z_bss_zero
 .text.z_init_cpu
                0x000000000800a0a4       0x90 zephyr/kernel/libkernel.a(init.c.obj)
                0x000000000800a0a4                z_init_cpu
 .text.z_cstart
                0x000000000800a134       0xd4 zephyr/kernel/libkernel.a(init.c.obj)
                0x000000000800a134                z_cstart
 .text.z_impl_k_mutex_lock
                0x000000000800a208       0xf0 zephyr/kernel/libkernel.a(mutex.c.obj)
                0x000000000800a208                z_impl_k_mutex_lock
 .text.z_impl_k_mutex_unlock
                0x000000000800a2f8       0xa0 zephyr/kernel/libkernel.a(mutex.c.obj)
                0x000000000800a2f8                z_impl_k_mutex_unlock
 .text.z_impl_k_sem_give
                0x000000000800a398       0x74 zephyr/kernel/libkernel.a(sem.c.obj)
                0x000000000800a398                z_impl_k_sem_give
 .text.z_impl_k_sem_take
                0x000000000800a40c       0x4c zephyr/kernel/libkernel.a(sem.c.obj)
                0x000000000800a40c                z_impl_k_sem_take
 .text.work_queue_main
                0x000000000800a458      0x14c zephyr/kernel/libkernel.a(work.c.obj)
 .text.submit_to_queue_locked
                0x000000000800a5a4       0xb8 zephyr/kernel/libkernel.a(work.c.obj)
 .text.k_work_queue_start
                0x000000000800a65c       0x80 zephyr/kernel/libkernel.a(work.c.obj)
                0x000000000800a65c                k_work_queue_start
 .text.k_work_schedule_for_queue
                0x000000000800a6dc       0x54 zephyr/kernel/libkernel.a(work.c.obj)
                0x000000000800a6dc                k_work_schedule_for_queue
 .text.z_impl_k_thread_name_set
                0x000000000800a730       0x20 zephyr/kernel/libkernel.a(thread.c.obj)
                0x000000000800a730                z_impl_k_thread_name_set
 .text.k_thread_state_str
                0x000000000800a750       0x84 zephyr/kernel/libkernel.a(thread.c.obj)
                0x000000000800a750                k_thread_state_str
 .text.z_setup_new_thread
                0x000000000800a7d4      0x114 zephyr/kernel/libkernel.a(thread.c.obj)
                0x000000000800a7d4                z_setup_new_thread
 .text.z_impl_k_thread_create
                0x000000000800a8e8       0x58 zephyr/kernel/libkernel.a(thread.c.obj)
                0x000000000800a8e8                z_impl_k_thread_create
 .text.z_thread_mark_switched_in
                0x000000000800a940        0xc zephyr/kernel/libkernel.a(thread.c.obj)
                0x000000000800a940                z_thread_mark_switched_in
 .text.z_dummy_thread_init
                0x000000000800a94c       0x20 zephyr/kernel/libkernel.a(thread.c.obj)
                0x000000000800a94c                z_dummy_thread_init
 .text.z_swap_irqlock
                0x000000000800a96c       0x34 zephyr/kernel/libkernel.a(sched.c.obj)
 .text.ready_thread
                0x000000000800a9a0       0x84 zephyr/kernel/libkernel.a(sched.c.obj)
 .text.unready_thread
                0x000000000800aa24       0x54 zephyr/kernel/libkernel.a(sched.c.obj)
 .text.add_thread_timeout
                0x000000000800aa78       0x1c zephyr/kernel/libkernel.a(sched.c.obj)
 .text.move_thread_to_end_of_prio_q
                0x000000000800aa94       0x90 zephyr/kernel/libkernel.a(sched.c.obj)
                0x000000000800aa94                move_thread_to_end_of_prio_q
 .text.z_impl_k_thread_suspend
                0x000000000800ab24       0xf0 zephyr/kernel/libkernel.a(sched.c.obj)
                0x000000000800ab24                z_impl_k_thread_suspend
 .text.z_pend_curr
                0x000000000800ac14       0x44 zephyr/kernel/libkernel.a(sched.c.obj)
                0x000000000800ac14                z_pend_curr
 .text.z_thread_prio_set
                0x000000000800ac58       0xe4 zephyr/kernel/libkernel.a(sched.c.obj)
                0x000000000800ac58                z_thread_prio_set
 .text.z_reschedule
                0x000000000800ad3c       0x24 zephyr/kernel/libkernel.a(sched.c.obj)
                0x000000000800ad3c                z_reschedule
 .text.z_impl_k_thread_resume
                0x000000000800ad60       0x3c zephyr/kernel/libkernel.a(sched.c.obj)
                0x000000000800ad60                z_impl_k_thread_resume
 .text.z_reschedule_irqlock
                0x000000000800ad9c       0x28 zephyr/kernel/libkernel.a(sched.c.obj)
                0x000000000800ad9c                z_reschedule_irqlock
 .text.k_sched_lock
                0x000000000800adc4       0x28 zephyr/kernel/libkernel.a(sched.c.obj)
                0x000000000800adc4                k_sched_lock
 .text.k_sched_unlock
                0x000000000800adec       0x68 zephyr/kernel/libkernel.a(sched.c.obj)
                0x000000000800adec                k_sched_unlock
 .text.z_sched_init
                0x000000000800ae54       0x10 zephyr/kernel/libkernel.a(sched.c.obj)
                0x000000000800ae54                z_sched_init
 .text.z_impl_k_yield
                0x000000000800ae64       0x88 zephyr/kernel/libkernel.a(sched.c.obj)
                0x000000000800ae64                z_impl_k_yield
 .text.z_tick_sleep
                0x000000000800aeec       0x78 zephyr/kernel/libkernel.a(sched.c.obj)
 .text.z_impl_k_wakeup
                0x000000000800af64       0x48 zephyr/kernel/libkernel.a(sched.c.obj)
                0x000000000800af64                z_impl_k_wakeup
 .text.z_impl_k_sched_current_thread_query
                0x000000000800afac        0xc zephyr/kernel/libkernel.a(sched.c.obj)
                0x000000000800afac                z_impl_k_sched_current_thread_query
 .text.z_thread_abort
                0x000000000800afb8      0x144 zephyr/kernel/libkernel.a(sched.c.obj)
                0x000000000800afb8                z_thread_abort
 .text.z_sched_wait
                0x000000000800b0fc       0x24 zephyr/kernel/libkernel.a(sched.c.obj)
                0x000000000800b0fc                z_sched_wait
 .text.slice_timeout
                0x000000000800b120       0x20 zephyr/kernel/libkernel.a(timeslicing.c.obj)
 .text.thread_is_sliceable
                0x000000000800b140       0x3c zephyr/kernel/libkernel.a(timeslicing.c.obj)
                0x000000000800b140                thread_is_sliceable
 .text.z_reset_time_slice
                0x000000000800b17c       0x50 zephyr/kernel/libkernel.a(timeslicing.c.obj)
                0x000000000800b17c                z_reset_time_slice
 .text.z_time_slice
                0x000000000800b1cc       0x60 zephyr/kernel/libkernel.a(timeslicing.c.obj)
                0x000000000800b1cc                z_time_slice
 .text.z_thread_monitor_exit
                0x000000000800b22c       0x44 zephyr/kernel/libkernel.a(thread_monitor.c.obj)
                0x000000000800b22c                z_thread_monitor_exit
 .text.k_thread_foreach
                0x000000000800b270       0x34 zephyr/kernel/libkernel.a(thread_monitor.c.obj)
                0x000000000800b270                k_thread_foreach
 .text.k_thread_foreach_unlocked
                0x000000000800b2a4       0x4c zephyr/kernel/libkernel.a(thread_monitor.c.obj)
                0x000000000800b2a4                k_thread_foreach_unlocked
 .text.z_data_copy
                0x000000000800b2f0       0x50 zephyr/kernel/libkernel.a(xip.c.obj)
                0x000000000800b2f0                z_data_copy
 .text.first    0x000000000800b340       0x10 zephyr/kernel/libkernel.a(timeout.c.obj)
 .text.elapsed  0x000000000800b350       0x14 zephyr/kernel/libkernel.a(timeout.c.obj)
 .text.remove_timeout
                0x000000000800b364       0x38 zephyr/kernel/libkernel.a(timeout.c.obj)
 .text.z_add_timeout
                0x000000000800b39c      0x120 zephyr/kernel/libkernel.a(timeout.c.obj)
                0x000000000800b39c                z_add_timeout
 .text.sys_clock_announce
                0x000000000800b4bc       0xb4 zephyr/kernel/libkernel.a(timeout.c.obj)
                0x000000000800b4bc                sys_clock_announce
 .text.sys_clock_tick_get
                0x000000000800b570       0x30 zephyr/kernel/libkernel.a(timeout.c.obj)
                0x000000000800b570                sys_clock_tick_get
 .text.z_timer_expiration_handler
                0x000000000800b5a0      0x110 zephyr/kernel/libkernel.a(timer.c.obj)
                0x000000000800b5a0                z_timer_expiration_handler
 .text.z_impl_k_timer_start
                0x000000000800b6b0       0x70 zephyr/kernel/libkernel.a(timer.c.obj)
                0x000000000800b6b0                z_impl_k_timer_start
 .text.clear_event_registrations
                0x000000000800b720       0x60 zephyr/kernel/libkernel.a(poll.c.obj)
 .text.z_impl_k_poll
                0x000000000800b780       0xb0 zephyr/kernel/libkernel.a(poll.c.obj)
                0x000000000800b780                z_impl_k_poll
 .text.z_impl_k_poll_signal_raise
                0x000000000800b830       0x50 zephyr/kernel/libkernel.a(poll.c.obj)
                0x000000000800b830                z_impl_k_poll_signal_raise
 .text.z_sched_usage_start
                0x000000000800b880       0x44 zephyr/kernel/libkernel.a(usage.c.obj)
                0x000000000800b880                z_sched_usage_start
 .text.z_sched_usage_stop
                0x000000000800b8c4       0x50 zephyr/kernel/libkernel.a(usage.c.obj)
                0x000000000800b8c4                z_sched_usage_stop
 .text.z_sched_cpu_usage
                0x000000000800b914       0xa4 zephyr/kernel/libkernel.a(usage.c.obj)
                0x000000000800b914                z_sched_cpu_usage
 .text.z_sched_thread_usage
                0x000000000800b9b8       0x98 zephyr/kernel/libkernel.a(usage.c.obj)
                0x000000000800b9b8                z_sched_thread_usage
 .text.k_thread_system_pool_assign
                0x000000000800ba50        0xc zephyr/kernel/libkernel.a(mempool.c.obj)
                0x000000000800ba50                k_thread_system_pool_assign
 .text.boot_banner
                0x000000000800ba5c        0xc zephyr/kernel/libkernel.a(banner.c.obj)
                0x000000000800ba5c                boot_banner
 .text.statics_init
                0x000000000800ba68       0x24 zephyr/kernel/libkernel.a(kheap.c.obj)
 .text.k_sys_work_q_init
                0x000000000800ba8c       0x2c zephyr/kernel/libkernel.a(system_work_q.c.obj)
 .text.gmtime_r
                0x000000000800bab8      0x15c c:\zephyr-sdk-0.17.2\arm-zephyr-eabi\bin\../lib/gcc/../../picolibc/arm-zephyr-eabi/lib/thumb/v7e-m+fp/hard\libc.a(libc_time_gmtime_r.c.o)
                0x000000000800bab8                gmtime_r
 .text.snprintf
                0x000000000800bc14       0x54 c:\zephyr-sdk-0.17.2\arm-zephyr-eabi\bin\../lib/gcc/../../picolibc/arm-zephyr-eabi/lib/thumb/v7e-m+fp/hard\libc.a(libc_tinystdio_snprintf.c.o)
                0x000000000800bc14                snprintf
 .text.strtol   0x000000000800bc68       0xec c:\zephyr-sdk-0.17.2\arm-zephyr-eabi\bin\../lib/gcc/../../picolibc/arm-zephyr-eabi/lib/thumb/v7e-m+fp/hard\libc.a(libc_tinystdio_strtol.c.o)
                0x000000000800bc68                strtol
 .text.strtoul  0x000000000800bd54       0xcc c:\zephyr-sdk-0.17.2\arm-zephyr-eabi\bin\../lib/gcc/../../picolibc/arm-zephyr-eabi/lib/thumb/v7e-m+fp/hard\libc.a(libc_tinystdio_strtoul.c.o)
                0x000000000800bd54                strtoul
 .text.skip_to_arg
                0x000000000800be20      0x138 c:\zephyr-sdk-0.17.2\arm-zephyr-eabi\bin\../lib/gcc/../../picolibc/arm-zephyr-eabi/lib/thumb/v7e-m+fp/hard\libc.a(libc_tinystdio_vfprintf.c.o)
 .text.vfprintf
                0x000000000800bf58      0x9bc c:\zephyr-sdk-0.17.2\arm-zephyr-eabi\bin\../lib/gcc/../../picolibc/arm-zephyr-eabi/lib/thumb/v7e-m+fp/hard\libc.a(libc_tinystdio_vfprintf.c.o)
                0x000000000800bf58                __d_vfprintf
 .text.div10    0x000000000800c914       0x28 c:\zephyr-sdk-0.17.2\arm-zephyr-eabi\bin\../lib/gcc/../../picolibc/arm-zephyr-eabi/lib/thumb/v7e-m+fp/hard\libc.a(libc_tinystdio_dtoa_ryu.c.o)
 .text.__dtoa_engine
                0x000000000800c93c      0x4b0 c:\zephyr-sdk-0.17.2\arm-zephyr-eabi\bin\../lib/gcc/../../picolibc/arm-zephyr-eabi/lib/thumb/v7e-m+fp/hard\libc.a(libc_tinystdio_dtoa_ryu.c.o)
                0x000000000800c93c                __dtoa_engine
 .text.__log10Pow2
                0x000000000800cdec        0xc c:\zephyr-sdk-0.17.2\arm-zephyr-eabi\bin\../lib/gcc/../../picolibc/arm-zephyr-eabi/lib/thumb/v7e-m+fp/hard\libc.a(libc_tinystdio_ryu_log10.c.o)
                0x000000000800cdec                __log10Pow2
 .text.__log10Pow5
                0x000000000800cdf8        0xc c:\zephyr-sdk-0.17.2\arm-zephyr-eabi\bin\../lib/gcc/../../picolibc/arm-zephyr-eabi/lib/thumb/v7e-m+fp/hard\libc.a(libc_tinystdio_ryu_log10.c.o)
                0x000000000800cdf8                __log10Pow5
 .text.__pow5bits
                0x000000000800ce04       0x10 c:\zephyr-sdk-0.17.2\arm-zephyr-eabi\bin\../lib/gcc/../../picolibc/arm-zephyr-eabi/lib/thumb/v7e-m+fp/hard\libc.a(libc_tinystdio_ryu_pow5bits.c.o)
                0x000000000800ce04                __pow5bits
 .text.__pow5Factor
                0x000000000800ce14       0x30 c:\zephyr-sdk-0.17.2\arm-zephyr-eabi\bin\../lib/gcc/../../picolibc/arm-zephyr-eabi/lib/thumb/v7e-m+fp/hard\libc.a(libc_tinystdio_ryu_table.c.o)
                0x000000000800ce14                __pow5Factor
 .text.__double_computePow5
                0x000000000800ce44       0xe8 c:\zephyr-sdk-0.17.2\arm-zephyr-eabi\bin\../lib/gcc/../../picolibc/arm-zephyr-eabi/lib/thumb/v7e-m+fp/hard\libc.a(libc_tinystdio_ryu_table.c.o)
                0x000000000800ce44                __double_computePow5
 .text.__double_computeInvPow5
                0x000000000800cf2c       0xf8 c:\zephyr-sdk-0.17.2\arm-zephyr-eabi\bin\../lib/gcc/../../picolibc/arm-zephyr-eabi/lib/thumb/v7e-m+fp/hard\libc.a(libc_tinystdio_ryu_table.c.o)
                0x000000000800cf2c                __double_computeInvPow5
 .text._OffsetAbsSyms
                0x000000000800d024        0x2 zephyr/CMakeFiles/offsets.dir/./arch/arm/core/offsets/offsets.c.obj
                0x000000000800d024                _OffsetAbsSyms
 .text.gpio_pin_configure_dt
                0x000000000800d026       0x3e app/libapp.a(main.c.obj)
 .text.gpio_pin_toggle_dt.isra.0
                0x000000000800d064       0x10 app/libapp.a(main.c.obj)
 .text.gpio_pin_set_dt.isra.0
                0x000000000800d074       0x28 app/libapp.a(main.c.obj)
 .text.is_string_number
                0x000000000800d09c       0x20 app/libapp.a(main.c.obj)
                0x000000000800d09c                is_string_number
 .text.chunk_size
                0x000000000800d0bc        0xa zephyr/libzephyr.a(heap.c.obj)
 .text.free_list_add
                0x000000000800d0c6       0x4e zephyr/libzephyr.a(heap.c.obj)
 .text.sys_heap_init
                0x000000000800d114       0x7a zephyr/libzephyr.a(heap.c.obj)
                0x000000000800d114                sys_heap_init
 .text.cbpprintf_external
                0x000000000800d18e       0x62 zephyr/libzephyr.a(cbprintf_packaged.c.obj)
                0x000000000800d18e                cbpprintf_external
 .text.is_ptr   0x000000000800d1f0       0x4a zephyr/libzephyr.a(cbprintf_packaged.c.obj)
                0x000000000800d1f0                is_ptr
 .text.arch_printk_char_out
                0x000000000800d23a        0x4 zephyr/libzephyr.a(printk.c.obj)
                0x000000000800d23a                arch_printk_char_out
 .text.printk   0x000000000800d23e       0x1a zephyr/libzephyr.a(printk.c.obj)
                0x000000000800d23e                printk
 .text.free_space
                0x000000000800d258       0x26 zephyr/libzephyr.a(mpsc_pbuf.c.obj)
 .text.get_usage
                0x000000000800d27e       0x22 zephyr/libzephyr.a(mpsc_pbuf.c.obj)
 .text.idx_inc  0x000000000800d2a0       0x1c zephyr/libzephyr.a(mpsc_pbuf.c.obj)
 .text.rd_idx_inc
                0x000000000800d2bc       0x18 zephyr/libzephyr.a(mpsc_pbuf.c.obj)
 .text.add_skip_item
                0x000000000800d2d4       0x3a zephyr/libzephyr.a(mpsc_pbuf.c.obj)
 .text.drop_item_locked
                0x000000000800d30e       0xfe zephyr/libzephyr.a(mpsc_pbuf.c.obj)
 .text.post_drop_action
                0x000000000800d40c       0x36 zephyr/libzephyr.a(mpsc_pbuf.c.obj)
 .text.max_utilization_update
                0x000000000800d442       0x1a zephyr/libzephyr.a(mpsc_pbuf.c.obj)
 .text.mpsc_pbuf_init
                0x000000000800d45c       0x42 zephyr/libzephyr.a(mpsc_pbuf.c.obj)
                0x000000000800d45c                mpsc_pbuf_init
 .text.mpsc_pbuf_alloc
                0x000000000800d49e       0xfe zephyr/libzephyr.a(mpsc_pbuf.c.obj)
                0x000000000800d49e                mpsc_pbuf_alloc
 .text.mpsc_pbuf_commit
                0x000000000800d59c       0x3e zephyr/libzephyr.a(mpsc_pbuf.c.obj)
                0x000000000800d59c                mpsc_pbuf_commit
 .text.mpsc_pbuf_claim
                0x000000000800d5da       0xa8 zephyr/libzephyr.a(mpsc_pbuf.c.obj)
                0x000000000800d5da                mpsc_pbuf_claim
 .text.mpsc_pbuf_free
                0x000000000800d682       0x76 zephyr/libzephyr.a(mpsc_pbuf.c.obj)
                0x000000000800d682                mpsc_pbuf_free
 .text.mpsc_pbuf_is_pending
                0x000000000800d6f8       0x32 zephyr/libzephyr.a(mpsc_pbuf.c.obj)
                0x000000000800d6f8                mpsc_pbuf_is_pending
 .text.ring_buf_area_claim
                0x000000000800d72a       0x30 zephyr/libzephyr.a(ring_buffer.c.obj)
                0x000000000800d72a                ring_buf_area_claim
 .text.ring_buf_put_claim
                0x000000000800d75a       0x1e zephyr/libzephyr.a(ring_buffer.c.obj)
 .text.ring_buf_get_claim
                0x000000000800d778       0x1e zephyr/libzephyr.a(ring_buffer.c.obj)
 .text.ring_buf_area_finish
                0x000000000800d796       0x32 zephyr/libzephyr.a(ring_buffer.c.obj)
                0x000000000800d796                ring_buf_area_finish
 .text.ring_buf_put
                0x000000000800d7c8       0x40 zephyr/libzephyr.a(ring_buffer.c.obj)
                0x000000000800d7c8                ring_buf_put
 .text.ring_buf_get
                0x000000000800d808       0x44 zephyr/libzephyr.a(ring_buffer.c.obj)
                0x000000000800d808                ring_buf_get
 .text._ConfigAbsSyms
                0x000000000800d84c        0x2 zephyr/libzephyr.a(configs.c.obj)
                0x000000000800d84c                _ConfigAbsSyms
 .text.HAL_Delay
                0x000000000800d84e       0x16 zephyr/libzephyr.a(stm32cube_hal.c.obj)
                0x000000000800d84e                HAL_Delay
 .text.log_msg_generic_get_wlen
                0x000000000800d864       0x20 zephyr/libzephyr.a(log_core.c.obj)
 .text.dummy_timestamp
                0x000000000800d884        0x4 zephyr/libzephyr.a(log_core.c.obj)
 .text.atomic_inc
                0x000000000800d888       0x1a zephyr/libzephyr.a(log_core.c.obj)
 .text.default_lf_get_timestamp
                0x000000000800d8a2       0x10 zephyr/libzephyr.a(log_core.c.obj)
 .text.z_log_vprintk
                0x000000000800d8b2       0x1c zephyr/libzephyr.a(log_core.c.obj)
                0x000000000800d8b2                z_log_vprintk
 .text.z_log_notify_drop
                0x000000000800d8ce        0x6 zephyr/libzephyr.a(log_core.c.obj)
 .text.z_log_get_tag
                0x000000000800d8d4        0x4 zephyr/libzephyr.a(log_core.c.obj)
                0x000000000800d8d4                z_log_get_tag
 .text.z_impl_log_filter_set
                0x000000000800d8d8       0x10 zephyr/libzephyr.a(log_mgmt.c.obj)
                0x000000000800d8d8                z_impl_log_filter_set
 .text.log_backend_enable
                0x000000000800d8e8       0x22 zephyr/libzephyr.a(log_mgmt.c.obj)
                0x000000000800d8e8                log_backend_enable
 .text.log_backend_disable
                0x000000000800d90a       0x18 zephyr/libzephyr.a(log_mgmt.c.obj)
                0x000000000800d90a                log_backend_disable
 .text.z_cbprintf_cpy
                0x000000000800d922       0x2e zephyr/libzephyr.a(log_msg.c.obj)
 .text.z_log_msg_finalize
                0x000000000800d950       0x32 zephyr/libzephyr.a(log_msg.c.obj)
                0x000000000800d950                z_log_msg_finalize
 .text.z_log_msg_simple_create
                0x000000000800d982       0x6e zephyr/libzephyr.a(log_msg.c.obj)
 .text.z_impl_z_log_msg_simple_create_0
                0x000000000800d9f0       0x12 zephyr/libzephyr.a(log_msg.c.obj)
                0x000000000800d9f0                z_impl_z_log_msg_simple_create_0
 .text.z_impl_z_log_msg_simple_create_1
                0x000000000800da02       0x14 zephyr/libzephyr.a(log_msg.c.obj)
                0x000000000800da02                z_impl_z_log_msg_simple_create_1
 .text.z_impl_z_log_msg_simple_create_2
                0x000000000800da16       0x18 zephyr/libzephyr.a(log_msg.c.obj)
                0x000000000800da16                z_impl_z_log_msg_simple_create_2
 .text.log_output_write
                0x000000000800da2e       0x1c zephyr/libzephyr.a(log_output.c.obj)
 .text.log_output_flush
                0x000000000800da4a       0x1a zephyr/libzephyr.a(log_output.c.obj)
 .text.out_func
                0x000000000800da64       0x36 zephyr/libzephyr.a(log_output.c.obj)
 .text.cr_out_func
                0x000000000800da9a       0x1c zephyr/libzephyr.a(log_output.c.obj)
 .text.log_output_msg_process
                0x000000000800dab6       0x6a zephyr/libzephyr.a(log_output.c.obj)
                0x000000000800dab6                log_output_msg_process
 .text.z_log_msg_simple_create_1
                0x000000000800db20        0x4 zephyr/libzephyr.a(usb_device.c.obj)
 .text.get_ep_bm_from_addr
                0x000000000800db24       0x1c zephyr/libzephyr.a(usb_device.c.obj)
 .text.usb_device_init
                0x000000000800db40        0x6 zephyr/libzephyr.a(usb_device.c.obj)
 .text.usb_get_dev_data_by_cfg
                0x000000000800db46       0x18 zephyr/libzephyr.a(usb_descriptor.c.obj)
                0x000000000800db46                usb_get_dev_data_by_cfg
 .text.usb_get_dev_data_by_iface
                0x000000000800db5e       0x1c zephyr/libzephyr.a(usb_descriptor.c.obj)
                0x000000000800db5e                usb_get_dev_data_by_iface
 .text.usb_get_dev_data_by_ep
                0x000000000800db7a       0x2c zephyr/libzephyr.a(usb_descriptor.c.obj)
                0x000000000800db7a                usb_get_dev_data_by_ep
 .text.usb_transfer_is_busy
                0x000000000800dba6       0x16 zephyr/libzephyr.a(usb_transfer.c.obj)
                0x000000000800dba6                usb_transfer_is_busy
 .text.cdc_interface_config
                0x000000000800dbbc       0x14 zephyr/libzephyr.a(cdc_acm.c.obj)
 .text.cdc_acm_irq_callback_work_handler
                0x000000000800dbd0        0xa zephyr/libzephyr.a(cdc_acm.c.obj)
 .text.cdc_acm_irq_tx_disable
                0x000000000800dbda        0xa zephyr/libzephyr.a(cdc_acm.c.obj)
 .text.cdc_acm_irq_tx_ready
                0x000000000800dbe4       0x20 zephyr/libzephyr.a(cdc_acm.c.obj)
 .text.cdc_acm_irq_rx_disable
                0x000000000800dc04        0xa zephyr/libzephyr.a(cdc_acm.c.obj)
 .text.cdc_acm_irq_rx_ready
                0x000000000800dc0e        0xe zephyr/libzephyr.a(cdc_acm.c.obj)
 .text.cdc_acm_irq_is_pending
                0x000000000800dc1c       0x1c zephyr/libzephyr.a(cdc_acm.c.obj)
 .text.cdc_acm_irq_callback_set
                0x000000000800dc38        0x8 zephyr/libzephyr.a(cdc_acm.c.obj)
 .text.cdc_acm_line_ctrl_get
                0x000000000800dc40       0x32 zephyr/libzephyr.a(cdc_acm.c.obj)
 .text.cdc_acm_configure
                0x000000000800dc72       0x18 zephyr/libzephyr.a(cdc_acm.c.obj)
 .text.cdc_acm_config_get
                0x000000000800dc8a       0x5c zephyr/libzephyr.a(cdc_acm.c.obj)
 .text.cdc_acm_line_ctrl_set
                0x000000000800dce6       0xbe zephyr/libzephyr.a(cdc_acm.c.obj)
 .text.cdc_acm_fifo_read
                0x000000000800dda4       0x48 zephyr/libzephyr.a(cdc_acm.c.obj)
 .text.cdc_acm_poll_in
                0x000000000800ddec       0x12 zephyr/libzephyr.a(cdc_acm.c.obj)
 .text.cdc_acm_irq_update
                0x000000000800ddfe       0x30 zephyr/libzephyr.a(cdc_acm.c.obj)
 .text.thread_valid_cb
                0x000000000800de2e        0xc zephyr/libzephyr.a(thread.c.obj)
 .text.log_msg_generic_get_wlen
                0x000000000800de3a       0x20 zephyr/libzephyr.a(shell_uart.c.obj)
 .text.uart_irq_tx_disable
                0x000000000800de5a        0xa zephyr/libzephyr.a(shell_uart.c.obj)
 .text.enable   0x000000000800de64       0x12 zephyr/libzephyr.a(shell_uart.c.obj)
 .text.read_uart
                0x000000000800de76       0x12 zephyr/libzephyr.a(shell_uart.c.obj)
 .text.uninit   0x000000000800de88       0x20 zephyr/libzephyr.a(shell_uart.c.obj)
 .text.write_uart
                0x000000000800dea8       0x6c zephyr/libzephyr.a(shell_uart.c.obj)
 .text.cmd_buffer_clear
                0x000000000800df14       0x16 zephyr/libzephyr.a(shell.c.obj)
 .text.atomic_or
                0x000000000800df2a       0x1e zephyr/libzephyr.a(shell.c.obj)
 .text.atomic_and
                0x000000000800df48       0x1e zephyr/libzephyr.a(shell.c.obj)
 .text.k_mutex_lock
                0x000000000800df66        0x4 zephyr/libzephyr.a(shell.c.obj)
 .text.shell_signal_handle
                0x000000000800df6a       0x2c zephyr/libzephyr.a(shell.c.obj)
 .text.z_shell_raw_fprintf
                0x000000000800df96       0x1a zephyr/libzephyr.a(shell.c.obj)
 .text.z_shell_strlen
                0x000000000800dfb0        0xc zephyr/libzephyr.a(shell.c.obj)
 .text.transport_evt_handler
                0x000000000800dfbc       0x14 zephyr/libzephyr.a(shell.c.obj)
 .text.z_flag_cmd_ctx_set.isra.0
                0x000000000800dfd0       0x16 zephyr/libzephyr.a(shell.c.obj)
 .text.z_flag_history_exit_set.isra.0
                0x000000000800dfe6       0x14 zephyr/libzephyr.a(shell.c.obj)
 .text.z_flag_insert_mode_set.isra.0
                0x000000000800dffa       0x1e zephyr/libzephyr.a(shell.c.obj)
 .text.k_mutex_unlock.isra.0
                0x000000000800e018        0x4 zephyr/libzephyr.a(shell.c.obj)
 .text.shell_log_process
                0x000000000800e01c       0x48 zephyr/libzephyr.a(shell.c.obj)
 .text.shell_start
                0x000000000800e064       0x6e zephyr/libzephyr.a(shell.c.obj)
                0x000000000800e064                shell_start
 .text.shell_vfprintf
                0x000000000800e0d2       0x8c zephyr/libzephyr.a(shell.c.obj)
                0x000000000800e0d2                shell_vfprintf
 .text.shell_fprintf_impl
                0x000000000800e15e       0x1a zephyr/libzephyr.a(shell.c.obj)
                0x000000000800e15e                shell_fprintf_impl
 .text.shell_fprintf_normal
                0x000000000800e178       0x1c zephyr/libzephyr.a(shell.c.obj)
                0x000000000800e178                shell_fprintf_normal
 .text.shell_fprintf_warn
                0x000000000800e194       0x1c zephyr/libzephyr.a(shell.c.obj)
                0x000000000800e194                shell_fprintf_warn
 .text.shell_fprintf_error
                0x000000000800e1b0       0x1c zephyr/libzephyr.a(shell.c.obj)
                0x000000000800e1b0                shell_fprintf_error
 .text.shell_prompt_change
                0x000000000800e1cc       0x5c zephyr/libzephyr.a(shell.c.obj)
                0x000000000800e1cc                shell_prompt_change
 .text.shell_help
                0x000000000800e228       0x2c zephyr/libzephyr.a(shell.c.obj)
                0x000000000800e228                shell_help
 .text.shell_get_return_value
                0x000000000800e254       0x10 zephyr/libzephyr.a(shell.c.obj)
                0x000000000800e254                shell_get_return_value
 .text.shell_set_bypass
                0x000000000800e264        0xc zephyr/libzephyr.a(shell.c.obj)
                0x000000000800e264                shell_set_bypass
 .text.z_shell_fprintf_buffer_flush
                0x000000000800e270       0x18 zephyr/libzephyr.a(shell_fprintf.c.obj)
                0x000000000800e270                z_shell_fprintf_buffer_flush
 .text.out_func
                0x000000000800e288       0x3c zephyr/libzephyr.a(shell_fprintf.c.obj)
 .text.z_shell_strlen
                0x000000000800e2c4        0xc zephyr/libzephyr.a(shell_utils.c.obj)
 .text.z_column_span_with_buffer_offsets_get
                0x000000000800e2d0       0x1e zephyr/libzephyr.a(shell_utils.c.obj)
                0x000000000800e2d0                z_column_span_with_buffer_offsets_get
 .text.z_row_span_with_buffer_offsets_get
                0x000000000800e2ee       0x16 zephyr/libzephyr.a(shell_utils.c.obj)
                0x000000000800e2ee                z_row_span_with_buffer_offsets_get
 .text.z_shell_multiline_data_calc
                0x000000000800e304       0x2c zephyr/libzephyr.a(shell_utils.c.obj)
                0x000000000800e304                z_shell_multiline_data_calc
 .text.z_shell_make_argv
                0x000000000800e330      0x1a0 zephyr/libzephyr.a(shell_utils.c.obj)
                0x000000000800e330                z_shell_make_argv
 .text.z_shell_pattern_remove
                0x000000000800e4d0       0x4e zephyr/libzephyr.a(shell_utils.c.obj)
                0x000000000800e4d0                z_shell_pattern_remove
 .text.z_shell_find_cmd
                0x000000000800e51e       0x56 zephyr/libzephyr.a(shell_utils.c.obj)
                0x000000000800e51e                z_shell_find_cmd
 .text.z_shell_get_last_command
                0x000000000800e574       0x5c zephyr/libzephyr.a(shell_utils.c.obj)
                0x000000000800e574                z_shell_get_last_command
 .text.z_shell_spaces_trim
                0x000000000800e5d0       0x62 zephyr/libzephyr.a(shell_utils.c.obj)
                0x000000000800e5d0                z_shell_spaces_trim
 .text.z_shell_cmd_trim
                0x000000000800e632       0x76 zephyr/libzephyr.a(shell_utils.c.obj)
                0x000000000800e632                z_shell_cmd_trim
 .text.z_shell_raw_fprintf
                0x000000000800e6a8       0x1a zephyr/libzephyr.a(shell_ops.c.obj)
 .text.full_line_cmd.isra.0
                0x000000000800e6c2       0x24 zephyr/libzephyr.a(shell_ops.c.obj)
 .text.z_shell_cursor_in_empty_line
                0x000000000800e6e6       0x2e zephyr/libzephyr.a(shell_ops.c.obj)
                0x000000000800e6e6                z_shell_cursor_in_empty_line
 .text.z_shell_op_cond_next_line
                0x000000000800e714       0x1e zephyr/libzephyr.a(shell_ops.c.obj)
                0x000000000800e714                z_shell_op_cond_next_line
 .text.z_shell_op_cursor_position_synchronize
                0x000000000800e732       0x4a zephyr/libzephyr.a(shell_ops.c.obj)
                0x000000000800e732                z_shell_op_cursor_position_synchronize
 .text.z_shell_op_cursor_move
                0x000000000800e77c       0x52 zephyr/libzephyr.a(shell_ops.c.obj)
                0x000000000800e77c                z_shell_op_cursor_move
 .text.z_shell_op_cursor_word_move
                0x000000000800e7ce       0x7c zephyr/libzephyr.a(shell_ops.c.obj)
                0x000000000800e7ce                z_shell_op_cursor_word_move
 .text.z_shell_op_cursor_home_move
                0x000000000800e84a        0xe zephyr/libzephyr.a(shell_ops.c.obj)
                0x000000000800e84a                z_shell_op_cursor_home_move
 .text.z_shell_op_cursor_end_move
                0x000000000800e858       0x12 zephyr/libzephyr.a(shell_ops.c.obj)
                0x000000000800e858                z_shell_op_cursor_end_move
 .text.z_shell_op_left_arrow
                0x000000000800e86a       0x12 zephyr/libzephyr.a(shell_ops.c.obj)
                0x000000000800e86a                z_shell_op_left_arrow
 .text.z_shell_op_right_arrow
                0x000000000800e87c       0x16 zephyr/libzephyr.a(shell_ops.c.obj)
                0x000000000800e87c                z_shell_op_right_arrow
 .text.z_shell_op_delete_from_cursor
                0x000000000800e892       0x1c zephyr/libzephyr.a(shell_ops.c.obj)
                0x000000000800e892                z_shell_op_delete_from_cursor
 .text.z_shell_cmd_line_erase
                0x000000000800e8ae       0x38 zephyr/libzephyr.a(shell_ops.c.obj)
                0x000000000800e8ae                z_shell_cmd_line_erase
 .text.z_shell_write
                0x000000000800e8e6       0x88 zephyr/libzephyr.a(shell_ops.c.obj)
                0x000000000800e8e6                z_shell_write
 .text.z_shell_print_stream
                0x000000000800e96e        0x4 zephyr/libzephyr.a(shell_ops.c.obj)
                0x000000000800e96e                z_shell_print_stream
 .text.z_shell_vfprintf
                0x000000000800e972       0x4a zephyr/libzephyr.a(shell_ops.c.obj)
                0x000000000800e972                z_shell_vfprintf
 .text.z_shell_fprintf
                0x000000000800e9bc       0x1a zephyr/libzephyr.a(shell_ops.c.obj)
                0x000000000800e9bc                z_shell_fprintf
 .text.data_insert
                0x000000000800e9d6       0x74 zephyr/libzephyr.a(shell_ops.c.obj)
 .text.z_shell_op_completion_insert
                0x000000000800ea4a        0x4 zephyr/libzephyr.a(shell_ops.c.obj)
                0x000000000800ea4a                z_shell_op_completion_insert
 .text.z_shell_op_char_delete
                0x000000000800ea4e       0x3e zephyr/libzephyr.a(shell_ops.c.obj)
                0x000000000800ea4e                z_shell_op_char_delete
 .text.z_shell_op_char_backspace
                0x000000000800ea8c       0x26 zephyr/libzephyr.a(shell_ops.c.obj)
                0x000000000800ea8c                z_shell_op_char_backspace
 .text.z_shell_backend_rx_buffer_flush
                0x000000000800eab2       0x2a zephyr/libzephyr.a(shell_ops.c.obj)
                0x000000000800eab2                z_shell_backend_rx_buffer_flush
 .text.process_msg_from_buffer
                0x000000000800eadc       0x34 zephyr/libzephyr.a(shell_log_backend.c.obj)
 .text.dropped  0x000000000800eb10       0x38 zephyr/libzephyr.a(shell_log_backend.c.obj)
 .text.process  0x000000000800eb48      0x124 zephyr/libzephyr.a(shell_log_backend.c.obj)
 .text.z_shell_log_backend_output_func
                0x000000000800ec6c       0x14 zephyr/libzephyr.a(shell_log_backend.c.obj)
                0x000000000800ec6c                z_shell_log_backend_output_func
 .text.z_shell_log_backend_enable
                0x000000000800ec80       0x2e zephyr/libzephyr.a(shell_log_backend.c.obj)
                0x000000000800ec80                z_shell_log_backend_enable
 .text.z_shell_log_backend_disable
                0x000000000800ecae       0x12 zephyr/libzephyr.a(shell_log_backend.c.obj)
                0x000000000800ecae                z_shell_log_backend_disable
 .text.panic    0x000000000800ecc0       0x74 zephyr/libzephyr.a(shell_log_backend.c.obj)
 .text.z_shell_log_backend_process
                0x000000000800ed34       0x66 zephyr/libzephyr.a(shell_log_backend.c.obj)
                0x000000000800ed34                z_shell_log_backend_process
 .text.z_shell_raw_fprintf
                0x000000000800ed9a       0x1a zephyr/libzephyr.a(shell_help.c.obj)
 .text.formatted_text_print.constprop.0
                0x000000000800edb4       0xd4 zephyr/libzephyr.a(shell_help.c.obj)
 .text.cmd_comment
                0x000000000800ee88        0x4 zephyr/libzephyr.a(shell_cmds.c.obj)
 .text.cmd_shell_stats_reset
                0x000000000800ee8c        0x8 zephyr/libzephyr.a(shell_cmds.c.obj)
 .text.z_shell_raw_fprintf
                0x000000000800ee94       0x1a zephyr/libzephyr.a(shell_cmds.c.obj)
 .text.cmd_prompt_on
                0x000000000800eeae        0xc zephyr/libzephyr.a(shell_cmds.c.obj)
 .text.cmd_vt100_off
                0x000000000800eeba       0x22 zephyr/libzephyr.a(shell_cmds.c.obj)
 .text.cmd_bacskpace_mode_delete
                0x000000000800eedc       0x22 zephyr/libzephyr.a(shell_cmds.c.obj)
 .text.cmd_colors_off
                0x000000000800eefe       0x22 zephyr/libzephyr.a(shell_cmds.c.obj)
 .text.cmd_bacskpace_mode_backspace
                0x000000000800ef20       0x22 zephyr/libzephyr.a(shell_cmds.c.obj)
 .text.cmd_echo_off
                0x000000000800ef42       0x22 zephyr/libzephyr.a(shell_cmds.c.obj)
 .text.cmd_colors_on
                0x000000000800ef64       0x22 zephyr/libzephyr.a(shell_cmds.c.obj)
 .text.cmd_vt100_on
                0x000000000800ef86       0x22 zephyr/libzephyr.a(shell_cmds.c.obj)
 .text.cmd_echo_on
                0x000000000800efa8       0x22 zephyr/libzephyr.a(shell_cmds.c.obj)
 .text.remove_from_tail.part.0
                0x000000000800efca       0x24 zephyr/libzephyr.a(shell_history.c.obj)
 .text.z_shell_history_mode_exit
                0x000000000800efee        0x6 zephyr/libzephyr.a(shell_history.c.obj)
                0x000000000800efee                z_shell_history_mode_exit
 .text.z_shell_history_get
                0x000000000800eff4       0x56 zephyr/libzephyr.a(shell_history.c.obj)
                0x000000000800eff4                z_shell_history_get
 .text.z_shell_history_purge
                0x000000000800f04a       0x18 zephyr/libzephyr.a(shell_history.c.obj)
                0x000000000800f04a                z_shell_history_purge
 .text.z_shell_history_put
                0x000000000800f062       0xf0 zephyr/libzephyr.a(shell_history.c.obj)
                0x000000000800f062                z_shell_history_put
 .text.z_shell_history_init
                0x000000000800f152        0xc zephyr/libzephyr.a(shell_history.c.obj)
                0x000000000800f152                z_shell_history_init
 .text.z_shell_has_wildcard
                0x000000000800f15e       0x28 zephyr/libzephyr.a(shell_wildcard.c.obj)
                0x000000000800f15e                z_shell_has_wildcard
 .text.z_shell_wildcard_prepare
                0x000000000800f186       0x42 zephyr/libzephyr.a(shell_wildcard.c.obj)
                0x000000000800f186                z_shell_wildcard_prepare
 .text.z_shell_wildcard_finalize
                0x000000000800f1c8       0x20 zephyr/libzephyr.a(shell_wildcard.c.obj)
                0x000000000800f1c8                z_shell_wildcard_finalize
 .text.z_do_kernel_oops
                0x000000000800f1e8        0x8 zephyr/arch/arch/arm/core/libarch__arm__core.a(fatal.c.obj)
                0x000000000800f1e8                z_do_kernel_oops
 .text.z_arm_nmi
                0x000000000800f1f0        0xe zephyr/arch/arch/arm/core/libarch__arm__core.a(nmi.c.obj)
                0x000000000800f1f0                z_arm_nmi
 .text.z_log_msg_simple_create_0.constprop.0
                0x000000000800f1fe        0x8 zephyr/arch/arch/arm/core/cortex_m/libarch__arm__core__cortex_m.a(fault.c.obj)
 .text.z_irq_spurious
                0x000000000800f206        0x8 zephyr/arch/arch/arm/core/cortex_m/libarch__arm__core__cortex_m.a(irq_manage.c.obj)
                0x000000000800f206                z_irq_spurious